Archive member included to satisfy reference by file (symbol)

app/libapp.a(main.c.obj)      (--whole-archive)
app/libapp.a(rgbChange.c.obj)
                              (--whole-archive)
app/libapp.a(gpsToHuman.c.obj)
                              (--whole-archive)
app/libapp.a(rgb.c.obj)       (--whole-archive)
app/libapp.a(accelerometer.c.obj)
                              (--whole-archive)
app/libapp.a(temperature.c.obj)
                              (--whole-archive)
app/libapp.a(gps.c.obj)       (--whole-archive)
app/libapp.a(soil.c.obj)      (--whole-archive)
app/libapp.a(brightness.c.obj)
                              (--whole-archive)
app/libapp.a(distance.c.obj)  (--whole-archive)
zephyr/libzephyr.a(validate_libc.c.obj)
                              (--whole-archive)
zephyr/libzephyr.a(heap.c.obj)
                              (--whole-archive)
zephyr/libzephyr.a(cbprintf_packaged.c.obj)
                              (--whole-archive)
zephyr/libzephyr.a(clock.c.obj)
                              (--whole-archive)
zephyr/libzephyr.a(printk.c.obj)
                              (--whole-archive)
zephyr/libzephyr.a(sem.c.obj)
                              (--whole-archive)
zephyr/libzephyr.a(thread_entry.c.obj)
                              (--whole-archive)
zephyr/libzephyr.a(cbprintf_complete.c.obj)
                              (--whole-archive)
zephyr/libzephyr.a(assert.c.obj)
                              (--whole-archive)
zephyr/libzephyr.a(dec.c.obj)
                              (--whole-archive)
zephyr/libzephyr.a(hex.c.obj)
                              (--whole-archive)
zephyr/libzephyr.a(rb.c.obj)  (--whole-archive)
zephyr/libzephyr.a(timeutil.c.obj)
                              (--whole-archive)
zephyr/libzephyr.a(bitarray.c.obj)
                              (--whole-archive)
zephyr/libzephyr.a(bitmask.c.obj)
                              (--whole-archive)
zephyr/libzephyr.a(getopt.c.obj)
                              (--whole-archive)
zephyr/libzephyr.a(getopt_common.c.obj)
                              (--whole-archive)
zephyr/libzephyr.a(ring_buffer.c.obj)
                              (--whole-archive)
zephyr/libzephyr.a(last_section_id.c.obj)
                              (--whole-archive)
zephyr/libzephyr.a(configs.c.obj)
                              (--whole-archive)
zephyr/libzephyr.a(stm32cube_hal.c.obj)
                              (--whole-archive)
zephyr/libzephyr.a(soc_config.c.obj)
                              (--whole-archive)
zephyr/libzephyr.a(stm32_backup_domain.c.obj)
                              (--whole-archive)
zephyr/libzephyr.a(soc.c.obj)
                              (--whole-archive)
zephyr/libzephyr.a(mem_attr.c.obj)
                              (--whole-archive)
zephyr/libzephyr.a(tracing_none.c.obj)
                              (--whole-archive)
zephyr/arch/common/libarch__common.a(sw_isr_common.c.obj)
                              (--whole-archive)
zephyr/arch/common/libarch__common.a(init.c.obj)
                              (--whole-archive)
zephyr/arch/common/libarch__common.a(xip.c.obj)
                              (--whole-archive)
zephyr/arch/arch/arm/core/libarch__arm__core.a(fatal.c.obj)
                              (--whole-archive)
zephyr/arch/arch/arm/core/libarch__arm__core.a(nmi.c.obj)
                              (--whole-archive)
zephyr/arch/arch/arm/core/libarch__arm__core.a(nmi_on_reset.S.obj)
                              (--whole-archive)
zephyr/arch/arch/arm/core/libarch__arm__core.a(tls.c.obj)
                              (--whole-archive)
zephyr/arch/arch/arm/core/cortex_m/libarch__arm__core__cortex_m.a(exc_exit.c.obj)
                              (--whole-archive)
zephyr/arch/arch/arm/core/cortex_m/libarch__arm__core__cortex_m.a(fault.c.obj)
                              (--whole-archive)
zephyr/arch/arch/arm/core/cortex_m/libarch__arm__core__cortex_m.a(fault_s.S.obj)
                              (--whole-archive)
zephyr/arch/arch/arm/core/cortex_m/libarch__arm__core__cortex_m.a(fpu.c.obj)
                              (--whole-archive)
zephyr/arch/arch/arm/core/cortex_m/libarch__arm__core__cortex_m.a(reset.S.obj)
                              (--whole-archive)
zephyr/arch/arch/arm/core/cortex_m/libarch__arm__core__cortex_m.a(scb.c.obj)
                              (--whole-archive)
zephyr/arch/arch/arm/core/cortex_m/libarch__arm__core__cortex_m.a(thread_abort.c.obj)
                              (--whole-archive)
zephyr/arch/arch/arm/core/cortex_m/libarch__arm__core__cortex_m.a(vector_table.S.obj)
                              (--whole-archive)
zephyr/arch/arch/arm/core/cortex_m/libarch__arm__core__cortex_m.a(swap_helper.S.obj)
                              (--whole-archive)
zephyr/arch/arch/arm/core/cortex_m/libarch__arm__core__cortex_m.a(irq_manage.c.obj)
                              (--whole-archive)
zephyr/arch/arch/arm/core/cortex_m/libarch__arm__core__cortex_m.a(prep_c.c.obj)
[...]
Memory Configuration

Name             Origin             Length             Attributes
FLASH            0x0000000008000000 0x0000000000040000 xr
RAM              0x0000000020000000 0x0000000000010000 xw
SRAM0            0x0000000020000000 0x0000000000010000 rw
IDT_LIST         0x00000000ffff7fff 0x0000000000008000 xw
*default*        0x0000000000000000 0xffffffffffffffff

Linker script and memory map

                0x0000000008006130                vfprintf = __d_vfprintf
                0x0000000000000000                vfscanf = __d_vfscanf
LOAD zephyr/CMakeFiles/zephyr_final.dir/misc/empty_file.c.obj
LOAD zephyr/CMakeFiles/zephyr_final.dir/isr_tables.c.obj
LOAD zephyr/CMakeFiles/offsets.dir/./arch/arm/core/offsets/offsets.c.obj
LOAD app/libapp.a
LOAD zephyr/libzephyr.a
LOAD zephyr/arch/common/libarch__common.a
LOAD zephyr/arch/arch/arm/core/libarch__arm__core.a
LOAD zephyr/arch/arch/arm/core/cortex_m/libarch__arm__core__cortex_m.a
LOAD zephyr/arch/arch/arm/core/mpu/libarch__arm__core__mpu.a
LOAD zephyr/lib/libc/picolibc/liblib__libc__picolibc.a
LOAD zephyr/lib/libc/common/liblib__libc__common.a
LOAD zephyr/lib/posix/c_lib_ext/liblib__posix__c_lib_ext.a
LOAD zephyr/subsys/timing/libsubsys__timing.a
LOAD zephyr/drivers/interrupt_controller/libdrivers__interrupt_controller.a
LOAD zephyr/drivers/adc/libdrivers__adc.a
LOAD zephyr/drivers/clock_control/libdrivers__clock_control.a
LOAD zephyr/drivers/console/libdrivers__console.a
LOAD zephyr/drivers/gpio/libdrivers__gpio.a
LOAD zephyr/drivers/i2c/libdrivers__i2c.a
LOAD zephyr/drivers/pinctrl/libdrivers__pinctrl.a
LOAD zephyr/drivers/reset/libdrivers__reset.a
LOAD zephyr/drivers/serial/libdrivers__serial.a
LOAD zephyr/drivers/timer/libdrivers__timer.a
LOAD modules/hal_stm32/stm32cube/lib..__modules__hal__stm32__stm32cube.a
LOAD zephyr/kernel/libkernel.a
LOAD zephyr/arch/common/libisr_tables.a
LOAD /home/cl0us/zephyr-sdk-0.17.4/arm-zephyr-eabi/bin/../lib/gcc/../../picolibc/arm-zephyr-eabi/lib/thumb/v7e-m/nofp/libc.a
LOAD /home/cl0us/zephyr-sdk-0.17.4/arm-zephyr-eabi/bin/../lib/gcc/arm-zephyr-eabi/12.2.0/thumb/v7e-m/nofp/libgcc.a
                0x0000000000000020                _region_min_align = 0x20

.rel.plt        0x0000000008000000        0x0
 *(SORT_BY_ALIGNMENT(.rel.plt))
                [!provide]                        PROVIDE (__rel_iplt_start = .)
 *(SORT_BY_ALIGNMENT(.rel.iplt))
 .rel.iplt      0x0000000008000000        0x0 zephyr/CMakeFiles/zephyr_final.dir/isr_tables.c.obj
                [!provide]                        PROVIDE (__rel_iplt_end = .)

.rela.plt       0x0000000000000000        0x0
 *(SORT_BY_ALIGNMENT(.rela.plt))
                [!provide]                        PROVIDE (__rela_iplt_start = .)
 *(SORT_BY_ALIGNMENT(.rela.iplt))
                [!provide]                        PROVIDE (__rela_iplt_end = .)

.rel.dyn
 *(SORT_BY_ALIGNMENT(.rel.*))

.rela.dyn
 *(SORT_BY_ALIGNMENT(.rela.*))

/DISCARD/
 *(SORT_BY_ALIGNMENT(.plt))

/DISCARD/
 *(SORT_BY_ALIGNMENT(.iplt))
                0x0000000008000000                __rom_region_start = 0x8000000

rom_start       0x0000000008000000      0x138
                0x0000000008000000                __rom_start_address = .
 FILL mask 0x00
                0x0000000008000000                . = (. + (0x0 - (. - __rom_start_address)))
                0x0000000008000000                . = ALIGN (0x4)
                0x0000000008000000                . = ALIGN (0x80)
                0x0000000008000000                . = ALIGN (0x200)
                0x0000000008000000                _vector_start = .
 *(SORT_BY_ALIGNMENT(.exc_vector_table))
 *(SORT_BY_ALIGNMENT(.exc_vector_table.*))
 .exc_vector_table._vector_table_section
                0x0000000008000000       0x40 zephyr/arch/arch/arm/core/cortex_m/libarch__arm__core__cortex_m.a(vector_table.S.obj)
                0x0000000008000000                _vector_table
 *(SORT_BY_ALIGNMENT(.vectors))
                0x0000000008000138                _vector_end = .
                0x0000000008000040                . = ALIGN (0x4)
 *(SORT_BY_ALIGNMENT(.gnu.linkonce.irq_vector_table*))
 .gnu.linkonce.irq_vector_table
                0x0000000008000040       0xf8 zephyr/CMakeFiles/zephyr_final.dir/isr_tables.c.obj
                0x0000000008000040                _irq_vector_table
                0x0000000008000138                _vector_end = .

text            0x0000000008000138     0x8b50
                0x0000000008000138                __text_region_start = .
 *(SORT_BY_ALIGNMENT(.text))
 .text          0x0000000008000138      0x378 /home/cl0us/zephyr-sdk-0.17.4/arm-zephyr-eabi/bin/../lib/gcc/arm-zephyr-eabi/12.2.0/thumb/v7e-m/nofp/libgcc.a(_arm_addsubdf3.o)
                0x0000000008000138                __aeabi_drsub
                0x0000000008000140                __aeabi_dsub
                0x0000000008000140                __subdf3
                0x0000000008000144                __adddf3
                0x0000000008000144                __aeabi_dadd
                0x00000000080003bc                __aeabi_ui2d
                0x00000000080003bc                __floatunsidf
                0x00000000080003dc                __floatsidf
                0x00000000080003dc                __aeabi_i2d
                0x0000000008000400                __extendsfdf2
                0x0000000008000400                __aeabi_f2d
                0x0000000008000444                __aeabi_ul2d
                0x0000000008000444                __floatundidf
                0x0000000008000454                __floatdidf
                0x0000000008000454                __aeabi_l2d
 .text          0x00000000080004b0      0x424 /home/cl0us/zephyr-sdk-0.17.4/arm-zephyr-eabi/bin/../lib/gcc/arm-zephyr-eabi/12.2.0/thumb/v7e-m/nofp/libgcc.a(_arm_muldivdf3.o)
                0x00000000080004b0                __aeabi_dmul
                0x00000000080004b0                __muldf3
                0x0000000008000704                __aeabi_ddiv
                0x0000000008000704                __divdf3
 .text          0x00000000080008d4      0x110 /home/cl0us/zephyr-sdk-0.17.4/arm-zephyr-eabi/bin/../lib/gcc/arm-zephyr-eabi/12.2.0/thumb/v7e-m/nofp/libgcc.a(_arm_cmpdf2.o)
                0x00000000080008d4                __gtdf2
                0x00000000080008d4                __gedf2
                0x00000000080008dc                __ltdf2
                0x00000000080008dc                __ledf2
                0x00000000080008e4                __cmpdf2
                0x00000000080008e4                __eqdf2
                0x00000000080008e4                __nedf2
                0x0000000008000960                __aeabi_cdrcmple
                0x0000000008000970                __aeabi_cdcmple
                0x0000000008000970                __aeabi_cdcmpeq
                0x0000000008000980                __aeabi_dcmpeq
                0x0000000008000994                __aeabi_dcmplt
                0x00000000080009a8                __aeabi_dcmple
                0x00000000080009bc                __aeabi_dcmpge
                0x00000000080009d0                __aeabi_dcmpgt
 .text          0x00000000080009e4       0x50 /home/cl0us/zephyr-sdk-0.17.4/arm-zephyr-eabi/bin/../lib/gcc/arm-zephyr-eabi/12.2.0/thumb/v7e-m/nofp/libgcc.a(_arm_fixdfsi.o)
                0x00000000080009e4                __fixdfsi
                0x00000000080009e4                __aeabi_d2iz
 .text          0x0000000008000a34       0xa0 /home/cl0us/zephyr-sdk-0.17.4/arm-zephyr-eabi/bin/../lib/gcc/arm-zephyr-eabi/12.2.0/thumb/v7e-m/nofp/libgcc.a(_arm_truncdfsf2.o)
                0x0000000008000a34                __aeabi_d2f
                0x0000000008000a34                __truncdfsf2
 .text          0x0000000008000ad4      0x21c /home/cl0us/zephyr-sdk-0.17.4/arm-zephyr-eabi/bin/../lib/gcc/arm-zephyr-eabi/12.2.0/thumb/v7e-m/nofp/libgcc.a(_arm_addsubsf3.o)
                0x0000000008000ad4                __aeabi_frsub
                0x0000000008000adc                __subsf3
                0x0000000008000adc                __aeabi_fsub
                0x0000000008000ae0                __aeabi_fadd
                0x0000000008000ae0                __addsf3
                0x0000000008000c40                __aeabi_ui2f
                0x0000000008000c40                __floatunsisf
                0x0000000008000c48                __aeabi_i2f
                0x0000000008000c48                __floatsisf
                0x0000000008000c64                __floatundisf
                0x0000000008000c64                __aeabi_ul2f
                0x0000000008000c74                __floatdisf
                0x0000000008000c74                __aeabi_l2f
 .text          0x0000000008000cf0      0x2a0 /home/cl0us/zephyr-sdk-0.17.4/arm-zephyr-eabi/bin/../lib/gcc/arm-zephyr-eabi/12.2.0/thumb/v7e-m/nofp/libgcc.a(_arm_muldivsf3.o)
                0x0000000008000cf0                __mulsf3
                0x0000000008000cf0                __aeabi_fmul
                0x0000000008000e58                __divsf3
                0x0000000008000e58                __aeabi_fdiv
 .text          0x0000000008000f90       0xec /home/cl0us/zephyr-sdk-0.17.4/arm-zephyr-eabi/bin/../lib/gcc/arm-zephyr-eabi/12.2.0/thumb/v7e-m/nofp/libgcc.a(_arm_cmpsf2.o)
                0x0000000008000f90                __gtsf2
                0x0000000008000f90                __gesf2
                0x0000000008000f98                __lesf2
                0x0000000008000f98                __ltsf2
                0x0000000008000fa0                __nesf2
                0x0000000008000fa0                __eqsf2
                0x0000000008000fa0                __cmpsf2
                0x0000000008001000                __aeabi_cfrcmple
                0x0000000008001008                __aeabi_cfcmple
                0x0000000008001008                __aeabi_cfcmpeq
                0x0000000008001018                __aeabi_fcmpeq
                0x000000000800102c                __aeabi_fcmplt
                0x0000000008001040                __aeabi_fcmple
                0x0000000008001054                __aeabi_fcmpge
                0x0000000008001068                __aeabi_fcmpgt
 .text          0x000000000800107c       0x40 /home/cl0us/zephyr-sdk-0.17.4/arm-zephyr-eabi/bin/../lib/gcc/arm-zephyr-eabi/12.2.0/thumb/v7e-m/nofp/libgcc.a(_arm_fixunssfsi.o)
                0x000000000800107c                __aeabi_f2uiz
                0x000000000800107c                __fixunssfsi
 .text          0x00000000080010bc       0x30 /home/cl0us/zephyr-sdk-0.17.4/arm-zephyr-eabi/bin/../lib/gcc/arm-zephyr-eabi/12.2.0/thumb/v7e-m/nofp/libgcc.a(_aeabi_uldivmod.o)
                0x00000000080010bc                __aeabi_uldivmod
 .text          0x00000000080010ec        0x4 /home/cl0us/zephyr-sdk-0.17.4/arm-zephyr-eabi/bin/../lib/gcc/arm-zephyr-eabi/12.2.0/thumb/v7e-m/nofp/libgcc.a(_dvmd_tls.o)
                0x00000000080010ec                __aeabi_ldiv0
                0x00000000080010ec                __aeabi_idiv0
 .text          0x00000000080010f0       0x10 /home/cl0us/zephyr-sdk-0.17.4/arm-zephyr-eabi/bin/../lib/gcc/../../picolibc/arm-zephyr-eabi/lib/thumb/v7e-m/nofp/libc.a(strlen.S.o)
                0x00000000080010f0                strlen
 .text          0x0000000008001100       0x26 /home/cl0us/zephyr-sdk-0.17.4/arm-zephyr-eabi/bin/../lib/gcc/arm-zephyr-eabi/12.2.0/thumb/v7e-m/nofp/libgcc.a(_popcountsi2.o)
                0x0000000008001100                __popcountsi2
 .text          0x0000000008001126      0x2a0 /home/cl0us/zephyr-sdk-0.17.4/arm-zephyr-eabi/bin/../lib/gcc/arm-zephyr-eabi/12.2.0/thumb/v7e-m/nofp/libgcc.a(_udivmoddi4.o)
                0x0000000008001126                __udivmoddi4
 *(SORT_BY_ALIGNMENT(.text.*))
 *fill*         0x00000000080013c6        0x2 
 .text.brightnessMeasure
                0x00000000080013c8       0x5c app/libapp.a(brightness.c.obj)
                0x00000000080013c8                brightnessMeasure
 .text.buttonPressed
                0x0000000008001424       0x38 app/libapp.a(main.c.obj)
                0x0000000008001424                buttonPressed
 .text.i2c_write.constprop.0.isra.0
                0x000000000800145c       0x30 app/libapp.a(main.c.obj)
 .text.i2c_write_read.constprop.0
                0x000000000800148c       0x3c app/libapp.a(main.c.obj)
 .text.rgbLedInit
                0x00000000080014c8       0x30 app/libapp.a(main.c.obj)
                0x00000000080014c8                rgbLedInit
 .text.adcInit  0x00000000080014f8       0xb0 app/libapp.a(main.c.obj)
                0x00000000080014f8                adcInit
 .text.rgbInit  0x00000000080015a8       0x48 app/libapp.a(main.c.obj)
                0x00000000080015a8                rgbInit
 .text.accelerometerInit
                0x00000000080015f0       0x34 app/libapp.a(main.c.obj)
                0x00000000080015f0                accelerometerInit
 .text.distanceInit
                0x0000000008001624       0x54 app/libapp.a(main.c.obj)
                0x0000000008001624                distanceInit
 .text.alertRaise
                0x0000000008001678       0x5c app/libapp.a(main.c.obj)
                0x0000000008001678                alertRaise
 .text.manageData
                0x00000000080016d4      0x3a8 app/libapp.a(main.c.obj)
                0x00000000080016d4                manageData
 .text.manageAlert
                0x0000000008001a7c      0x188 app/libapp.a(main.c.obj)
                0x0000000008001a7c                manageAlert
 .text.measures
                0x0000000008001c04       0x50 app/libapp.a(main.c.obj)
                0x0000000008001c04                measures
 .text.testSensors
                0x0000000008001c54       0xf4 app/libapp.a(main.c.obj)
                0x0000000008001c54                testSensors
 .text.everyHourNormalMode
                0x0000000008001d48      0x1d8 app/libapp.a(main.c.obj)
                0x0000000008001d48                everyHourNormalMode
 .text.buttonInit
                0x0000000008001f20       0x58 app/libapp.a(main.c.obj)
                0x0000000008001f20                buttonInit
 .text.main     0x0000000008001f78      0x264 app/libapp.a(main.c.obj)
                0x0000000008001f78                main
 .text.rgbChange
                0x00000000080021dc       0x7c app/libapp.a(rgbChange.c.obj)
                0x00000000080021dc                rgbChange
 .text.nmea_deg_to_dec
                0x0000000008002258       0x5c app/libapp.a(gpsToHuman.c.obj)
 .text.gpsToHuman
                0x00000000080022b4      0x2b0 app/libapp.a(gpsToHuman.c.obj)
                0x00000000080022b4                gpsToHuman
 .text.i2c_write_read.constprop.0.isra.0
                0x0000000008002564       0x3c app/libapp.a(rgb.c.obj)
 .text.rgbMeasure
                0x00000000080025a0       0x68 app/libapp.a(rgb.c.obj)
                0x00000000080025a0                rgbMeasure
 .text.i2c_write_read.constprop.0.isra.0
                0x0000000008002608       0x3c app/libapp.a(accelerometer.c.obj)
 .text.accelerometerMeasure
                0x0000000008002644       0xbc app/libapp.a(accelerometer.c.obj)
                0x0000000008002644                accelerometerMeasure
 .text.i2c_write_read.constprop.0.isra.0
                0x0000000008002700       0x3c app/libapp.a(temperature.c.obj)
 .text.temperatureMeasure
                0x000000000800273c       0xd0 app/libapp.a(temperature.c.obj)
                0x000000000800273c                temperatureMeasure
 .text.gpsMeasure
                0x000000000800280c      0x138 app/libapp.a(gps.c.obj)
                0x000000000800280c                gpsMeasure
 .text.soilMeasure
                0x0000000008002944       0x4c app/libapp.a(soil.c.obj)
                0x0000000008002944                soilMeasure
 .text.distanceMeasure
                0x0000000008002990       0x90 app/libapp.a(distance.c.obj)
                0x0000000008002990                distanceMeasure
 .text.char_out
                0x0000000008002a20        0xc zephyr/libzephyr.a(printk.c.obj)
 .text.__printk_hook_install
                0x0000000008002a2c        0xc zephyr/libzephyr.a(printk.c.obj)
                0x0000000008002a2c                __printk_hook_install
 .text.vprintk  0x0000000008002a38       0x30 zephyr/libzephyr.a(printk.c.obj)
                0x0000000008002a38                vprintk
 .text.z_thread_entry
                0x0000000008002a68       0x34 zephyr/libzephyr.a(thread_entry.c.obj)
                0x0000000008002a68                z_thread_entry
 .text.st_stm32_common_config
                0x0000000008002a9c       0x14 zephyr/libzephyr.a(soc_config.c.obj)
 .text.stm32_backup_domain_enable_access
                0x0000000008002ab0       0x3c zephyr/libzephyr.a(stm32_backup_domain.c.obj)
                0x0000000008002ab0                stm32_backup_domain_enable_access
 .text.stm32_backup_domain_disable_access
                0x0000000008002aec       0x60 zephyr/libzephyr.a(stm32_backup_domain.c.obj)
                0x0000000008002aec                stm32_backup_domain_disable_access
 .text.soc_early_init_hook
                0x0000000008002b4c       0x30 zephyr/libzephyr.a(soc.c.obj)
                0x0000000008002b4c                soc_early_init_hook
 .text.mem_attr_get_regions
                0x0000000008002b7c        0xc zephyr/libzephyr.a(mem_attr.c.obj)
                0x0000000008002b7c                mem_attr_get_regions
 .text.arch_bss_zero
                0x0000000008002b88       0x18 zephyr/arch/common/libarch__common.a(init.c.obj)
                0x0000000008002b88                arch_bss_zero
 .text.arch_data_copy
                0x0000000008002ba0       0x38 zephyr/arch/common/libarch__common.a(xip.c.obj)
                0x0000000008002ba0                arch_data_copy
 .text.z_arm_fatal_error
                0x0000000008002bd8       0x60 zephyr/arch/arch/arm/core/libarch__arm__core.a(fatal.c.obj)
                0x0000000008002bd8                z_arm_fatal_error
 .text.z_SysNmiOnReset
                0x0000000008002c38        0x8 zephyr/arch/arch/arm/core/libarch__arm__core.a(nmi_on_reset.S.obj)
                0x0000000008002c38                z_SysNmiOnReset
 .text.arch_tls_stack_setup
                0x0000000008002c40       0x40 zephyr/arch/arch/arm/core/libarch__arm__core.a(tls.c.obj)
                0x0000000008002c40                arch_tls_stack_setup
 .text._HandlerModeExit
                0x0000000008002c80       0x20 zephyr/arch/arch/arm/core/cortex_m/libarch__arm__core__cortex_m.a(exc_exit.c.obj)
                0x0000000008002c80                z_arm_exc_exit
                0x0000000008002c80                z_arm_int_exit
 .text.mem_manage_fault
                0x0000000008002ca0       0xd0 zephyr/arch/arch/arm/core/cortex_m/libarch__arm__core__cortex_m.a(fault.c.obj)
 .text.usage_fault.constprop.0
                0x0000000008002d70       0x98 zephyr/arch/arch/arm/core/cortex_m/libarch__arm__core__cortex_m.a(fault.c.obj)
 .text.bus_fault.constprop.0
                0x0000000008002e08       0xa4 zephyr/arch/arch/arm/core/cortex_m/libarch__arm__core__cortex_m.a(fault.c.obj)
 .text.z_arm_fault
                0x0000000008002eac      0x1a0 zephyr/arch/arch/arm/core/cortex_m/libarch__arm__core__cortex_m.a(fault.c.obj)
                0x0000000008002eac                z_arm_fault
 .text.z_arm_fault_init
                0x000000000800304c       0x18 zephyr/arch/arch/arm/core/cortex_m/libarch__arm__core__cortex_m.a(fault.c.obj)
                0x000000000800304c                z_arm_fault_init
 .text.__fault  0x0000000008003064       0x14 zephyr/arch/arch/arm/core/cortex_m/libarch__arm__core__cortex_m.a(fault_s.S.obj)
                0x0000000008003064                z_arm_bus_fault
                0x0000000008003064                z_arm_usage_fault
                0x0000000008003064                z_arm_mpu_fault
                0x0000000008003064                z_arm_exc_spurious
                0x0000000008003064                z_arm_debug_monitor
                0x0000000008003064                z_arm_hard_fault
 .text._reset_section
                0x0000000008003078       0x34 zephyr/arch/arch/arm/core/cortex_m/libarch__arm__core__cortex_m.a(reset.S.obj)
                0x0000000008003078                z_arm_reset
                0x0000000008003078                __start
 .text.z_impl_k_thread_abort
                0x00000000080030ac       0x2c zephyr/arch/arch/arm/core/cortex_m/libarch__arm__core__cortex_m.a(thread_abort.c.obj)
                0x00000000080030ac                z_impl_k_thread_abort
 .text.z_arm_pendsv
                0x00000000080030d8       0x60 zephyr/arch/arch/arm/core/cortex_m/libarch__arm__core__cortex_m.a(swap_helper.S.obj)
                0x00000000080030d8                z_arm_pendsv
 .text.z_arm_svc
                0x0000000008003138       0x24 zephyr/arch/arch/arm/core/cortex_m/libarch__arm__core__cortex_m.a(swap_helper.S.obj)
                0x0000000008003138                z_arm_svc
 .text.arm_irq_enable
                0x000000000800315c       0x1c zephyr/arch/arch/arm/core/cortex_m/libarch__arm__core__cortex_m.a(irq_manage.c.obj)
                0x000000000800315c                arm_irq_enable
 .text.arm_irq_priority_set
                0x0000000008003178       0x30 zephyr/arch/arch/arm/core/cortex_m/libarch__arm__core__cortex_m.a(irq_manage.c.obj)
                0x0000000008003178                arm_irq_priority_set
 .text.relocate_vector_table
                0x00000000080031a8       0x1c zephyr/arch/arch/arm/core/cortex_m/libarch__arm__core__cortex_m.a(prep_c.c.obj)
                0x00000000080031a8                relocate_vector_table
 .text.arch_new_thread
                0x00000000080031c4       0x38 zephyr/arch/arch/arm/core/cortex_m/libarch__arm__core__cortex_m.a(thread.c.obj)
                0x00000000080031c4                arch_new_thread
 .text.z_check_thread_stack_fail
                0x00000000080031fc       0x2c zephyr/arch/arch/arm/core/cortex_m/libarch__arm__core__cortex_m.a(thread.c.obj)
                0x00000000080031fc                z_check_thread_stack_fail
 .text.arch_switch_to_main_thread
                0x0000000008003228       0x3c zephyr/arch/arch/arm/core/cortex_m/libarch__arm__core__cortex_m.a(thread.c.obj)
                0x0000000008003228                arch_switch_to_main_thread
 .text.z_arm_cpu_idle_init
                0x0000000008003264        0xc zephyr/arch/arch/arm/core/cortex_m/libarch__arm__core__cortex_m.a(cpu_idle.c.obj)
                0x0000000008003264                z_arm_cpu_idle_init
 .text.z_arm_interrupt_init
                0x0000000008003270       0x18 zephyr/arch/arch/arm/core/cortex_m/libarch__arm__core__cortex_m.a(irq_init.c.obj)
                0x0000000008003270                z_arm_interrupt_init
 .text._isr_wrapper
                0x0000000008003288       0x24 zephyr/arch/arch/arm/core/cortex_m/libarch__arm__core__cortex_m.a(isr_wrapper.c.obj)
                0x0000000008003288                _isr_wrapper
 .text.z_arm_configure_static_mpu_regions
                0x00000000080032ac       0x18 zephyr/arch/arch/arm/core/mpu/libarch__arm__core__mpu.a(arm_core_mpu.c.obj)
                0x00000000080032ac                z_arm_configure_static_mpu_regions
 .text.z_arm_configure_dynamic_mpu_regions
                0x00000000080032c4       0x20 zephyr/arch/arch/arm/core/mpu/libarch__arm__core__mpu.a(arm_core_mpu.c.obj)
                0x00000000080032c4                z_arm_configure_dynamic_mpu_regions
 .text.region_init
                0x00000000080032e4       0x28 zephyr/arch/arch/arm/core/mpu/libarch__arm__core__mpu.a(arm_mpu.c.obj)
 .text.mpu_configure_regions
                0x000000000800330c       0x6c zephyr/arch/arch/arm/core/mpu/libarch__arm__core__mpu.a(arm_mpu.c.obj)
 .text.arm_core_mpu_enable
                0x0000000008003378       0x18 zephyr/arch/arch/arm/core/mpu/libarch__arm__core__mpu.a(arm_mpu.c.obj)
                0x0000000008003378                arm_core_mpu_enable
 .text.arm_core_mpu_disable
                0x0000000008003390       0x14 zephyr/arch/arch/arm/core/mpu/libarch__arm__core__mpu.a(arm_mpu.c.obj)
                0x0000000008003390                arm_core_mpu_disable
 .text.arm_core_mpu_configure_static_mpu_regions
                0x00000000080033a4       0x14 zephyr/arch/arch/arm/core/mpu/libarch__arm__core__mpu.a(arm_mpu.c.obj)
                0x00000000080033a4                arm_core_mpu_configure_static_mpu_regions
 .text.arm_core_mpu_configure_dynamic_mpu_regions
                0x00000000080033b8       0x38 zephyr/arch/arch/arm/core/mpu/libarch__arm__core__mpu.a(arm_mpu.c.obj)
                0x00000000080033b8                arm_core_mpu_configure_dynamic_mpu_regions
 .text.z_arm_mpu_init
                0x00000000080033f0      0x168 zephyr/arch/arch/arm/core/mpu/libarch__arm__core__mpu.a(arm_mpu.c.obj)
                0x00000000080033f0                z_arm_mpu_init
 .text.z_impl_zephyr_fputc
                0x0000000008003558       0x10 zephyr/lib/libc/picolibc/liblib__libc__picolibc.a(stdio.c.obj)
                0x0000000008003558                z_impl_zephyr_fputc
 .text.__stdout_hook_install
                0x0000000008003568       0x18 zephyr/lib/libc/picolibc/liblib__libc__picolibc.a(stdio.c.obj)
                0x0000000008003568                __stdout_hook_install
 .text.malloc_prepare
                0x0000000008003580       0x24 zephyr/lib/libc/common/liblib__libc__common.a(malloc.c.obj)
 .text.stm32_exti_init
                0x00000000080035a4       0x3c zephyr/drivers/interrupt_controller/libdrivers__interrupt_controller.a(intc_exti_stm32.c.obj)
 .text.stm32_exti_is_pending
                0x00000000080035e0       0x28 zephyr/drivers/interrupt_controller/libdrivers__interrupt_controller.a(intc_exti_stm32.c.obj)
                0x00000000080035e0                stm32_exti_is_pending
 .text.stm32_exti_clear_pending
                0x0000000008003608       0x28 zephyr/drivers/interrupt_controller/libdrivers__interrupt_controller.a(intc_exti_stm32.c.obj)
                0x0000000008003608                stm32_exti_clear_pending
 .text.stm32_fill_irq_table
                0x0000000008003630       0x18 zephyr/drivers/interrupt_controller/libdrivers__interrupt_controller.a(intc_gpio_stm32.c.obj)
 .text.stm32_intc_gpio_isr
                0x0000000008003648       0x4c zephyr/drivers/interrupt_controller/libdrivers__interrupt_controller.a(intc_gpio_stm32.c.obj)
 .text.stm32_gpio_intc_enable_line
                0x0000000008003694       0x30 zephyr/drivers/interrupt_controller/libdrivers__interrupt_controller.a(intc_gpio_stm32.c.obj)
                0x0000000008003694                stm32_gpio_intc_enable_line
 .text.stm32_gpio_intc_disable_line
                0x00000000080036c4       0x14 zephyr/drivers/interrupt_controller/libdrivers__interrupt_controller.a(intc_gpio_stm32.c.obj)
                0x00000000080036c4                stm32_gpio_intc_disable_line
 .text.stm32_gpio_intc_select_line_trigger
                0x00000000080036d8       0x50 zephyr/drivers/interrupt_controller/libdrivers__interrupt_controller.a(intc_gpio_stm32.c.obj)
                0x00000000080036d8                stm32_gpio_intc_select_line_trigger
 .text.stm32_gpio_intc_set_irq_callback
                0x0000000008003728       0x40 zephyr/drivers/interrupt_controller/libdrivers__interrupt_controller.a(intc_gpio_stm32.c.obj)
                0x0000000008003728                stm32_gpio_intc_set_irq_callback
 .text.stm32_gpio_intc_remove_irq_callback
                0x0000000008003768       0x24 zephyr/drivers/interrupt_controller/libdrivers__interrupt_controller.a(intc_gpio_stm32.c.obj)
                0x0000000008003768                stm32_gpio_intc_remove_irq_callback
 .text.stm32_exti_get_line_src_port
                0x000000000800378c       0x34 zephyr/drivers/interrupt_controller/libdrivers__interrupt_controller.a(intc_gpio_stm32.c.obj)
                0x000000000800378c                stm32_exti_get_line_src_port
 .text.adc_stm32_channel_setup
                0x00000000080037c0       0xd4 zephyr/drivers/adc/libdrivers__adc.a(adc_stm32.c.obj)
 .text.adc_stm32_isr_18
                0x0000000008003894       0xd4 zephyr/drivers/adc/libdrivers__adc.a(adc_stm32.c.obj)
 .text.adc_stm32_calibrate.isra.0
                0x0000000008003968       0x44 zephyr/drivers/adc/libdrivers__adc.a(adc_stm32.c.obj)
 .text.adc_stm32_init
                0x00000000080039ac      0x134 zephyr/drivers/adc/libdrivers__adc.a(adc_stm32.c.obj)
 .text.adc_stm32_read
                0x0000000008003ae0      0x250 zephyr/drivers/adc/libdrivers__adc.a(adc_stm32.c.obj)
 .text.stm32_clock_control_get_subsys_rate
                0x0000000008003d30       0xb4 zephyr/drivers/clock_control/libdrivers__clock_control.a(clock_stm32_ll_common.c.obj)
 .text.stm32_clock_control_init
                0x0000000008003de4      0x190 zephyr/drivers/clock_control/libdrivers__clock_control.a(clock_stm32_ll_common.c.obj)
                0x0000000008003de4                stm32_clock_control_init
 .text.get_pllsrc_frequency
                0x0000000008003f74        0x8 zephyr/drivers/clock_control/libdrivers__clock_control.a(clock_stm32l4_l5_wb_wl.c.obj)
                0x0000000008003f74                get_pllsrc_frequency
 .text.config_pll_sysclock
                0x0000000008003f7c       0x24 zephyr/drivers/clock_control/libdrivers__clock_control.a(clock_stm32l4_l5_wb_wl.c.obj)
                0x0000000008003f7c                config_pll_sysclock
 .text.uart_console_init
                0x0000000008003fa0       0x28 zephyr/drivers/console/libdrivers__console.a(uart_console.c.obj)
 .text.console_out
                0x0000000008003fc8       0x28 zephyr/drivers/console/libdrivers__console.a(uart_console.c.obj)
 .text.gpio_stm32_pin_interrupt_configure
                0x0000000008003ff0       0xb0 zephyr/drivers/gpio/libdrivers__gpio.a(gpio_stm32.c.obj)
 .text.gpio_stm32_init
                0x00000000080040a0       0x38 zephyr/drivers/gpio/libdrivers__gpio.a(gpio_stm32.c.obj)
 .text.i2c_stm32_runtime_configure
                0x00000000080040d8       0x74 zephyr/drivers/i2c/libdrivers__i2c.a(i2c_stm32.c.obj)
                0x00000000080040d8                i2c_stm32_runtime_configure
 .text.i2c_stm32_init
                0x000000000800414c       0xb0 zephyr/drivers/i2c/libdrivers__i2c.a(i2c_stm32.c.obj)
 .text.i2c_stm32_activate
                0x00000000080041fc       0x3c zephyr/drivers/i2c/libdrivers__i2c.a(i2c_stm32_common.c.obj)
                0x00000000080041fc                i2c_stm32_activate
 .text.i2c_stm32_configure_timing
                0x0000000008004238      0x130 zephyr/drivers/i2c/libdrivers__i2c.a(i2c_stm32_v2.c.obj)
                0x0000000008004238                i2c_stm32_configure_timing
 .text.pinctrl_configure_pins
                0x0000000008004368       0x84 zephyr/drivers/pinctrl/libdrivers__pinctrl.a(pinctrl_stm32.c.obj)
                0x0000000008004368                pinctrl_configure_pins
 .text.uart_stm32_cfg2ll_stopbits
                0x00000000080043ec       0x38 zephyr/drivers/serial/libdrivers__serial.a(uart_stm32.c.obj)
 .text.uart_stm32_irq_err_enable
                0x0000000008004424       0x48 zephyr/drivers/serial/libdrivers__serial.a(uart_stm32.c.obj)
 .text.uart_stm32_irq_err_disable
                0x000000000800446c       0x48 zephyr/drivers/serial/libdrivers__serial.a(uart_stm32.c.obj)
 .text.lpuartdiv_calc
                0x00000000080044b4       0x30 zephyr/drivers/serial/libdrivers__serial.a(uart_stm32.c.obj)
                0x00000000080044b4                lpuartdiv_calc
 .text.uart_stm32_set_baudrate
                0x00000000080044e4       0xc0 zephyr/drivers/serial/libdrivers__serial.a(uart_stm32.c.obj)
 .text.uart_stm32_configure
                0x00000000080045a4       0xe8 zephyr/drivers/serial/libdrivers__serial.a(uart_stm32.c.obj)
 .text.uart_stm32_init
                0x000000000800468c      0x150 zephyr/drivers/serial/libdrivers__serial.a(uart_stm32.c.obj)
 .text.elapsed  0x00000000080047dc       0x4c zephyr/drivers/timer/libdrivers__timer.a(cortex_m_systick.c.obj)
 .text.sys_clock_driver_init
                0x0000000008004828       0x38 zephyr/drivers/timer/libdrivers__timer.a(cortex_m_systick.c.obj)
 .text.sys_clock_isr
                0x0000000008004860       0x50 zephyr/drivers/timer/libdrivers__timer.a(cortex_m_systick.c.obj)
                0x0000000008004860                sys_clock_isr
 .text.sys_clock_set_timeout
                0x00000000080048b0       0xe8 zephyr/drivers/timer/libdrivers__timer.a(cortex_m_systick.c.obj)
                0x00000000080048b0                sys_clock_set_timeout
 .text.sys_clock_elapsed
                0x0000000008004998       0x3c zephyr/drivers/timer/libdrivers__timer.a(cortex_m_systick.c.obj)
                0x0000000008004998                sys_clock_elapsed
 .text.sys_clock_cycle_get_32
                0x00000000080049d4       0x28 zephyr/drivers/timer/libdrivers__timer.a(cortex_m_systick.c.obj)
                0x00000000080049d4                sys_clock_cycle_get_32
 .text.HAL_RCC_GetSysClockFreq
                0x00000000080049fc       0xdc modules/hal_stm32/stm32cube/lib..__modules__hal__stm32__stm32cube.a(stm32wlxx_hal_rcc.c.obj)
                0x00000000080049fc                HAL_RCC_GetSysClockFreq
 .text.LL_SetFlashLatency
                0x0000000008004ad8       0xa4 modules/hal_stm32/stm32cube/lib..__modules__hal__stm32__stm32cube.a(stm32wlxx_ll_utils.c.obj)
                0x0000000008004ad8                LL_SetFlashLatency
 .text.z_fatal_error
                0x0000000008004b7c       0x30 zephyr/kernel/libkernel.a(fatal.c.obj)
                0x0000000008004b7c                z_fatal_error
 .text.z_sys_init_run_level
                0x0000000008004bac       0x30 zephyr/kernel/libkernel.a(init.c.obj)
 .text.bg_thread_main
                0x0000000008004bdc       0xc0 zephyr/kernel/libkernel.a(init.c.obj)
 .text.z_init_cpu
                0x0000000008004c9c       0x70 zephyr/kernel/libkernel.a(init.c.obj)
                0x0000000008004c9c                z_init_cpu
 .text.z_cstart
                0x0000000008004d0c       0xcc zephyr/kernel/libkernel.a(init.c.obj)
                0x0000000008004d0c                z_cstart
 .text.put_msg_in_queue
                0x0000000008004dd8       0xd0 zephyr/kernel/libkernel.a(msg_q.c.obj)
 .text.z_impl_k_msgq_get
                0x0000000008004ea8       0xc4 zephyr/kernel/libkernel.a(msg_q.c.obj)
                0x0000000008004ea8                z_impl_k_msgq_get
 .text.z_impl_k_sem_give
                0x0000000008004f6c       0x68 zephyr/kernel/libkernel.a(sem.c.obj)
                0x0000000008004f6c                z_impl_k_sem_give
 .text.z_impl_k_sem_take
                0x0000000008004fd4       0x4c zephyr/kernel/libkernel.a(sem.c.obj)
                0x0000000008004fd4                z_impl_k_sem_take
 .text.z_setup_new_thread
                0x0000000008005020       0x98 zephyr/kernel/libkernel.a(thread.c.obj)
                0x0000000008005020                z_setup_new_thread
 .text.z_dummy_thread_init
                0x00000000080050b8       0x18 zephyr/kernel/libkernel.a(thread.c.obj)
                0x00000000080050b8                z_dummy_thread_init
 .text.z_swap_irqlock
                0x00000000080050d0       0x30 zephyr/kernel/libkernel.a(sched.c.obj)
 .text.ready_thread
                0x0000000008005100       0x84 zephyr/kernel/libkernel.a(sched.c.obj)
 .text.unready_thread
                0x0000000008005184       0x54 zephyr/kernel/libkernel.a(sched.c.obj)
 .text.add_thread_timeout
                0x00000000080051d8       0x1c zephyr/kernel/libkernel.a(sched.c.obj)
 .text.move_current_to_end_of_prio_q
                0x00000000080051f4       0x70 zephyr/kernel/libkernel.a(sched.c.obj)
                0x00000000080051f4                move_current_to_end_of_prio_q
 .text.z_pend_curr
                0x0000000008005264       0x44 zephyr/kernel/libkernel.a(sched.c.obj)
                0x0000000008005264                z_pend_curr
 .text.z_reschedule
                0x00000000080052a8       0x24 zephyr/kernel/libkernel.a(sched.c.obj)
                0x00000000080052a8                z_reschedule
 .text.z_reschedule_irqlock
                0x00000000080052cc       0x28 zephyr/kernel/libkernel.a(sched.c.obj)
                0x00000000080052cc                z_reschedule_irqlock
 .text.k_sched_lock
                0x00000000080052f4       0x28 zephyr/kernel/libkernel.a(sched.c.obj)
                0x00000000080052f4                k_sched_lock
 .text.k_sched_unlock
                0x000000000800531c       0x68 zephyr/kernel/libkernel.a(sched.c.obj)
                0x000000000800531c                k_sched_unlock
 .text.z_sched_init
                0x0000000008005384       0x10 zephyr/kernel/libkernel.a(sched.c.obj)
                0x0000000008005384                z_sched_init
 .text.z_impl_k_yield
                0x0000000008005394       0x88 zephyr/kernel/libkernel.a(sched.c.obj)
                0x0000000008005394                z_impl_k_yield
 .text.z_tick_sleep
                0x000000000800541c       0x78 zephyr/kernel/libkernel.a(sched.c.obj)
 .text.z_impl_k_wakeup
                0x0000000008005494       0x48 zephyr/kernel/libkernel.a(sched.c.obj)
                0x0000000008005494                z_impl_k_wakeup
 .text.z_impl_k_sched_current_thread_query
                0x00000000080054dc        0xc zephyr/kernel/libkernel.a(sched.c.obj)
                0x00000000080054dc                z_impl_k_sched_current_thread_query
 .text.z_thread_abort
                0x00000000080054e8      0x140 zephyr/kernel/libkernel.a(sched.c.obj)
                0x00000000080054e8                z_thread_abort
 .text.slice_timeout
                0x0000000008005628       0x20 zephyr/kernel/libkernel.a(timeslicing.c.obj)
 .text.thread_is_sliceable
                0x0000000008005648       0x3c zephyr/kernel/libkernel.a(timeslicing.c.obj)
                0x0000000008005648                thread_is_sliceable
 .text.z_reset_time_slice
                0x0000000008005684       0x50 zephyr/kernel/libkernel.a(timeslicing.c.obj)
                0x0000000008005684                z_reset_time_slice
 .text.z_time_slice
                0x00000000080056d4       0x5c zephyr/kernel/libkernel.a(timeslicing.c.obj)
                0x00000000080056d4                z_time_slice
 .text.first    0x0000000008005730       0x10 zephyr/kernel/libkernel.a(timeout.c.obj)
 .text.elapsed  0x0000000008005740       0x14 zephyr/kernel/libkernel.a(timeout.c.obj)
 .text.remove_timeout
                0x0000000008005754       0x38 zephyr/kernel/libkernel.a(timeout.c.obj)
 .text.z_add_timeout
                0x000000000800578c      0x120 zephyr/kernel/libkernel.a(timeout.c.obj)
                0x000000000800578c                z_add_timeout
 .text.sys_clock_announce
                0x00000000080058ac       0xc0 zephyr/kernel/libkernel.a(timeout.c.obj)
                0x00000000080058ac                sys_clock_announce
 .text.sys_clock_tick_get
                0x000000000800596c       0x30 zephyr/kernel/libkernel.a(timeout.c.obj)
                0x000000000800596c                sys_clock_tick_get
 .text.z_timer_expiration_handler
                0x000000000800599c      0x104 zephyr/kernel/libkernel.a(timer.c.obj)
                0x000000000800599c                z_timer_expiration_handler
 .text.z_impl_k_timer_start
                0x0000000008005aa0       0x70 zephyr/kernel/libkernel.a(timer.c.obj)
                0x0000000008005aa0                z_impl_k_timer_start
 .text.boot_banner
                0x0000000008005b10        0xc zephyr/kernel/libkernel.a(banner.c.obj)
                0x0000000008005b10                boot_banner
 .text.statics_init
                0x0000000008005b1c       0x24 zephyr/kernel/libkernel.a(kheap.c.obj)
 .text.snprintf
                0x0000000008005b40       0x54 /home/cl0us/zephyr-sdk-0.17.4/arm-zephyr-eabi/bin/../lib/gcc/../../picolibc/arm-zephyr-eabi/lib/thumb/v7e-m/nofp/libc.a(libc_tinystdio_snprintf.c.o)
                0x0000000008005b40                snprintf
 .text.strtod   0x0000000008005b94      0x378 /home/cl0us/zephyr-sdk-0.17.4/arm-zephyr-eabi/bin/../lib/gcc/../../picolibc/arm-zephyr-eabi/lib/thumb/v7e-m/nofp/libc.a(libc_tinystdio_strtod.c.o)
                0x0000000008005b94                strtold
                0x0000000008005b94                strtod
 .text.strtol   0x0000000008005f0c       0xec /home/cl0us/zephyr-sdk-0.17.4/arm-zephyr-eabi/bin/../lib/gcc/../../picolibc/arm-zephyr-eabi/lib/thumb/v7e-m/nofp/libc.a(libc_tinystdio_strtol.c.o)
                0x0000000008005f0c                strtol
 .text.skip_to_arg
                0x0000000008005ff8      0x138 /home/cl0us/zephyr-sdk-0.17.4/arm-zephyr-eabi/bin/../lib/gcc/../../picolibc/arm-zephyr-eabi/lib/thumb/v7e-m/nofp/libc.a(libc_tinystdio_vfprintf.c.o)
 .text.vfprintf
                0x0000000008006130      0x9c4 /home/cl0us/zephyr-sdk-0.17.4/arm-zephyr-eabi/bin/../lib/gcc/../../picolibc/arm-zephyr-eabi/lib/thumb/v7e-m/nofp/libc.a(libc_tinystdio_vfprintf.c.o)
                0x0000000008006130                __d_vfprintf
 .text.__atod_engine
                0x0000000008006af4      0x1bc /home/cl0us/zephyr-sdk-0.17.4/arm-zephyr-eabi/bin/../lib/gcc/../../picolibc/arm-zephyr-eabi/lib/thumb/v7e-m/nofp/libc.a(libc_tinystdio_atod_ryu.c.o)
                0x0000000008006af4                __atod_engine
 .text.div10    0x0000000008006cb0       0x28 /home/cl0us/zephyr-sdk-0.17.4/arm-zephyr-eabi/bin/../lib/gcc/../../picolibc/arm-zephyr-eabi/lib/thumb/v7e-m/nofp/libc.a(libc_tinystdio_dtoa_ryu.c.o)
 .text.__dtoa_engine
                0x0000000008006cd8      0x49c /home/cl0us/zephyr-sdk-0.17.4/arm-zephyr-eabi/bin/../lib/gcc/../../picolibc/arm-zephyr-eabi/lib/thumb/v7e-m/nofp/libc.a(libc_tinystdio_dtoa_ryu.c.o)
                0x0000000008006cd8                __dtoa_engine
 .text.__log10Pow2
                0x0000000008007174        0xc /home/cl0us/zephyr-sdk-0.17.4/arm-zephyr-eabi/bin/../lib/gcc/../../picolibc/arm-zephyr-eabi/lib/thumb/v7e-m/nofp/libc.a(libc_tinystdio_ryu_log10.c.o)
                0x0000000008007174                __log10Pow2
 .text.__log10Pow5
                0x0000000008007180        0xc /home/cl0us/zephyr-sdk-0.17.4/arm-zephyr-eabi/bin/../lib/gcc/../../picolibc/arm-zephyr-eabi/lib/thumb/v7e-m/nofp/libc.a(libc_tinystdio_ryu_log10.c.o)
                0x0000000008007180                __log10Pow5
 .text.__log2pow5
                0x000000000800718c        0xc /home/cl0us/zephyr-sdk-0.17.4/arm-zephyr-eabi/bin/../lib/gcc/../../picolibc/arm-zephyr-eabi/lib/thumb/v7e-m/nofp/libc.a(libc_tinystdio_ryu_log2pow5.c.o)
                0x000000000800718c                __log2pow5
 .text.__ceil_log2pow5
                0x0000000008007198       0x10 /home/cl0us/zephyr-sdk-0.17.4/arm-zephyr-eabi/bin/../lib/gcc/../../picolibc/arm-zephyr-eabi/lib/thumb/v7e-m/nofp/libc.a(libc_tinystdio_ryu_log2pow5.c.o)
                0x0000000008007198                __ceil_log2pow5
 .text.__pow5bits
                0x00000000080071a8       0x10 /home/cl0us/zephyr-sdk-0.17.4/arm-zephyr-eabi/bin/../lib/gcc/../../picolibc/arm-zephyr-eabi/lib/thumb/v7e-m/nofp/libc.a(libc_tinystdio_ryu_pow5bits.c.o)
                0x00000000080071a8                __pow5bits
 .text.__pow5Factor
                0x00000000080071b8       0x30 /home/cl0us/zephyr-sdk-0.17.4/arm-zephyr-eabi/bin/../lib/gcc/../../picolibc/arm-zephyr-eabi/lib/thumb/v7e-m/nofp/libc.a(libc_tinystdio_ryu_table.c.o)
                0x00000000080071b8                __pow5Factor
 .text.__double_computePow5
                0x00000000080071e8       0xe8 /home/cl0us/zephyr-sdk-0.17.4/arm-zephyr-eabi/bin/../lib/gcc/../../picolibc/arm-zephyr-eabi/lib/thumb/v7e-m/nofp/libc.a(libc_tinystdio_ryu_table.c.o)
                0x00000000080071e8                __double_computePow5
 .text.__double_computeInvPow5
                0x00000000080072d0       0xf8 /home/cl0us/zephyr-sdk-0.17.4/arm-zephyr-eabi/bin/../lib/gcc/../../picolibc/arm-zephyr-eabi/lib/thumb/v7e-m/nofp/libc.a(libc_tinystdio_ryu_table.c.o)
                0x00000000080072d0                __double_computeInvPow5
 .text.roundf   0x00000000080073c8       0x48 /home/cl0us/zephyr-sdk-0.17.4/arm-zephyr-eabi/bin/../lib/gcc/../../picolibc/arm-zephyr-eabi/lib/thumb/v7e-m/nofp/libc.a(libm_machine_arm_sf_round.c.o)
                0x00000000080073c8                roundf
 .text.__fpclassifyd
                0x0000000008007410       0x48 /home/cl0us/zephyr-sdk-0.17.4/arm-zephyr-eabi/bin/../lib/gcc/../../picolibc/arm-zephyr-eabi/lib/thumb/v7e-m/nofp/libc.a(libm_common_s_fpclassify.c.o)
                0x0000000008007410                __fpclassifyl
                0x0000000008007410                __fpclassifyd
 .text._OffsetAbsSyms
                0x0000000008007458        0x2 zephyr/CMakeFiles/offsets.dir/./arch/arm/core/offsets/offsets.c.obj
                0x0000000008007458                _OffsetAbsSyms
 .text.gpio_pin_configure
                0x000000000800745a       0x34 app/libapp.a(main.c.obj)
 .text.k_uptime_get
                0x000000000800748e       0x10 app/libapp.a(main.c.obj)
 .text.gpio_pin_set_dt.isra.0
                0x000000000800749e       0x28 app/libapp.a(main.c.obj)
 .text.gpio_pin_configure_dt.isra.0
                0x00000000080074c6        0xc app/libapp.a(main.c.obj)
 .text.k_msleep.isra.0
                0x00000000080074d2        0xa app/libapp.a(main.c.obj)
 .text.gpio_pin_set_dt.isra.0
                0x00000000080074dc       0x28 app/libapp.a(rgbChange.c.obj)
 .text.hexval   0x0000000008007504       0x2c app/libapp.a(gps.c.obj)
 .text.gpio_pin_get.constprop.0
                0x0000000008007530       0x1c app/libapp.a(distance.c.obj)
 .text.gpio_pin_set.constprop.0.isra.0
                0x000000000800754c       0x1c app/libapp.a(distance.c.obj)
 .text.chunk_size
                0x0000000008007568        0xa zephyr/libzephyr.a(heap.c.obj)
 .text.free_list_add
                0x0000000008007572       0x4e zephyr/libzephyr.a(heap.c.obj)
 .text.sys_heap_init
                0x00000000080075c0       0x7a zephyr/libzephyr.a(heap.c.obj)
                0x00000000080075c0                sys_heap_init
 .text.arch_printk_char_out
                0x000000000800763a        0x4 zephyr/libzephyr.a(printk.c.obj)
                0x000000000800763a                arch_printk_char_out
 .text.printk   0x000000000800763e       0x1a zephyr/libzephyr.a(printk.c.obj)
                0x000000000800763e                printk
 .text._ConfigAbsSyms
                0x0000000008007658        0x2 zephyr/libzephyr.a(configs.c.obj)
                0x0000000008007658                _ConfigAbsSyms
 .text.arch_early_memset
                0x000000000800765a        0x4 zephyr/arch/common/libarch__common.a(init.c.obj)
                0x000000000800765a                arch_early_memset
 .text.arch_early_memcpy
                0x000000000800765e        0x4 zephyr/arch/common/libarch__common.a(init.c.obj)
                0x000000000800765e                arch_early_memcpy
 .text.z_do_kernel_oops
                0x0000000008007662        0x8 zephyr/arch/arch/arm/core/libarch__arm__core.a(fatal.c.obj)
                0x0000000008007662                z_do_kernel_oops
 .text.z_arm_nmi
                0x000000000800766a        0xe zephyr/arch/arch/arm/core/libarch__arm__core.a(nmi.c.obj)
                0x000000000800766a                z_arm_nmi
 .text.z_irq_spurious
                0x0000000008007678        0x8 zephyr/arch/arch/arm/core/cortex_m/libarch__arm__core__cortex_m.a(irq_manage.c.obj)
                0x0000000008007678                z_irq_spurious
 .text.z_prep_c
                0x0000000008007680       0x16 zephyr/arch/arch/arm/core/cortex_m/libarch__arm__core__cortex_m.a(prep_c.c.obj)
                0x0000000008007680                z_prep_c
 .text.arch_coprocessors_disable
                0x0000000008007696        0x6 zephyr/arch/arch/arm/core/cortex_m/libarch__arm__core__cortex_m.a(thread.c.obj)
                0x0000000008007696                arch_coprocessors_disable
 .text.arch_irq_unlock_outlined
                0x000000000800769c        0xe zephyr/arch/arch/arm/core/cortex_m/libarch__arm__core__cortex_m.a(thread.c.obj)
                0x000000000800769c                arch_irq_unlock_outlined
 .text.arch_cpu_idle
                0x00000000080076aa       0x1a zephyr/arch/arch/arm/core/cortex_m/libarch__arm__core__cortex_m.a(cpu_idle.c.obj)
                0x00000000080076aa                arch_cpu_idle
 .text.size_to_mpu_rasr_size
                0x00000000080076c4       0x20 zephyr/arch/arch/arm/core/mpu/libarch__arm__core__mpu.a(arm_mpu.c.obj)
 .text.picolibc_put
                0x00000000080076e4        0xa zephyr/lib/libc/picolibc/liblib__libc__picolibc.a(stdio.c.obj)
 .text.stm32_exti_gpio_intc_init
                0x00000000080076ee       0x92 zephyr/drivers/interrupt_controller/libdrivers__interrupt_controller.a(intc_gpio_stm32.c.obj)
 .text.stm32_gpio_intc_get_pin_irq_line
                0x0000000008007780        0xa zephyr/drivers/interrupt_controller/libdrivers__interrupt_controller.a(intc_gpio_stm32.c.obj)
                0x0000000008007780                stm32_gpio_intc_get_pin_irq_line
 .text.stm32_exti_set_line_src_port
                0x000000000800778a       0x3c zephyr/drivers/interrupt_controller/libdrivers__interrupt_controller.a(intc_gpio_stm32.c.obj)
                0x000000000800778a                stm32_exti_set_line_src_port
 .text.adc_stm32_isr_18_init
                0x00000000080077c6       0x16 zephyr/drivers/adc/libdrivers__adc.a(adc_stm32.c.obj)
 .text.adc_stm32_calibration_start.constprop.0.isra.0
                0x00000000080077dc       0x1a zephyr/drivers/adc/libdrivers__adc.a(adc_stm32.c.obj)
 .text.adc_context_start_sampling
                0x00000000080077f6       0x1e zephyr/drivers/adc/libdrivers__adc.a(adc_stm32.c.obj)
 .text.adc_context_on_timer_expired
                0x0000000008007814       0x2e zephyr/drivers/adc/libdrivers__adc.a(adc_stm32.c.obj)
 .text.adc_stm32_enable.isra.0
                0x0000000008007842       0x32 zephyr/drivers/adc/libdrivers__adc.a(adc_stm32.c.obj)
 .text.adc_stm32_disable
                0x0000000008007874       0x3a zephyr/drivers/adc/libdrivers__adc.a(adc_stm32.c.obj)
 .text.LL_RCC_HSI_IsReady
                0x00000000080078ae        0xc zephyr/drivers/clock_control/libdrivers__clock_control.a(clock_stm32_ll_common.c.obj)
 .text.stm32_clock_control_on
                0x00000000080078ba       0x3c zephyr/drivers/clock_control/libdrivers__clock_control.a(clock_stm32_ll_common.c.obj)
 .text.stm32_clock_control_off
                0x00000000080078f6       0x28 zephyr/drivers/clock_control/libdrivers__clock_control.a(clock_stm32_ll_common.c.obj)
 .text.enabled_clock
                0x000000000800791e       0x20 zephyr/drivers/clock_control/libdrivers__clock_control.a(clock_stm32_ll_common.c.obj)
                0x000000000800791e                enabled_clock
 .text.stm32_clock_control_configure
                0x000000000800793e       0x50 zephyr/drivers/clock_control/libdrivers__clock_control.a(clock_stm32_ll_common.c.obj)
 .text.stm32_clock_control_get_status
                0x000000000800798e       0x34 zephyr/drivers/clock_control/libdrivers__clock_control.a(clock_stm32_ll_common.c.obj)
 .text.config_regulator_voltage
                0x00000000080079c2        0x2 zephyr/drivers/clock_control/libdrivers__clock_control.a(clock_stm32_ll_common.c.obj)
                0x00000000080079c2                config_regulator_voltage
 .text.config_enable_default_clocks
                0x00000000080079c4        0x2 zephyr/drivers/clock_control/libdrivers__clock_control.a(clock_stm32l4_l5_wb_wl.c.obj)
                0x00000000080079c4                config_enable_default_clocks
 .text.gpio_stm32_port_get_raw
                0x00000000080079c6        0xc zephyr/drivers/gpio/libdrivers__gpio.a(gpio_stm32.c.obj)
 .text.gpio_stm32_port_set_masked_raw
                0x00000000080079d2       0x12 zephyr/drivers/gpio/libdrivers__gpio.a(gpio_stm32.c.obj)
 .text.gpio_stm32_port_set_bits_raw
                0x00000000080079e4        0xa zephyr/drivers/gpio/libdrivers__gpio.a(gpio_stm32.c.obj)
 .text.gpio_stm32_port_clear_bits_raw
                0x00000000080079ee        0xa zephyr/drivers/gpio/libdrivers__gpio.a(gpio_stm32.c.obj)
 .text.gpio_stm32_port_toggle_bits
                0x00000000080079f8        0xe zephyr/drivers/gpio/libdrivers__gpio.a(gpio_stm32.c.obj)
 .text.gpio_stm32_manage_callback
                0x0000000008007a06       0x52 zephyr/drivers/gpio/libdrivers__gpio.a(gpio_stm32.c.obj)
 .text.gpio_stm32_configure_raw.isra.0
                0x0000000008007a58      0x106 zephyr/drivers/gpio/libdrivers__gpio.a(gpio_stm32.c.obj)
 .text.gpio_stm32_config
                0x0000000008007b5e       0xd4 zephyr/drivers/gpio/libdrivers__gpio.a(gpio_stm32.c.obj)
 .text.gpio_stm32_isr
                0x0000000008007c32       0x2c zephyr/drivers/gpio/libdrivers__gpio.a(gpio_stm32.c.obj)
 .text.gpio_stm32_configure
                0x0000000008007c5e       0x2a zephyr/drivers/gpio/libdrivers__gpio.a(gpio_stm32.c.obj)
                0x0000000008007c5e                gpio_stm32_configure
 .text.i2c_stm32_get_config
                0x0000000008007c88       0x16 zephyr/drivers/i2c/libdrivers__i2c.a(i2c_stm32.c.obj)
                0x0000000008007c88                i2c_stm32_get_config
 .text.i2c_stm32_irq_config_func_0
                0x0000000008007c9e       0x26 zephyr/drivers/i2c/libdrivers__i2c.a(i2c_stm32.c.obj)
 .text.i2c_stm32_transfer
                0x0000000008007cc4       0x8e zephyr/drivers/i2c/libdrivers__i2c.a(i2c_stm32.c.obj)
 .text.i2c_stm32_set_smbus_mode
                0x0000000008007d52       0x16 zephyr/drivers/i2c/libdrivers__i2c.a(i2c_stm32.c.obj)
                0x0000000008007d52                i2c_stm32_set_smbus_mode
 .text.i2c_stm32_event_isr
                0x0000000008007d68        0x4 zephyr/drivers/i2c/libdrivers__i2c.a(i2c_stm32_common.c.obj)
                0x0000000008007d68                i2c_stm32_event_isr
 .text.i2c_stm32_error_isr
                0x0000000008007d6c        0x4 zephyr/drivers/i2c/libdrivers__i2c.a(i2c_stm32_common.c.obj)
                0x0000000008007d6c                i2c_stm32_error_isr
 .text.i2c_stm32_disable_transfer_interrupts
                0x0000000008007d70       0x3e zephyr/drivers/i2c/libdrivers__i2c.a(i2c_stm32_v2.c.obj)
 .text.i2c_stm32_event
                0x0000000008007dae       0x9e zephyr/drivers/i2c/libdrivers__i2c.a(i2c_stm32_v2.c.obj)
                0x0000000008007dae                i2c_stm32_event
 .text.i2c_stm32_error
                0x0000000008007e4c       0x44 zephyr/drivers/i2c/libdrivers__i2c.a(i2c_stm32_v2.c.obj)
                0x0000000008007e4c                i2c_stm32_error
 .text.i2c_stm32_transaction
                0x0000000008007e90      0x106 zephyr/drivers/i2c/libdrivers__i2c.a(i2c_stm32_v2.c.obj)
                0x0000000008007e90                i2c_stm32_transaction
 .text.pinctrl_lookup_state
                0x0000000008007f96       0x26 zephyr/drivers/pinctrl/libdrivers__pinctrl.a(common.c.obj)
                0x0000000008007f96                pinctrl_lookup_state
 .text.reset_stm32_status
                0x0000000008007fbc       0x20 zephyr/drivers/reset/libdrivers__reset.a(reset_stm32.c.obj)
 .text.reset_stm32_line_assert
                0x0000000008007fdc       0x1c zephyr/drivers/reset/libdrivers__reset.a(reset_stm32.c.obj)
 .text.reset_stm32_line_deassert
                0x0000000008007ff8       0x1e zephyr/drivers/reset/libdrivers__reset.a(reset_stm32.c.obj)
 .text.reset_stm32_line_toggle
                0x0000000008008016       0x16 zephyr/drivers/reset/libdrivers__reset.a(reset_stm32.c.obj)
 .text.uart_stm32_ll2cfg_databits
                0x000000000800802c       0x2a zephyr/drivers/serial/libdrivers__serial.a(uart_stm32.c.obj)
 .text.uart_stm32_err_check
                0x0000000008008056       0x5a zephyr/drivers/serial/libdrivers__serial.a(uart_stm32.c.obj)
 .text.uart_stm32_irq_tx_enable
                0x00000000080080b0       0x16 zephyr/drivers/serial/libdrivers__serial.a(uart_stm32.c.obj)
 .text.uart_stm32_irq_tx_disable
                0x00000000080080c6       0x16 zephyr/drivers/serial/libdrivers__serial.a(uart_stm32.c.obj)
 .text.uart_stm32_irq_rx_enable
                0x00000000080080dc       0x16 zephyr/drivers/serial/libdrivers__serial.a(uart_stm32.c.obj)
 .text.uart_stm32_irq_rx_disable
                0x00000000080080f2       0x16 zephyr/drivers/serial/libdrivers__serial.a(uart_stm32.c.obj)
 .text.uart_stm32_irq_rx_ready
                0x0000000008008108        0xc zephyr/drivers/serial/libdrivers__serial.a(uart_stm32.c.obj)
 .text.uart_stm32_irq_update
                0x0000000008008114        0x4 zephyr/drivers/serial/libdrivers__serial.a(uart_stm32.c.obj)
 .text.uart_stm32_irq_callback_set
                0x0000000008008118        0x8 zephyr/drivers/serial/libdrivers__serial.a(uart_stm32.c.obj)
 .text.uart_stm32_isr
                0x0000000008008120        0xc zephyr/drivers/serial/libdrivers__serial.a(uart_stm32.c.obj)
 .text.uart_stm32_irq_config_func_0
                0x000000000800812c       0x16 zephyr/drivers/serial/libdrivers__serial.a(uart_stm32.c.obj)
 .text.uart_stm32_irq_config_func_1
                0x0000000008008142       0x16 zephyr/drivers/serial/libdrivers__serial.a(uart_stm32.c.obj)
 .text.uart_stm32_irq_tx_complete
                0x0000000008008158        0xc zephyr/drivers/serial/libdrivers__serial.a(uart_stm32.c.obj)
 .text.uart_stm32_irq_tx_ready
                0x0000000008008164       0x14 zephyr/drivers/serial/libdrivers__serial.a(uart_stm32.c.obj)
 .text.uart_stm32_config_get
                0x0000000008008178       0x92 zephyr/drivers/serial/libdrivers__serial.a(uart_stm32.c.obj)
 .text.uart_stm32_fifo_fill
                0x000000000800820a       0x58 zephyr/drivers/serial/libdrivers__serial.a(uart_stm32.c.obj)
 .text.uart_stm32_poll_out
                0x0000000008008262       0x36 zephyr/drivers/serial/libdrivers__serial.a(uart_stm32.c.obj)
 .text.uart_stm32_irq_is_pending
                0x0000000008008298       0x24 zephyr/drivers/serial/libdrivers__serial.a(uart_stm32.c.obj)
 .text.uart_stm32_fifo_read
                0x00000000080082bc       0x44 zephyr/drivers/serial/libdrivers__serial.a(uart_stm32.c.obj)
 .text.uart_stm32_poll_in
                0x0000000008008300       0x20 zephyr/drivers/serial/libdrivers__serial.a(uart_stm32.c.obj)
 .text.uart_stm32_parameters_set
                0x0000000008008320      0x13e zephyr/drivers/serial/libdrivers__serial.a(uart_stm32.c.obj)
 .text.z_impl_k_busy_wait
                0x000000000800845e       0x1c zephyr/kernel/libkernel.a(busy_wait.c.obj)
                0x000000000800845e                z_impl_k_busy_wait
 .text.do_device_init
                0x000000000800847a       0x30 zephyr/kernel/libkernel.a(device.c.obj)
                0x000000000800847a                do_device_init
 .text.z_impl_device_is_ready
                0x00000000080084aa       0x16 zephyr/kernel/libkernel.a(device.c.obj)
                0x00000000080084aa                z_impl_device_is_ready
 .text.arch_system_halt
                0x00000000080084c0       0x10 zephyr/kernel/libkernel.a(fatal.c.obj)
                0x00000000080084c0                arch_system_halt
 .text.k_sys_fatal_error_handler
                0x00000000080084d0        0x6 zephyr/kernel/libkernel.a(fatal.c.obj)
                0x00000000080084d0                k_sys_fatal_error_handler
 .text.idle     0x00000000080084d6       0x16 zephyr/kernel/libkernel.a(idle.c.obj)
                0x00000000080084d6                idle
 .text.unpend_thread_no_timeout
                0x00000000080084ec       0x1a zephyr/kernel/libkernel.a(msg_q.c.obj)
 .text.z_impl_k_msgq_put
                0x0000000008008506        0xe zephyr/kernel/libkernel.a(msg_q.c.obj)
                0x0000000008008506                z_impl_k_msgq_put
 .text.z_impl_k_sem_init
                0x0000000008008514       0x18 zephyr/kernel/libkernel.a(sem.c.obj)
                0x0000000008008514                z_impl_k_sem_init
 .text.sys_dlist_remove
                0x000000000800852c       0x10 zephyr/kernel/libkernel.a(sched.c.obj)
 .text.unpend_thread_no_timeout
                0x000000000800853c       0x14 zephyr/kernel/libkernel.a(sched.c.obj)
 .text.add_to_waitq_locked
                0x0000000008008550       0x50 zephyr/kernel/libkernel.a(sched.c.obj)
 .text.z_ready_thread
                0x00000000080085a0       0x1e zephyr/kernel/libkernel.a(sched.c.obj)
                0x00000000080085a0                z_ready_thread
 .text.z_unpend_thread_no_timeout
                0x00000000080085be       0x22 zephyr/kernel/libkernel.a(sched.c.obj)
                0x00000000080085be                z_unpend_thread_no_timeout
 .text.z_sched_wake_thread
                0x00000000080085e0       0x3a zephyr/kernel/libkernel.a(sched.c.obj)
                0x00000000080085e0                z_sched_wake_thread
 .text.z_thread_timeout
                0x000000000800861a        0x8 zephyr/kernel/libkernel.a(sched.c.obj)
                0x000000000800861a                z_thread_timeout
 .text.z_unpend1_no_timeout
                0x0000000008008622       0x2c zephyr/kernel/libkernel.a(sched.c.obj)
                0x0000000008008622                z_unpend1_no_timeout
 .text.z_impl_k_sleep
                0x000000000800864e       0x3e zephyr/kernel/libkernel.a(sched.c.obj)
                0x000000000800864e                z_impl_k_sleep
 .text.next_timeout
                0x000000000800868c       0x2e zephyr/kernel/libkernel.a(timeout.c.obj)
 .text.z_abort_timeout
                0x00000000080086ba       0x50 zephyr/kernel/libkernel.a(timeout.c.obj)
                0x00000000080086ba                z_abort_timeout
 .text.sys_clock_tick_get_32
                0x000000000800870a        0x8 zephyr/kernel/libkernel.a(timeout.c.obj)
                0x000000000800870a                sys_clock_tick_get_32
 .text.z_impl_k_uptime_ticks
                0x0000000008008712        0x4 zephyr/kernel/libkernel.a(timeout.c.obj)
                0x0000000008008712                z_impl_k_uptime_ticks
 .text.z_impl_k_timer_stop
                0x0000000008008716       0x38 zephyr/kernel/libkernel.a(timer.c.obj)
                0x0000000008008716                z_impl_k_timer_stop
 .text.k_heap_init
                0x000000000800874e       0x10 zephyr/kernel/libkernel.a(kheap.c.obj)
                0x000000000800874e                k_heap_init
 .text.memcpy   0x000000000800875e       0x1c /home/cl0us/zephyr-sdk-0.17.4/arm-zephyr-eabi/bin/../lib/gcc/../../picolibc/arm-zephyr-eabi/lib/thumb/v7e-m/nofp/libc.a(memcpy.c.o)
                0x000000000800875e                memcpy
                0x000000000800875e                __aeabi_memcpy
                0x000000000800875e                __aeabi_memcpy4
                0x000000000800875e                __aeabi_memcpy8
 .text.memset   0x000000000800877a       0x10 /home/cl0us/zephyr-sdk-0.17.4/arm-zephyr-eabi/bin/../lib/gcc/../../picolibc/arm-zephyr-eabi/lib/thumb/v7e-m/nofp/libc.a(memset.c.o)
                0x000000000800877a                memset
 .text.atoi     0x000000000800878a        0x8 /home/cl0us/zephyr-sdk-0.17.4/arm-zephyr-eabi/bin/../lib/gcc/../../picolibc/arm-zephyr-eabi/lib/thumb/v7e-m/nofp/libc.a(libc_stdlib_atoi.c.o)
                0x000000000800878a                atoi
 .text.strchr   0x0000000008008792       0x1a /home/cl0us/zephyr-sdk-0.17.4/arm-zephyr-eabi/bin/../lib/gcc/../../picolibc/arm-zephyr-eabi/lib/thumb/v7e-m/nofp/libc.a(libc_string_strchr.c.o)
                0x0000000008008792                strchr
 .text.strncmp  0x00000000080087ac       0x24 /home/cl0us/zephyr-sdk-0.17.4/arm-zephyr-eabi/bin/../lib/gcc/../../picolibc/arm-zephyr-eabi/lib/thumb/v7e-m/nofp/libc.a(libc_string_strncmp.c.o)
                0x00000000080087ac                strncmp
 .text.strncpy  0x00000000080087d0       0x20 /home/cl0us/zephyr-sdk-0.17.4/arm-zephyr-eabi/bin/../lib/gcc/../../picolibc/arm-zephyr-eabi/lib/thumb/v7e-m/nofp/libc.a(libc_string_strncpy.c.o)
                0x00000000080087d0                strncpy
 .text.strnlen  0x00000000080087f0       0x18 /home/cl0us/zephyr-sdk-0.17.4/arm-zephyr-eabi/bin/../lib/gcc/../../picolibc/arm-zephyr-eabi/lib/thumb/v7e-m/nofp/libc.a(libc_string_strnlen.c.o)
                0x00000000080087f0                strnlen
 .text.strrchr  0x0000000008008808       0x2c /home/cl0us/zephyr-sdk-0.17.4/arm-zephyr-eabi/bin/../lib/gcc/../../picolibc/arm-zephyr-eabi/lib/thumb/v7e-m/nofp/libc.a(libc_string_strrchr.c.o)
                0x0000000008008808                strrchr
 .text.strsep   0x0000000008008834        0xa /home/cl0us/zephyr-sdk-0.17.4/arm-zephyr-eabi/bin/../lib/gcc/../../picolibc/arm-zephyr-eabi/lib/thumb/v7e-m/nofp/libc.a(libc_string_strsep.c.o)
                0x0000000008008834                strsep
 .text.__strtok_r
                0x000000000800883e       0x50 /home/cl0us/zephyr-sdk-0.17.4/arm-zephyr-eabi/bin/../lib/gcc/../../picolibc/arm-zephyr-eabi/lib/thumb/v7e-m/nofp/libc.a(libc_string_strtok_r.c.o)
                0x000000000800883e                __strtok_r
 .text.__ultoa_invert
                0x000000000800888e       0x50 /home/cl0us/zephyr-sdk-0.17.4/arm-zephyr-eabi/bin/../lib/gcc/../../picolibc/arm-zephyr-eabi/lib/thumb/v7e-m/nofp/libc.a(libc_tinystdio_vfprintf.c.o)
 .text.mulShift64
                0x00000000080088de       0x62 /home/cl0us/zephyr-sdk-0.17.4/arm-zephyr-eabi/bin/../lib/gcc/../../picolibc/arm-zephyr-eabi/lib/thumb/v7e-m/nofp/libc.a(libc_tinystdio_atod_ryu.c.o)
 .text.mulShiftAll64
                0x0000000008008940      0x176 /home/cl0us/zephyr-sdk-0.17.4/arm-zephyr-eabi/bin/../lib/gcc/../../picolibc/arm-zephyr-eabi/lib/thumb/v7e-m/nofp/libc.a(libc_tinystdio_dtoa_ryu.c.o)
 .text.__umul128
                0x0000000008008ab6       0x36 /home/cl0us/zephyr-sdk-0.17.4/arm-zephyr-eabi/bin/../lib/gcc/../../picolibc/arm-zephyr-eabi/lib/thumb/v7e-m/nofp/libc.a(libc_tinystdio_ryu_umul128.c.o)
                0x0000000008008ab6                __umul128
 .text.__shiftright128
                0x0000000008008aec       0x3e /home/cl0us/zephyr-sdk-0.17.4/arm-zephyr-eabi/bin/../lib/gcc/../../picolibc/arm-zephyr-eabi/lib/thumb/v7e-m/nofp/libc.a(libc_tinystdio_ryu_umul128.c.o)
                0x0000000008008aec                __shiftright128
 .text.isnan    0x0000000008008b2a       0x1a /home/cl0us/zephyr-sdk-0.17.4/arm-zephyr-eabi/bin/../lib/gcc/../../picolibc/arm-zephyr-eabi/lib/thumb/v7e-m/nofp/libc.a(libm_common_s_isnan.c.o)
                0x0000000008008b2a                __isnanl
                0x0000000008008b2a                isnan
                0x0000000008008b2a                isnanl
                0x0000000008008b2a                __isnand
 .text.__dtox_engine
                0x0000000008008b44      0x128 /home/cl0us/zephyr-sdk-0.17.4/arm-zephyr-eabi/bin/../lib/gcc/../../picolibc/arm-zephyr-eabi/lib/thumb/v7e-m/nofp/libc.a(libc_tinystdio_dtox_engine.c.o)
                0x0000000008008b44                __dtox_engine
 .text.__file_str_put
                0x0000000008008c6c       0x10 /home/cl0us/zephyr-sdk-0.17.4/arm-zephyr-eabi/bin/../lib/gcc/../../picolibc/arm-zephyr-eabi/lib/thumb/v7e-m/nofp/libc.a(libc_tinystdio_filestrput.c.o)
                0x0000000008008c6c                __file_str_put
 *(SORT_BY_ALIGNMENT(.TEXT.*))
 .TEXT.__aeabi_read_tp
                0x0000000008008c7c        0xc zephyr/arch/arch/arm/core/cortex_m/libarch__arm__core__cortex_m.a(__aeabi_read_tp.S.obj)
                0x0000000008008c7c                __aeabi_read_tp
 *(SORT_BY_ALIGNMENT(.gnu.linkonce.t.*))
 *(SORT_BY_ALIGNMENT(.glue_7t))
 .glue_7t       0x0000000008008c88        0x0 linker stubs
 *(SORT_BY_ALIGNMENT(.glue_7))
 .glue_7        0x0000000008008c88        0x0 linker stubs
 *(SORT_BY_ALIGNMENT(.vfp11_veneer))
 .vfp11_veneer  0x0000000008008c88        0x0 linker stubs
 *(SORT_BY_ALIGNMENT(.v4_bx))
 .v4_bx         0x0000000008008c88        0x0 linker stubs
                0x0000000008008c88                . = ALIGN (0x4)
                0x0000000008008c88                __text_region_end = .

.ARM.exidx      0x0000000008008c88        0x8
                0x0000000008008c88                __exidx_start = .
 *(SORT_BY_ALIGNMENT(.ARM.exidx*) SORT_BY_ALIGNMENT(gnu.linkonce.armexidx.*))
 .ARM.exidx     0x0000000008008c88        0x8 /home/cl0us/zephyr-sdk-0.17.4/arm-zephyr-eabi/bin/../lib/gcc/arm-zephyr-eabi/12.2.0/thumb/v7e-m/nofp/libgcc.a(_udivmoddi4.o)
                0x0000000008008c90                __exidx_end = .
                0x0000000008008c90                __rodata_region_start = .

initlevel       0x0000000008008c90       0x88
                0x0000000008008c90                __init_start = .
                0x0000000008008c90                __init_EARLY_start = .
 *(SORT_BY_NAME(SORT_BY_ALIGNMENT(.z_init_EARLY_P_?_*)))
 *(SORT_BY_NAME(SORT_BY_ALIGNMENT(.z_init_EARLY_P_??_*)))
 *(SORT_BY_NAME(SORT_BY_ALIGNMENT(.z_init_EARLY_P_???_*)))
                0x0000000008008c90                __init_PRE_KERNEL_1_start = .
 *(SORT_BY_NAME(SORT_BY_ALIGNMENT(.z_init_PRE_KERNEL_1_P_?_*)))
 .z_init_PRE_KERNEL_1_P_1_SUB_00009_
                0x0000000008008c90        0x8 zephyr/drivers/clock_control/libdrivers__clock_control.a(clock_stm32_ll_common.c.obj)
 .z_init_PRE_KERNEL_1_P_1_SUB_0_
                0x0000000008008c98        0x8 zephyr/libzephyr.a(soc_config.c.obj)
 *(SORT_BY_NAME(SORT_BY_ALIGNMENT(.z_init_PRE_KERNEL_1_P_??_*)))
 .z_init_PRE_KERNEL_1_P_30_SUB_0_
                0x0000000008008ca0        0x8 zephyr/kernel/libkernel.a(kheap.c.obj)
 .z_init_PRE_KERNEL_1_P_35_SUB_00053_
                0x0000000008008ca8        0x8 zephyr/drivers/reset/libdrivers__reset.a(reset_stm32.c.obj)
 .z_init_PRE_KERNEL_1_P_40_SUB_00037_
                0x0000000008008cb0        0x8 zephyr/drivers/gpio/libdrivers__gpio.a(gpio_stm32.c.obj)
 .z_init_PRE_KERNEL_1_P_40_SUB_00038_
                0x0000000008008cb8        0x8 zephyr/drivers/gpio/libdrivers__gpio.a(gpio_stm32.c.obj)
 .z_init_PRE_KERNEL_1_P_40_SUB_00043_
                0x0000000008008cc0        0x8 zephyr/drivers/gpio/libdrivers__gpio.a(gpio_stm32.c.obj)
 .z_init_PRE_KERNEL_1_P_40_SUB_00060_
                0x0000000008008cc8        0x8 zephyr/drivers/interrupt_controller/libdrivers__interrupt_controller.a(intc_exti_stm32.c.obj)
 .z_init_PRE_KERNEL_1_P_40_SUB_00086_
                0x0000000008008cd0        0x8 zephyr/drivers/gpio/libdrivers__gpio.a(gpio_stm32.c.obj)
 .z_init_PRE_KERNEL_1_P_40_SUB_0_
                0x0000000008008cd8        0x8 zephyr/drivers/interrupt_controller/libdrivers__interrupt_controller.a(intc_gpio_stm32.c.obj)
 .z_init_PRE_KERNEL_1_P_50_SUB_00065_
                0x0000000008008ce0        0x8 zephyr/drivers/serial/libdrivers__serial.a(uart_stm32.c.obj)
 .z_init_PRE_KERNEL_1_P_50_SUB_00068_
                0x0000000008008ce8        0x8 zephyr/drivers/serial/libdrivers__serial.a(uart_stm32.c.obj)
 .z_init_PRE_KERNEL_1_P_60_SUB_0_
                0x0000000008008cf0        0x8 zephyr/drivers/console/libdrivers__console.a(uart_console.c.obj)
 *(SORT_BY_NAME(SORT_BY_ALIGNMENT(.z_init_PRE_KERNEL_1_P_???_*)))
                0x0000000008008cf8                __init_PRE_KERNEL_2_start = .
 *(SORT_BY_NAME(SORT_BY_ALIGNMENT(.z_init_PRE_KERNEL_2_P_?_*)))
 .z_init_PRE_KERNEL_2_P_0_SUB_0_
                0x0000000008008cf8        0x8 zephyr/drivers/timer/libdrivers__timer.a(cortex_m_systick.c.obj)
 *(SORT_BY_NAME(SORT_BY_ALIGNMENT(.z_init_PRE_KERNEL_2_P_??_*)))
 *(SORT_BY_NAME(SORT_BY_ALIGNMENT(.z_init_PRE_KERNEL_2_P_???_*)))
                0x0000000008008d00                __init_POST_KERNEL_start = .
 *(SORT_BY_NAME(SORT_BY_ALIGNMENT(.z_init_POST_KERNEL_P_?_*)))
 *(SORT_BY_NAME(SORT_BY_ALIGNMENT(.z_init_POST_KERNEL_P_??_*)))
 .z_init_POST_KERNEL_P_35_SUB_0_
                0x0000000008008d00        0x8 zephyr/lib/libc/common/liblib__libc__common.a(malloc.c.obj)
 .z_init_POST_KERNEL_P_50_SUB_00013_
                0x0000000008008d08        0x8 zephyr/drivers/adc/libdrivers__adc.a(adc_stm32.c.obj)
 .z_init_POST_KERNEL_P_50_SUB_00020_
                0x0000000008008d10        0x8 zephyr/drivers/i2c/libdrivers__i2c.a(i2c_stm32.c.obj)
 *(SORT_BY_NAME(SORT_BY_ALIGNMENT(.z_init_POST_KERNEL_P_???_*)))
                0x0000000008008d18                __init_APPLICATION_start = .
 *(SORT_BY_NAME(SORT_BY_ALIGNMENT(.z_init_APPLICATION_P_?_*)))
 *(SORT_BY_NAME(SORT_BY_ALIGNMENT(.z_init_APPLICATION_P_??_*)))
 *(SORT_BY_NAME(SORT_BY_ALIGNMENT(.z_init_APPLICATION_P_???_*)))
                0x0000000008008d18                __init_SMP_start = .
 *(SORT_BY_NAME(SORT_BY_ALIGNMENT(.z_init_SMP_P_?_*)))
 *(SORT_BY_NAME(SORT_BY_ALIGNMENT(.z_init_SMP_P_??_*)))
 *(SORT_BY_NAME(SORT_BY_ALIGNMENT(.z_init_SMP_P_???_*)))
                0x0000000008008d18                __init_end = .

device_area     0x0000000008008d18      0x134
                0x0000000008008d18                _device_list_start = .
 *(SORT_BY_NAME(SORT_BY_ALIGNMENT(._device.static.*_?_*)))
 ._device.static.1_1_
                0x0000000008008d18       0x1c zephyr/drivers/clock_control/libdrivers__clock_control.a(clock_stm32_ll_common.c.obj)
                0x0000000008008d18                __device_dts_ord_9
 *(SORT_BY_NAME(SORT_BY_ALIGNMENT(._device.static.*_??_*)))
 ._device.static.1_35_
                0x0000000008008d34       0x1c zephyr/drivers/reset/libdrivers__reset.a(reset_stm32.c.obj)
                0x0000000008008d34                __device_dts_ord_53
 ._device.static.1_40_
                0x0000000008008d50       0x1c zephyr/drivers/interrupt_controller/libdrivers__interrupt_controller.a(intc_exti_stm32.c.obj)
                0x0000000008008d50                __device_dts_ord_60
 ._device.static.1_40_
                0x0000000008008d6c       0x70 zephyr/drivers/gpio/libdrivers__gpio.a(gpio_stm32.c.obj)
                0x0000000008008d6c                __device_dts_ord_86
                0x0000000008008d88                __device_dts_ord_38
                0x0000000008008da4                __device_dts_ord_43
                0x0000000008008dc0                __device_dts_ord_37
 ._device.static.1_50_
                0x0000000008008ddc       0x38 zephyr/drivers/serial/libdrivers__serial.a(uart_stm32.c.obj)
                0x0000000008008ddc                __device_dts_ord_65
                0x0000000008008df8                __device_dts_ord_68
 ._device.static.3_50_
                0x0000000008008e14       0x1c zephyr/drivers/adc/libdrivers__adc.a(adc_stm32.c.obj)
                0x0000000008008e14                __device_dts_ord_13
 ._device.static.3_50_
                0x0000000008008e30       0x1c zephyr/drivers/i2c/libdrivers__i2c.a(i2c_stm32.c.obj)
                0x0000000008008e30                __device_dts_ord_20
 *(SORT_BY_NAME(SORT_BY_ALIGNMENT(._device.static.*_???_*)))
 *(SORT_BY_NAME(SORT_BY_ALIGNMENT(._device.static.*_????_*)))
 *(SORT_BY_NAME(SORT_BY_ALIGNMENT(._device.static.*_?????_*)))
                0x0000000008008e4c                _device_list_end = .

sw_isr_table    0x0000000008008e4c      0x1f0
                0x0000000008008e4c                . = ALIGN (0x4)
 *(SORT_BY_ALIGNMENT(.gnu.linkonce.sw_isr_table*))
 .gnu.linkonce.sw_isr_table
                0x0000000008008e4c      0x1f0 zephyr/CMakeFiles/zephyr_final.dir/isr_tables.c.obj
                0x0000000008008e4c                _sw_isr_table

initlevel_error
                0x0000000008008c90        0x0
 *(SORT_BY_NAME(SORT_BY_ALIGNMENT(.z_init_*)))
                0x0000000000000001                ASSERT ((SIZEOF (initlevel_error) == 0x0), Undefined initialization levels used.)

app_shmem_regions
                0x000000000800903c        0x0
                0x000000000800903c                __app_shmem_regions_start = .
 *(SORT_BY_NAME(SORT_BY_ALIGNMENT(.app_regions.*)))
                0x000000000800903c                __app_shmem_regions_end = .

k_p4wq_initparam_area
                0x000000000800903c        0x0
                0x000000000800903c                _k_p4wq_initparam_list_start = .
 *(SORT_BY_NAME(SORT_BY_ALIGNMENT(._k_p4wq_initparam.static.*)))
                0x000000000800903c                _k_p4wq_initparam_list_end = .

_static_thread_data_area
                0x0000000008009040       0x30
                0x0000000008009040                __static_thread_data_list_start = .
 *(SORT_BY_NAME(SORT_BY_ALIGNMENT(.__static_thread_data.static.*)))
 .__static_thread_data.static._k_thread_data_gpsThread_
                0x0000000008009040       0x30 app/libapp.a(main.c.obj)
                0x0000000008009040                _k_thread_data_gpsThread
                0x0000000008009070                __static_thread_data_list_end = .

device_deps     0x0000000008009070        0x0
                0x0000000008009070                __device_deps_start = .
 *(SORT_BY_NAME(SORT_BY_ALIGNMENT(.__device_deps_pass2*)))
                0x0000000008009070                __device_deps_end = .

adc_driver_api_area
                0x0000000008009070        0xc
                0x0000000008009070                _adc_driver_api_list_start = .
 *(SORT_BY_NAME(SORT_BY_ALIGNMENT(._adc_driver_api.static.*)))
 ._adc_driver_api.static.api_stm32_driver_api_
                0x0000000008009070        0xc zephyr/drivers/adc/libdrivers__adc.a(adc_stm32.c.obj)
                0x000000000800907c                _adc_driver_api_list_end = .

gpio_driver_api_area
                0x000000000800907c       0x24
                0x000000000800907c                _gpio_driver_api_list_start = .
 *(SORT_BY_NAME(SORT_BY_ALIGNMENT(._gpio_driver_api.static.*)))
 ._gpio_driver_api.static.gpio_stm32_driver_
                0x000000000800907c       0x24 zephyr/drivers/gpio/libdrivers__gpio.a(gpio_stm32.c.obj)
                0x00000000080090a0                _gpio_driver_api_list_end = .

i2c_driver_api_area
                0x00000000080090a0       0x18
                0x00000000080090a0                _i2c_driver_api_list_start = .
 *(SORT_BY_NAME(SORT_BY_ALIGNMENT(._i2c_driver_api.static.*)))
 ._i2c_driver_api.static.api_funcs_
                0x00000000080090a0       0x18 zephyr/drivers/i2c/libdrivers__i2c.a(i2c_stm32.c.obj)
                0x00000000080090b8                _i2c_driver_api_list_end = .

i2c_target_driver_api_area
                0x00000000080090b8        0x0
                0x00000000080090b8                _i2c_target_driver_api_list_start = .
 *(SORT_BY_NAME(SORT_BY_ALIGNMENT(._i2c_target_driver_api.static.*)))
                0x00000000080090b8                _i2c_target_driver_api_list_end = .

reset_driver_api_area
                0x00000000080090b8       0x10
                0x00000000080090b8                _reset_driver_api_list_start = .
 *(SORT_BY_NAME(SORT_BY_ALIGNMENT(._reset_driver_api.static.*)))
 ._reset_driver_api.static.reset_stm32_driver_api_
                0x00000000080090b8       0x10 zephyr/drivers/reset/libdrivers__reset.a(reset_stm32.c.obj)
                0x00000000080090c8                _reset_driver_api_list_end = .

shared_irq_driver_api_area
                0x00000000080090c8        0x0
                0x00000000080090c8                _shared_irq_driver_api_list_start = .
 *(SORT_BY_NAME(SORT_BY_ALIGNMENT(._shared_irq_driver_api.static.*)))
                0x00000000080090c8                _shared_irq_driver_api_list_end = .

crypto_driver_api_area
                0x00000000080090c8        0x0
                0x00000000080090c8                _crypto_driver_api_list_start = .
 *(SORT_BY_NAME(SORT_BY_ALIGNMENT(._crypto_driver_api.static.*)))
                0x00000000080090c8                _crypto_driver_api_list_end = .

auxdisplay_driver_api_area
                0x00000000080090c8        0x0
                0x00000000080090c8                _auxdisplay_driver_api_list_start = .
 *(SORT_BY_NAME(SORT_BY_ALIGNMENT(._auxdisplay_driver_api.static.*)))
                0x00000000080090c8                _auxdisplay_driver_api_list_end = .

bbram_driver_api_area
                0x00000000080090c8        0x0
                0x00000000080090c8                _bbram_driver_api_list_start = .
 *(SORT_BY_NAME(SORT_BY_ALIGNMENT(._bbram_driver_api.static.*)))
                0x00000000080090c8                _bbram_driver_api_list_end = .

bt_hci_driver_api_area
                0x00000000080090c8        0x0
                0x00000000080090c8                _bt_hci_driver_api_list_start = .
 *(SORT_BY_NAME(SORT_BY_ALIGNMENT(._bt_hci_driver_api.static.*)))
                0x00000000080090c8                _bt_hci_driver_api_list_end = .

can_driver_api_area
                0x00000000080090c8        0x0
                0x00000000080090c8                _can_driver_api_list_start = .
 *(SORT_BY_NAME(SORT_BY_ALIGNMENT(._can_driver_api.static.*)))
                0x00000000080090c8                _can_driver_api_list_end = .

cellular_driver_api_area
                0x00000000080090c8        0x0
                0x00000000080090c8                _cellular_driver_api_list_start = .
 *(SORT_BY_NAME(SORT_BY_ALIGNMENT(._cellular_driver_api.static.*)))
                0x00000000080090c8                _cellular_driver_api_list_end = .

charger_driver_api_area
                0x00000000080090c8        0x0
                0x00000000080090c8                _charger_driver_api_list_start = .
 *(SORT_BY_NAME(SORT_BY_ALIGNMENT(._charger_driver_api.static.*)))
                0x00000000080090c8                _charger_driver_api_list_end = .

clock_control_driver_api_area
                0x00000000080090c8       0x1c
                0x00000000080090c8                _clock_control_driver_api_list_start = .
 *(SORT_BY_NAME(SORT_BY_ALIGNMENT(._clock_control_driver_api.static.*)))
 ._clock_control_driver_api.static.stm32_clock_control_api_
                0x00000000080090c8       0x1c zephyr/drivers/clock_control/libdrivers__clock_control.a(clock_stm32_ll_common.c.obj)
                0x00000000080090e4                _clock_control_driver_api_list_end = .

comparator_driver_api_area
                0x00000000080090e4        0x0
                0x00000000080090e4                _comparator_driver_api_list_start = .
 *(SORT_BY_NAME(SORT_BY_ALIGNMENT(._comparator_driver_api.static.*)))
                0x00000000080090e4                _comparator_driver_api_list_end = .

coredump_driver_api_area
                0x00000000080090e4        0x0
                0x00000000080090e4                _coredump_driver_api_list_start = .
 *(SORT_BY_NAME(SORT_BY_ALIGNMENT(._coredump_driver_api.static.*)))
                0x00000000080090e4                _coredump_driver_api_list_end = .

counter_driver_api_area
                0x00000000080090e4        0x0
                0x00000000080090e4                _counter_driver_api_list_start = .
 *(SORT_BY_NAME(SORT_BY_ALIGNMENT(._counter_driver_api.static.*)))
                0x00000000080090e4                _counter_driver_api_list_end = .

crc_driver_api_area
                0x00000000080090e4        0x0
                0x00000000080090e4                _crc_driver_api_list_start = .
 *(SORT_BY_NAME(SORT_BY_ALIGNMENT(._crc_driver_api.static.*)))
                0x00000000080090e4                _crc_driver_api_list_end = .

dac_driver_api_area
                0x00000000080090e4        0x0
                0x00000000080090e4                _dac_driver_api_list_start = .
 *(SORT_BY_NAME(SORT_BY_ALIGNMENT(._dac_driver_api.static.*)))
                0x00000000080090e4                _dac_driver_api_list_end = .

dai_driver_api_area
                0x00000000080090e4        0x0
                0x00000000080090e4                _dai_driver_api_list_start = .
 *(SORT_BY_NAME(SORT_BY_ALIGNMENT(._dai_driver_api.static.*)))
                0x00000000080090e4                _dai_driver_api_list_end = .

display_driver_api_area
                0x00000000080090e4        0x0
                0x00000000080090e4                _display_driver_api_list_start = .
 *(SORT_BY_NAME(SORT_BY_ALIGNMENT(._display_driver_api.static.*)))
                0x00000000080090e4                _display_driver_api_list_end = .

dma_driver_api_area
                0x00000000080090e4        0x0
                0x00000000080090e4                _dma_driver_api_list_start = .
 *(SORT_BY_NAME(SORT_BY_ALIGNMENT(._dma_driver_api.static.*)))
                0x00000000080090e4                _dma_driver_api_list_end = .

edac_driver_api_area
                0x00000000080090e4        0x0
                0x00000000080090e4                _edac_driver_api_list_start = .
 *(SORT_BY_NAME(SORT_BY_ALIGNMENT(._edac_driver_api.static.*)))
                0x00000000080090e4                _edac_driver_api_list_end = .

eeprom_driver_api_area
                0x00000000080090e4        0x0
                0x00000000080090e4                _eeprom_driver_api_list_start = .
 *(SORT_BY_NAME(SORT_BY_ALIGNMENT(._eeprom_driver_api.static.*)))
                0x00000000080090e4                _eeprom_driver_api_list_end = .

emul_bbram_driver_api_area
                0x00000000080090e4        0x0
                0x00000000080090e4                _emul_bbram_driver_api_list_start = .
 *(SORT_BY_NAME(SORT_BY_ALIGNMENT(._emul_bbram_driver_api.static.*)))
                0x00000000080090e4                _emul_bbram_driver_api_list_end = .

fuel_gauge_emul_driver_api_area
                0x00000000080090e4        0x0
                0x00000000080090e4                _fuel_gauge_emul_driver_api_list_start = .
 *(SORT_BY_NAME(SORT_BY_ALIGNMENT(._fuel_gauge_emul_driver_api.static.*)))
                0x00000000080090e4                _fuel_gauge_emul_driver_api_list_end = .

emul_sensor_driver_api_area
                0x00000000080090e4        0x0
                0x00000000080090e4                _emul_sensor_driver_api_list_start = .
 *(SORT_BY_NAME(SORT_BY_ALIGNMENT(._emul_sensor_driver_api.static.*)))
                0x00000000080090e4                _emul_sensor_driver_api_list_end = .

entropy_driver_api_area
                0x00000000080090e4        0x0
                0x00000000080090e4                _entropy_driver_api_list_start = .
 *(SORT_BY_NAME(SORT_BY_ALIGNMENT(._entropy_driver_api.static.*)))
                0x00000000080090e4                _entropy_driver_api_list_end = .

espi_driver_api_area
                0x00000000080090e4        0x0
                0x00000000080090e4                _espi_driver_api_list_start = .
 *(SORT_BY_NAME(SORT_BY_ALIGNMENT(._espi_driver_api.static.*)))
                0x00000000080090e4                _espi_driver_api_list_end = .

espi_saf_driver_api_area
                0x00000000080090e4        0x0
                0x00000000080090e4                _espi_saf_driver_api_list_start = .
 *(SORT_BY_NAME(SORT_BY_ALIGNMENT(._espi_saf_driver_api.static.*)))
                0x00000000080090e4                _espi_saf_driver_api_list_end = .

flash_driver_api_area
                0x00000000080090e4        0x0
                0x00000000080090e4                _flash_driver_api_list_start = .
 *(SORT_BY_NAME(SORT_BY_ALIGNMENT(._flash_driver_api.static.*)))
                0x00000000080090e4                _flash_driver_api_list_end = .

fpga_driver_api_area
                0x00000000080090e4        0x0
                0x00000000080090e4                _fpga_driver_api_list_start = .
 *(SORT_BY_NAME(SORT_BY_ALIGNMENT(._fpga_driver_api.static.*)))
                0x00000000080090e4                _fpga_driver_api_list_end = .

fuel_gauge_driver_api_area
                0x00000000080090e4        0x0
                0x00000000080090e4                _fuel_gauge_driver_api_list_start = .
 *(SORT_BY_NAME(SORT_BY_ALIGNMENT(._fuel_gauge_driver_api.static.*)))
                0x00000000080090e4                _fuel_gauge_driver_api_list_end = .

gnss_driver_api_area
                0x00000000080090e4        0x0
                0x00000000080090e4                _gnss_driver_api_list_start = .
 *(SORT_BY_NAME(SORT_BY_ALIGNMENT(._gnss_driver_api.static.*)))
                0x00000000080090e4                _gnss_driver_api_list_end = .

haptics_driver_api_area
                0x00000000080090e4        0x0
                0x00000000080090e4                _haptics_driver_api_list_start = .
 *(SORT_BY_NAME(SORT_BY_ALIGNMENT(._haptics_driver_api.static.*)))
                0x00000000080090e4                _haptics_driver_api_list_end = .

hwspinlock_driver_api_area
                0x00000000080090e4        0x0
                0x00000000080090e4                _hwspinlock_driver_api_list_start = .
 *(SORT_BY_NAME(SORT_BY_ALIGNMENT(._hwspinlock_driver_api.static.*)))
                0x00000000080090e4                _hwspinlock_driver_api_list_end = .

i2s_driver_api_area
                0x00000000080090e4        0x0
                0x00000000080090e4                _i2s_driver_api_list_start = .
 *(SORT_BY_NAME(SORT_BY_ALIGNMENT(._i2s_driver_api.static.*)))
                0x00000000080090e4                _i2s_driver_api_list_end = .

i3c_driver_api_area
                0x00000000080090e4        0x0
                0x00000000080090e4                _i3c_driver_api_list_start = .
 *(SORT_BY_NAME(SORT_BY_ALIGNMENT(._i3c_driver_api.static.*)))
                0x00000000080090e4                _i3c_driver_api_list_end = .

ipm_driver_api_area
                0x00000000080090e4        0x0
                0x00000000080090e4                _ipm_driver_api_list_start = .
 *(SORT_BY_NAME(SORT_BY_ALIGNMENT(._ipm_driver_api.static.*)))
                0x00000000080090e4                _ipm_driver_api_list_end = .

led_driver_api_area
                0x00000000080090e4        0x0
                0x00000000080090e4                _led_driver_api_list_start = .
 *(SORT_BY_NAME(SORT_BY_ALIGNMENT(._led_driver_api.static.*)))
                0x00000000080090e4                _led_driver_api_list_end = .

led_strip_driver_api_area
                0x00000000080090e4        0x0
                0x00000000080090e4                _led_strip_driver_api_list_start = .
 *(SORT_BY_NAME(SORT_BY_ALIGNMENT(._led_strip_driver_api.static.*)))
                0x00000000080090e4                _led_strip_driver_api_list_end = .

lora_driver_api_area
                0x00000000080090e4        0x0
                0x00000000080090e4                _lora_driver_api_list_start = .
 *(SORT_BY_NAME(SORT_BY_ALIGNMENT(._lora_driver_api.static.*)))
                0x00000000080090e4                _lora_driver_api_list_end = .

mbox_driver_api_area
                0x00000000080090e4        0x0
                0x00000000080090e4                _mbox_driver_api_list_start = .
 *(SORT_BY_NAME(SORT_BY_ALIGNMENT(._mbox_driver_api.static.*)))
                0x00000000080090e4                _mbox_driver_api_list_end = .

mdio_driver_api_area
                0x00000000080090e4        0x0
                0x00000000080090e4                _mdio_driver_api_list_start = .
 *(SORT_BY_NAME(SORT_BY_ALIGNMENT(._mdio_driver_api.static.*)))
                0x00000000080090e4                _mdio_driver_api_list_end = .

mipi_dbi_driver_api_area
                0x00000000080090e4        0x0
                0x00000000080090e4                _mipi_dbi_driver_api_list_start = .
 *(SORT_BY_NAME(SORT_BY_ALIGNMENT(._mipi_dbi_driver_api.static.*)))
                0x00000000080090e4                _mipi_dbi_driver_api_list_end = .

mipi_dsi_driver_api_area
                0x00000000080090e4        0x0
                0x00000000080090e4                _mipi_dsi_driver_api_list_start = .
 *(SORT_BY_NAME(SORT_BY_ALIGNMENT(._mipi_dsi_driver_api.static.*)))
                0x00000000080090e4                _mipi_dsi_driver_api_list_end = .

mspi_driver_api_area
                0x00000000080090e4        0x0
                0x00000000080090e4                _mspi_driver_api_list_start = .
 *(SORT_BY_NAME(SORT_BY_ALIGNMENT(._mspi_driver_api.static.*)))
                0x00000000080090e4                _mspi_driver_api_list_end = .

opamp_driver_api_area
                0x00000000080090e4        0x0
                0x00000000080090e4                _opamp_driver_api_list_start = .
 *(SORT_BY_NAME(SORT_BY_ALIGNMENT(._opamp_driver_api.static.*)))
                0x00000000080090e4                _opamp_driver_api_list_end = .

peci_driver_api_area
                0x00000000080090e4        0x0
                0x00000000080090e4                _peci_driver_api_list_start = .
 *(SORT_BY_NAME(SORT_BY_ALIGNMENT(._peci_driver_api.static.*)))
                0x00000000080090e4                _peci_driver_api_list_end = .

ps2_driver_api_area
                0x00000000080090e4        0x0
                0x00000000080090e4                _ps2_driver_api_list_start = .
 *(SORT_BY_NAME(SORT_BY_ALIGNMENT(._ps2_driver_api.static.*)))
                0x00000000080090e4                _ps2_driver_api_list_end = .

ptp_clock_driver_api_area
                0x00000000080090e4        0x0
                0x00000000080090e4                _ptp_clock_driver_api_list_start = .
 *(SORT_BY_NAME(SORT_BY_ALIGNMENT(._ptp_clock_driver_api.static.*)))
                0x00000000080090e4                _ptp_clock_driver_api_list_end = .

pwm_driver_api_area
                0x00000000080090e4        0x0
                0x00000000080090e4                _pwm_driver_api_list_start = .
 *(SORT_BY_NAME(SORT_BY_ALIGNMENT(._pwm_driver_api.static.*)))
                0x00000000080090e4                _pwm_driver_api_list_end = .

regulator_parent_driver_api_area
                0x00000000080090e4        0x0
                0x00000000080090e4                _regulator_parent_driver_api_list_start = .
 *(SORT_BY_NAME(SORT_BY_ALIGNMENT(._regulator_parent_driver_api.static.*)))
                0x00000000080090e4                _regulator_parent_driver_api_list_end = .

regulator_driver_api_area
                0x00000000080090e4        0x0
                0x00000000080090e4                _regulator_driver_api_list_start = .
 *(SORT_BY_NAME(SORT_BY_ALIGNMENT(._regulator_driver_api.static.*)))
                0x00000000080090e4                _regulator_driver_api_list_end = .

retained_mem_driver_api_area
                0x00000000080090e4        0x0
                0x00000000080090e4                _retained_mem_driver_api_list_start = .
 *(SORT_BY_NAME(SORT_BY_ALIGNMENT(._retained_mem_driver_api.static.*)))