Archive member included to satisfy reference by file (symbol)

app/libapp.a(main.c.obj)      (--whole-archive)
app/libapp.a(rgbChange.c.obj)
                              (--whole-archive)
app/libapp.a(temperature.c.obj)
                              (--whole-archive)
zephyr/libzephyr.a(validate_libc.c.obj)
                              (--whole-archive)
zephyr/libzephyr.a(heap.c.obj)
                              (--whole-archive)
zephyr/libzephyr.a(cbprintf_packaged.c.obj)
                              (--whole-archive)
zephyr/libzephyr.a(clock.c.obj)
                              (--whole-archive)
zephyr/libzephyr.a(printk.c.obj)
                              (--whole-archive)
zephyr/libzephyr.a(sem.c.obj)
                              (--whole-archive)
zephyr/libzephyr.a(thread_entry.c.obj)
                              (--whole-archive)
zephyr/libzephyr.a(cbprintf_complete.c.obj)
                              (--whole-archive)
zephyr/libzephyr.a(assert.c.obj)
                              (--whole-archive)
zephyr/libzephyr.a(mpsc_pbuf.c.obj)
                              (--whole-archive)
zephyr/libzephyr.a(dec.c.obj)
                              (--whole-archive)
zephyr/libzephyr.a(hex.c.obj)
                              (--whole-archive)
zephyr/libzephyr.a(rb.c.obj)  (--whole-archive)
zephyr/libzephyr.a(timeutil.c.obj)
                              (--whole-archive)
zephyr/libzephyr.a(bitarray.c.obj)
                              (--whole-archive)
zephyr/libzephyr.a(bitmask.c.obj)
                              (--whole-archive)
zephyr/libzephyr.a(getopt.c.obj)
                              (--whole-archive)
zephyr/libzephyr.a(getopt_common.c.obj)
                              (--whole-archive)
zephyr/libzephyr.a(ring_buffer.c.obj)
                              (--whole-archive)
zephyr/libzephyr.a(last_section_id.c.obj)
                              (--whole-archive)
zephyr/libzephyr.a(configs.c.obj)
                              (--whole-archive)
zephyr/libzephyr.a(stm32cube_hal.c.obj)
                              (--whole-archive)
zephyr/libzephyr.a(soc_config.c.obj)
                              (--whole-archive)
zephyr/libzephyr.a(stm32_backup_domain.c.obj)
                              (--whole-archive)
zephyr/libzephyr.a(soc.c.obj)
                              (--whole-archive)
zephyr/libzephyr.a(nvs.c.obj)
                              (--whole-archive)
zephyr/libzephyr.a(log_core.c.obj)
                              (--whole-archive)
zephyr/libzephyr.a(log_mgmt.c.obj)
                              (--whole-archive)
zephyr/libzephyr.a(log_cache.c.obj)
                              (--whole-archive)
zephyr/libzephyr.a(log_msg.c.obj)
                              (--whole-archive)
zephyr/libzephyr.a(log_output.c.obj)
                              (--whole-archive)
zephyr/libzephyr.a(log_backend_uart.c.obj)
                              (--whole-archive)
zephyr/libzephyr.a(mem_attr.c.obj)
                              (--whole-archive)
zephyr/libzephyr.a(flash_map.c.obj)
                              (--whole-archive)
zephyr/libzephyr.a(flash_map_default.c.obj)
                              (--whole-archive)
zephyr/libzephyr.a(flash_map_layout.c.obj)
                              (--whole-archive)
zephyr/libzephyr.a(stream_flash.c.obj)
                              (--whole-archive)
zephyr/libzephyr.a(tracing_none.c.obj)
                              (--whole-archive)
zephyr/libzephyr.a(flash_img.c.obj)
                              (--whole-archive)
zephyr/libzephyr.a(settings_store.c.obj)
                              (--whole-archive)
zephyr/libzephyr.a(settings.c.obj)
                              (--whole-archive)
zephyr/libzephyr.a(settings_init.c.obj)
                              (--whole-archive)
zephyr/libzephyr.a(settings_line.c.obj)
                              (--whole-archive)
zephyr/libzephyr.a(settings_nvs.c.obj)
                              (--whole-archive)
zephyr/libzephyr.a(flash_util.c.obj)
                              (--whole-archive)
zephyr/arch/common/libarch__common.a(sw_isr_common.c.obj)
                              (--whole-archive)
zephyr/arch/common/libarch__common.a(init.c.obj)
                              (--whole-archive)
zephyr/arch/common/libarch__common.a(xip.c.obj)
                              (--whole-archive)
zephyr/arch/arch/arm/core/libarch__arm__core.a(fatal.c.obj)
                              (--whole-archive)
zephyr/arch/arch/arm/core/libarch__arm__core.a(nmi.c.obj)
                              (--whole-archive)
zephyr/arch/arch/arm/core/libarch__arm__core.a(nmi_on_reset.S.obj)
                              (--whole-archive)
zephyr/arch/arch/arm/core/libarch__arm__core.a(tls.c.obj)
                              (--whole-archive)
zephyr/arch/arch/arm/core/cortex_m/libarch__arm__core__cortex_m.a(exc_exit.c.obj)
                              (--whole-archive)
zephyr/arch/arch/arm/core/cortex_m/libarch__arm__core__cortex_m.a(fault.c.obj)
[...]
Memory Configuration

Name             Origin             Length             Attributes
FLASH            0x0000000008000000 0x0000000000040000 xr
RAM              0x0000000020000000 0x0000000000010000 xw
SRAM0            0x0000000020000000 0x0000000000010000 rw
IDT_LIST         0x00000000ffff7fff 0x0000000000008000 xw
*default*        0x0000000000000000 0xffffffffffffffff

Linker script and memory map

                0x0000000008013600                vfprintf = __d_vfprintf
                0x0000000000000000                vfscanf = __d_vfscanf
LOAD zephyr/CMakeFiles/zephyr_final.dir/misc/empty_file.c.obj
LOAD zephyr/CMakeFiles/zephyr_final.dir/isr_tables.c.obj
LOAD zephyr/CMakeFiles/offsets.dir/./arch/arm/core/offsets/offsets.c.obj
LOAD app/libapp.a
LOAD zephyr/libzephyr.a
LOAD zephyr/arch/common/libarch__common.a
LOAD zephyr/arch/arch/arm/core/libarch__arm__core.a
LOAD zephyr/arch/arch/arm/core/cortex_m/libarch__arm__core__cortex_m.a
LOAD zephyr/arch/arch/arm/core/mpu/libarch__arm__core__mpu.a
LOAD zephyr/lib/libc/picolibc/liblib__libc__picolibc.a
LOAD zephyr/lib/libc/common/liblib__libc__common.a
LOAD zephyr/lib/posix/c_lib_ext/liblib__posix__c_lib_ext.a
LOAD zephyr/subsys/lorawan/libloramac-node.a
LOAD zephyr/subsys/random/libsubsys__random.a
LOAD zephyr/subsys/crc/libsubsys__crc.a
LOAD zephyr/subsys/dfu/boot/libsubsys__dfu__boot.a
LOAD zephyr/subsys/zbus/libsubsys__zbus.a
LOAD zephyr/drivers/interrupt_controller/libdrivers__interrupt_controller.a
LOAD zephyr/drivers/adc/libdrivers__adc.a
LOAD zephyr/drivers/clock_control/libdrivers__clock_control.a
LOAD zephyr/drivers/console/libdrivers__console.a
LOAD zephyr/drivers/dma/libdrivers__dma.a
LOAD zephyr/drivers/entropy/libdrivers__entropy.a
LOAD zephyr/drivers/flash/libdrivers__flash.a
LOAD zephyr/drivers/gpio/libdrivers__gpio.a
LOAD zephyr/drivers/i2c/libdrivers__i2c.a
LOAD zephyr/drivers/pinctrl/libdrivers__pinctrl.a
LOAD zephyr/drivers/reset/libdrivers__reset.a
LOAD zephyr/drivers/sensor/st/stm32_temp/libdrivers__sensor__st__stm32_temp.a
LOAD zephyr/drivers/sensor/st/stm32_vbat/libdrivers__sensor__st__stm32_vbat.a
LOAD zephyr/drivers/sensor/st/stm32_vref/libdrivers__sensor__st__stm32_vref.a
LOAD zephyr/drivers/serial/libdrivers__serial.a
LOAD zephyr/drivers/spi/libdrivers__spi.a
LOAD zephyr/drivers/timer/libdrivers__timer.a
LOAD modules/hal_stm32/stm32cube/lib..__modules__hal__stm32__stm32cube.a
LOAD modules/mcuboot/libmcuboot_util.a
LOAD zephyr/kernel/libkernel.a
LOAD zephyr/arch/common/libisr_tables.a
LOAD /home/cl0us/zephyr-sdk-0.17.4/arm-zephyr-eabi/bin/../lib/gcc/../../picolibc/arm-zephyr-eabi/lib/thumb/v7e-m/nofp/libc.a
LOAD /home/cl0us/zephyr-sdk-0.17.4/arm-zephyr-eabi/bin/../lib/gcc/arm-zephyr-eabi/12.2.0/thumb/v7e-m/nofp/libgcc.a
                0x0000000000000020                _region_min_align = 0x20

.rel.plt        0x0000000008000000        0x0
 *(SORT_BY_ALIGNMENT(.rel.plt))
                [!provide]                        PROVIDE (__rel_iplt_start = .)
 *(SORT_BY_ALIGNMENT(.rel.iplt))
 .rel.iplt      0x0000000008000000        0x0 zephyr/CMakeFiles/zephyr_final.dir/isr_tables.c.obj
                [!provide]                        PROVIDE (__rel_iplt_end = .)

.rela.plt       0x0000000000000000        0x0
 *(SORT_BY_ALIGNMENT(.rela.plt))
                [!provide]                        PROVIDE (__rela_iplt_start = .)
 *(SORT_BY_ALIGNMENT(.rela.iplt))
                [!provide]                        PROVIDE (__rela_iplt_end = .)

.rel.dyn
 *(SORT_BY_ALIGNMENT(.rel.*))

.rela.dyn
 *(SORT_BY_ALIGNMENT(.rela.*))

/DISCARD/
 *(SORT_BY_ALIGNMENT(.plt))

/DISCARD/
 *(SORT_BY_ALIGNMENT(.iplt))
                0x0000000008000000                __rom_region_start = 0x8000000

rom_start       0x0000000008000000      0x138
                0x0000000008000000                __rom_start_address = .
 FILL mask 0x00
                0x0000000008000000                . = (. + (0x0 - (. - __rom_start_address)))
                0x0000000008000000                . = ALIGN (0x4)
                0x0000000008000000                . = ALIGN (0x80)
                0x0000000008000000                . = ALIGN (0x200)
                0x0000000008000000                _vector_start = .
 *(SORT_BY_ALIGNMENT(.exc_vector_table))
 *(SORT_BY_ALIGNMENT(.exc_vector_table.*))
 .exc_vector_table._vector_table_section
                0x0000000008000000       0x40 zephyr/arch/arch/arm/core/cortex_m/libarch__arm__core__cortex_m.a(vector_table.S.obj)
                0x0000000008000000                _vector_table
 *(SORT_BY_ALIGNMENT(.vectors))
                0x0000000008000138                _vector_end = .
                0x0000000008000040                . = ALIGN (0x4)
 *(SORT_BY_ALIGNMENT(.gnu.linkonce.irq_vector_table*))
 .gnu.linkonce.irq_vector_table
                0x0000000008000040       0xf8 zephyr/CMakeFiles/zephyr_final.dir/isr_tables.c.obj
                0x0000000008000040                _irq_vector_table
                0x0000000008000138                _vector_end = .

text            0x0000000008000138    0x19164
                0x0000000008000138                __text_region_start = .
 *(SORT_BY_ALIGNMENT(.text))
 .text          0x0000000008000138      0x378 /home/cl0us/zephyr-sdk-0.17.4/arm-zephyr-eabi/bin/../lib/gcc/arm-zephyr-eabi/12.2.0/thumb/v7e-m/nofp/libgcc.a(_arm_addsubdf3.o)
                0x0000000008000138                __aeabi_drsub
                0x0000000008000140                __aeabi_dsub
                0x0000000008000140                __subdf3
                0x0000000008000144                __adddf3
                0x0000000008000144                __aeabi_dadd
                0x00000000080003bc                __aeabi_ui2d
                0x00000000080003bc                __floatunsidf
                0x00000000080003dc                __floatsidf
                0x00000000080003dc                __aeabi_i2d
                0x0000000008000400                __extendsfdf2
                0x0000000008000400                __aeabi_f2d
                0x0000000008000444                __aeabi_ul2d
                0x0000000008000444                __floatundidf
                0x0000000008000454                __floatdidf
                0x0000000008000454                __aeabi_l2d
 .text          0x00000000080004b0      0x21c /home/cl0us/zephyr-sdk-0.17.4/arm-zephyr-eabi/bin/../lib/gcc/arm-zephyr-eabi/12.2.0/thumb/v7e-m/nofp/libgcc.a(_arm_addsubsf3.o)
                0x00000000080004b0                __aeabi_frsub
                0x00000000080004b8                __subsf3
                0x00000000080004b8                __aeabi_fsub
                0x00000000080004bc                __aeabi_fadd
                0x00000000080004bc                __addsf3
                0x000000000800061c                __aeabi_ui2f
                0x000000000800061c                __floatunsisf
                0x0000000008000624                __aeabi_i2f
                0x0000000008000624                __floatsisf
                0x0000000008000640                __floatundisf
                0x0000000008000640                __aeabi_ul2f
                0x0000000008000650                __floatdisf
                0x0000000008000650                __aeabi_l2f
 .text          0x00000000080006cc      0x2a0 /home/cl0us/zephyr-sdk-0.17.4/arm-zephyr-eabi/bin/../lib/gcc/arm-zephyr-eabi/12.2.0/thumb/v7e-m/nofp/libgcc.a(_arm_muldivsf3.o)
                0x00000000080006cc                __mulsf3
                0x00000000080006cc                __aeabi_fmul
                0x0000000008000834                __divsf3
                0x0000000008000834                __aeabi_fdiv
 .text          0x000000000800096c       0xec /home/cl0us/zephyr-sdk-0.17.4/arm-zephyr-eabi/bin/../lib/gcc/arm-zephyr-eabi/12.2.0/thumb/v7e-m/nofp/libgcc.a(_arm_cmpsf2.o)
                0x000000000800096c                __gtsf2
                0x000000000800096c                __gesf2
                0x0000000008000974                __lesf2
                0x0000000008000974                __ltsf2
                0x000000000800097c                __nesf2
                0x000000000800097c                __eqsf2
                0x000000000800097c                __cmpsf2
                0x00000000080009dc                __aeabi_cfrcmple
                0x00000000080009e4                __aeabi_cfcmple
                0x00000000080009e4                __aeabi_cfcmpeq
                0x00000000080009f4                __aeabi_fcmpeq
                0x0000000008000a08                __aeabi_fcmplt
                0x0000000008000a1c                __aeabi_fcmple
                0x0000000008000a30                __aeabi_fcmpge
                0x0000000008000a44                __aeabi_fcmpgt
 .text          0x0000000008000a58       0x4c /home/cl0us/zephyr-sdk-0.17.4/arm-zephyr-eabi/bin/../lib/gcc/arm-zephyr-eabi/12.2.0/thumb/v7e-m/nofp/libgcc.a(_arm_fixsfsi.o)
                0x0000000008000a58                __fixsfsi
                0x0000000008000a58                __aeabi_f2iz
 .text          0x0000000008000aa4       0xa0 /home/cl0us/zephyr-sdk-0.17.4/arm-zephyr-eabi/bin/../lib/gcc/arm-zephyr-eabi/12.2.0/thumb/v7e-m/nofp/libgcc.a(_aeabi_ldivmod.o)
                0x0000000008000aa4                __aeabi_ldivmod
 .text          0x0000000008000b44       0x30 /home/cl0us/zephyr-sdk-0.17.4/arm-zephyr-eabi/bin/../lib/gcc/arm-zephyr-eabi/12.2.0/thumb/v7e-m/nofp/libgcc.a(_aeabi_uldivmod.o)
                0x0000000008000b44                __aeabi_uldivmod
 .text          0x0000000008000b74        0x4 /home/cl0us/zephyr-sdk-0.17.4/arm-zephyr-eabi/bin/../lib/gcc/arm-zephyr-eabi/12.2.0/thumb/v7e-m/nofp/libgcc.a(_dvmd_tls.o)
                0x0000000008000b74                __aeabi_ldiv0
                0x0000000008000b74                __aeabi_idiv0
 .text          0x0000000008000b78       0x14 /home/cl0us/zephyr-sdk-0.17.4/arm-zephyr-eabi/bin/../lib/gcc/../../picolibc/arm-zephyr-eabi/lib/thumb/v7e-m/nofp/libc.a(strcmp.S.o)
                0x0000000008000b78                strcmp
 .text          0x0000000008000b8c       0x10 /home/cl0us/zephyr-sdk-0.17.4/arm-zephyr-eabi/bin/../lib/gcc/../../picolibc/arm-zephyr-eabi/lib/thumb/v7e-m/nofp/libc.a(strlen.S.o)
                0x0000000008000b8c                strlen
 .text          0x0000000008000b9c       0x26 /home/cl0us/zephyr-sdk-0.17.4/arm-zephyr-eabi/bin/../lib/gcc/arm-zephyr-eabi/12.2.0/thumb/v7e-m/nofp/libgcc.a(_popcountsi2.o)
                0x0000000008000b9c                __popcountsi2
 .text          0x0000000008000bc2      0x2a0 /home/cl0us/zephyr-sdk-0.17.4/arm-zephyr-eabi/bin/../lib/gcc/arm-zephyr-eabi/12.2.0/thumb/v7e-m/nofp/libgcc.a(_udivmoddi4.o)
                0x0000000008000bc2                __udivmoddi4
 *(SORT_BY_ALIGNMENT(.text.*))
 *fill*         0x0000000008000e62        0x2 
 .text.lorwan_datarate_changed
                0x0000000008000e64       0x30 app/libapp.a(main.c.obj)
 .text.dl_callback.part.0
                0x0000000008000e94      0x110 app/libapp.a(main.c.obj)
 .text.dl_callback
                0x0000000008000fa4       0x34 app/libapp.a(main.c.obj)
 .text.main     0x0000000008000fd8      0x2c0 app/libapp.a(main.c.obj)
                0x0000000008000fd8                main
 .text.gpio_pin_set_dt.isra.0
                0x0000000008001298       0x64 app/libapp.a(rgbChange.c.obj)
 .text.rgbChange
                0x00000000080012fc       0x4c app/libapp.a(rgbChange.c.obj)
                0x00000000080012fc                rgbChange
 .text.i2c_write_read.constprop.0.isra.0
                0x0000000008001348       0x3c app/libapp.a(temperature.c.obj)
 .text.temperatureMeasure
                0x0000000008001384       0xd0 app/libapp.a(temperature.c.obj)
                0x0000000008001384                temperatureMeasure
 .text.sys_heap_init
                0x0000000008001454      0x11c zephyr/libzephyr.a(heap.c.obj)
                0x0000000008001454                sys_heap_init
 .text.cbvprintf_package
                0x0000000008001570      0x438 zephyr/libzephyr.a(cbprintf_packaged.c.obj)
                0x0000000008001570                cbvprintf_package
 .text.cbprintf_package_convert
                0x00000000080019a8      0x474 zephyr/libzephyr.a(cbprintf_packaged.c.obj)
                0x00000000080019a8                cbprintf_package_convert
 .text.__printk_hook_install
                0x0000000008001e1c        0xc zephyr/libzephyr.a(printk.c.obj)
                0x0000000008001e1c                __printk_hook_install
 .text.z_thread_entry
                0x0000000008001e28       0x6c zephyr/libzephyr.a(thread_entry.c.obj)
                0x0000000008001e28                z_thread_entry
 .text.mpsc_pbuf_init
                0x0000000008001e94       0x64 zephyr/libzephyr.a(mpsc_pbuf.c.obj)
                0x0000000008001e94                mpsc_pbuf_init
 .text.mpsc_pbuf_alloc
                0x0000000008001ef8      0x188 zephyr/libzephyr.a(mpsc_pbuf.c.obj)
                0x0000000008001ef8                mpsc_pbuf_alloc
 .text.mpsc_pbuf_commit
                0x0000000008002080       0xb0 zephyr/libzephyr.a(mpsc_pbuf.c.obj)
                0x0000000008002080                mpsc_pbuf_commit
 .text.mpsc_pbuf_claim
                0x0000000008002130      0x128 zephyr/libzephyr.a(mpsc_pbuf.c.obj)
                0x0000000008002130                mpsc_pbuf_claim
 .text.mpsc_pbuf_free
                0x0000000008002258       0xe4 zephyr/libzephyr.a(mpsc_pbuf.c.obj)
                0x0000000008002258                mpsc_pbuf_free
 .text.mpsc_pbuf_is_pending
                0x000000000800233c       0xa4 zephyr/libzephyr.a(mpsc_pbuf.c.obj)
                0x000000000800233c                mpsc_pbuf_is_pending
 .text.st_stm32_common_config
                0x00000000080023e0       0x14 zephyr/libzephyr.a(soc_config.c.obj)
 .text.stm32_backup_domain_enable_access
                0x00000000080023f4       0xa8 zephyr/libzephyr.a(stm32_backup_domain.c.obj)
                0x00000000080023f4                stm32_backup_domain_enable_access
 .text.stm32_backup_domain_disable_access
                0x000000000800249c       0xdc zephyr/libzephyr.a(stm32_backup_domain.c.obj)
                0x000000000800249c                stm32_backup_domain_disable_access
 .text.soc_early_init_hook
                0x0000000008002578       0x30 zephyr/libzephyr.a(soc.c.obj)
                0x0000000008002578                soc_early_init_hook
 .text.nvs_recover_last_ate
                0x00000000080025a8       0x64 zephyr/libzephyr.a(nvs.c.obj)
 .text.nvs_sector_close
                0x000000000800260c       0x58 zephyr/libzephyr.a(nvs.c.obj)
 .text.nvs_mount
                0x0000000008002664      0x36c zephyr/libzephyr.a(nvs.c.obj)
                0x0000000008002664                nvs_mount
 .text.nvs_write
                0x00000000080029d0      0x1ac zephyr/libzephyr.a(nvs.c.obj)
                0x00000000080029d0                nvs_write
 .text.nvs_read_hist
                0x0000000008002b7c       0xd0 zephyr/libzephyr.a(nvs.c.obj)
                0x0000000008002b7c                nvs_read_hist
 .text.enable_logger
                0x0000000008002c4c       0x5c zephyr/libzephyr.a(log_core.c.obj)
 .text.activate_foreach_backend
                0x0000000008002ca8       0x64 zephyr/libzephyr.a(log_core.c.obj)
 .text.z_log_init
                0x0000000008002d0c       0xe4 zephyr/libzephyr.a(log_core.c.obj)
 .text.log_process_thread_timer_expiry_fn
                0x0000000008002df0        0xc zephyr/libzephyr.a(log_core.c.obj)
 .text.log_format_func_t_get
                0x0000000008002dfc        0xc zephyr/libzephyr.a(log_core.c.obj)
                0x0000000008002dfc                log_format_func_t_get
 .text.log_set_timestamp_func
                0x0000000008002e08       0x20 zephyr/libzephyr.a(log_core.c.obj)
                0x0000000008002e08                log_set_timestamp_func
 .text.z_log_notify_backend_enabled
                0x0000000008002e28       0x1c zephyr/libzephyr.a(log_core.c.obj)
                0x0000000008002e28                z_log_notify_backend_enabled
 .text.z_log_dropped
                0x0000000008002e44       0x44 zephyr/libzephyr.a(log_core.c.obj)
                0x0000000008002e44                z_log_dropped
 .text.z_log_dropped_read_and_clear
                0x0000000008002e88       0x20 zephyr/libzephyr.a(log_core.c.obj)
                0x0000000008002e88                z_log_dropped_read_and_clear
 .text.dropped_notify
                0x0000000008002ea8       0x60 zephyr/libzephyr.a(log_core.c.obj)
                0x0000000008002ea8                dropped_notify
 .text.z_log_msg_init
                0x0000000008002f08       0x20 zephyr/libzephyr.a(log_core.c.obj)
                0x0000000008002f08                z_log_msg_init
 .text.log_core_init
                0x0000000008002f28       0x80 zephyr/libzephyr.a(log_core.c.obj)
                0x0000000008002f28                log_core_init
 .text.z_log_msg_alloc
                0x0000000008002fa8       0x10 zephyr/libzephyr.a(log_core.c.obj)
                0x0000000008002fa8                z_log_msg_alloc
 .text.z_log_msg_local_claim
                0x0000000008002fb8        0xc zephyr/libzephyr.a(log_core.c.obj)
                0x0000000008002fb8                z_log_msg_local_claim
 .text.z_log_msg_free
                0x0000000008002fc4       0x10 zephyr/libzephyr.a(log_core.c.obj)
                0x0000000008002fc4                z_log_msg_free
 .text.z_log_msg_pending
                0x0000000008002fd4        0xc zephyr/libzephyr.a(log_core.c.obj)
                0x0000000008002fd4                z_log_msg_pending
 .text.z_impl_log_process
                0x0000000008002fe0       0xe4 zephyr/libzephyr.a(log_core.c.obj)
                0x0000000008002fe0                z_impl_log_process
 .text.z_impl_log_panic
                0x00000000080030c4       0x74 zephyr/libzephyr.a(log_core.c.obj)
                0x00000000080030c4                z_impl_log_panic
 .text.log_process_thread_func
                0x0000000008003138      0x124 zephyr/libzephyr.a(log_core.c.obj)
 .text.z_log_msg_post_finalize
                0x000000000800325c       0xe4 zephyr/libzephyr.a(log_core.c.obj)
 .text.z_log_msg_commit
                0x0000000008003340       0x24 zephyr/libzephyr.a(log_core.c.obj)
                0x0000000008003340                z_log_msg_commit
 .text.log_source_name_get
                0x0000000008003364       0x1c zephyr/libzephyr.a(log_mgmt.c.obj)
                0x0000000008003364                log_source_name_get
 .text.z_impl_z_log_msg_static_create
                0x0000000008003380      0x12c zephyr/libzephyr.a(log_msg.c.obj)
                0x0000000008003380                z_impl_z_log_msg_static_create
 .text.z_log_msg_runtime_vcreate
                0x00000000080034ac       0xe0 zephyr/libzephyr.a(log_msg.c.obj)
                0x00000000080034ac                z_log_msg_runtime_vcreate
 .text.log_msg_get_source_id
                0x000000000800358c       0x18 zephyr/libzephyr.a(log_msg.c.obj)
                0x000000000800358c                log_msg_get_source_id
 .text.print_formatted
                0x00000000080035a4       0x24 zephyr/libzephyr.a(log_output.c.obj)
 .text.newline_print
                0x00000000080035c8       0x1c zephyr/libzephyr.a(log_output.c.obj)
 .text.out_func
                0x00000000080035e4       0x60 zephyr/libzephyr.a(log_output.c.obj)
 .text.log_output_process
                0x0000000008003644      0x31c zephyr/libzephyr.a(log_output.c.obj)
                0x0000000008003644                log_output_process
 .text.log_output_dropped_process
                0x0000000008003960       0x58 zephyr/libzephyr.a(log_output.c.obj)
                0x0000000008003960                log_output_dropped_process
 .text.log_output_timestamp_freq_set
                0x00000000080039b8       0x2c zephyr/libzephyr.a(log_output.c.obj)
                0x00000000080039b8                log_output_timestamp_freq_set
 .text.char_out
                0x00000000080039e4       0x24 zephyr/libzephyr.a(log_backend_uart.c.obj)
 .text.log_backend_uart_init
                0x0000000008003a08       0x3c zephyr/libzephyr.a(log_backend_uart.c.obj)
 .text.mem_attr_get_regions
                0x0000000008003a44        0xc zephyr/libzephyr.a(mem_attr.c.obj)
                0x0000000008003a44                mem_attr_get_regions
 .text.flash_area_open
                0x0000000008003a50       0x4c zephyr/libzephyr.a(flash_map.c.obj)
                0x0000000008003a50                flash_area_open
 .text.flash_area_sectors
                0x0000000008003a9c       0x34 zephyr/libzephyr.a(flash_map_layout.c.obj)
                0x0000000008003a9c                flash_area_sectors
 .text.settings_save_one
                0x0000000008003ad0       0x3c zephyr/libzephyr.a(settings_store.c.obj)
                0x0000000008003ad0                settings_save_one
 .text.settings_src_register
                0x0000000008003b0c       0x1c zephyr/libzephyr.a(settings_store.c.obj)
                0x0000000008003b0c                settings_src_register
 .text.settings_dst_register
                0x0000000008003b28        0xc zephyr/libzephyr.a(settings_store.c.obj)
                0x0000000008003b28                settings_dst_register
 .text.settings_load_subtree_direct
                0x0000000008003b34       0x30 zephyr/libzephyr.a(settings_store.c.obj)
                0x0000000008003b34                settings_load_subtree_direct
 .text.settings_store_init
                0x0000000008003b64       0x10 zephyr/libzephyr.a(settings_store.c.obj)
                0x0000000008003b64                settings_store_init
 .text.settings_init
                0x0000000008003b74       0x10 zephyr/libzephyr.a(settings.c.obj)
                0x0000000008003b74                settings_init
 .text.settings_parse_and_lookup
                0x0000000008003b84       0xc4 zephyr/libzephyr.a(settings.c.obj)
                0x0000000008003b84                settings_parse_and_lookup
 .text.settings_call_set_handler
                0x0000000008003c48       0xa4 zephyr/libzephyr.a(settings.c.obj)
                0x0000000008003c48                settings_call_set_handler
 .text.settings_lock_take
                0x0000000008003cec       0x14 zephyr/libzephyr.a(settings.c.obj)
                0x0000000008003cec                settings_lock_take
 .text.settings_lock_release
                0x0000000008003d00        0xc zephyr/libzephyr.a(settings.c.obj)
                0x0000000008003d00                settings_lock_release
 .text.settings_subsys_init
                0x0000000008003d0c       0x2c zephyr/libzephyr.a(settings_init.c.obj)
                0x0000000008003d0c                settings_subsys_init
 .text.settings_nvs_load
                0x0000000008003d38       0xbc zephyr/libzephyr.a(settings_nvs.c.obj)
 .text.settings_backend_init
                0x0000000008003df4       0x84 zephyr/libzephyr.a(settings_nvs.c.obj)
                0x0000000008003df4                settings_backend_init
 .text.arch_bss_zero
                0x0000000008003e78       0x18 zephyr/arch/common/libarch__common.a(init.c.obj)
                0x0000000008003e78                arch_bss_zero
 .text.arch_data_copy
                0x0000000008003e90       0x38 zephyr/arch/common/libarch__common.a(xip.c.obj)
                0x0000000008003e90                arch_data_copy
 .text.z_arm_fatal_error
                0x0000000008003ec8       0xb8 zephyr/arch/arch/arm/core/libarch__arm__core.a(fatal.c.obj)
                0x0000000008003ec8                z_arm_fatal_error
 .text.z_SysNmiOnReset
                0x0000000008003f80        0x8 zephyr/arch/arch/arm/core/libarch__arm__core.a(nmi_on_reset.S.obj)
                0x0000000008003f80                z_SysNmiOnReset
 .text.arch_tls_stack_setup
                0x0000000008003f88       0x40 zephyr/arch/arch/arm/core/libarch__arm__core.a(tls.c.obj)
                0x0000000008003f88                arch_tls_stack_setup
 .text._HandlerModeExit
                0x0000000008003fc8       0x20 zephyr/arch/arch/arm/core/cortex_m/libarch__arm__core__cortex_m.a(exc_exit.c.obj)
                0x0000000008003fc8                z_arm_exc_exit
                0x0000000008003fc8                z_arm_int_exit
 .text.bus_fault.constprop.0
                0x0000000008003fe8       0xb8 zephyr/arch/arch/arm/core/cortex_m/libarch__arm__core__cortex_m.a(fault.c.obj)
 .text.usage_fault.constprop.0
                0x00000000080040a0       0xa8 zephyr/arch/arch/arm/core/cortex_m/libarch__arm__core__cortex_m.a(fault.c.obj)
 .text.mem_manage_fault
                0x0000000008004148      0x118 zephyr/arch/arch/arm/core/cortex_m/libarch__arm__core__cortex_m.a(fault.c.obj)
 .text.z_arm_fault
                0x0000000008004260      0x238 zephyr/arch/arch/arm/core/cortex_m/libarch__arm__core__cortex_m.a(fault.c.obj)
                0x0000000008004260                z_arm_fault
 .text.z_arm_fault_init
                0x0000000008004498       0x18 zephyr/arch/arch/arm/core/cortex_m/libarch__arm__core__cortex_m.a(fault.c.obj)
                0x0000000008004498                z_arm_fault_init
 .text.__fault  0x00000000080044b0       0x14 zephyr/arch/arch/arm/core/cortex_m/libarch__arm__core__cortex_m.a(fault_s.S.obj)
                0x00000000080044b0                z_arm_bus_fault
                0x00000000080044b0                z_arm_usage_fault
                0x00000000080044b0                z_arm_mpu_fault
                0x00000000080044b0                z_arm_exc_spurious
                0x00000000080044b0                z_arm_debug_monitor
                0x00000000080044b0                z_arm_hard_fault
 .text._reset_section
                0x00000000080044c4       0x34 zephyr/arch/arch/arm/core/cortex_m/libarch__arm__core__cortex_m.a(reset.S.obj)
                0x00000000080044c4                z_arm_reset
                0x00000000080044c4                __start
 .text.z_impl_k_thread_abort
                0x00000000080044f8       0x2c zephyr/arch/arch/arm/core/cortex_m/libarch__arm__core__cortex_m.a(thread_abort.c.obj)
                0x00000000080044f8                z_impl_k_thread_abort
 .text.z_arm_pendsv
                0x0000000008004524       0x64 zephyr/arch/arch/arm/core/cortex_m/libarch__arm__core__cortex_m.a(swap_helper.S.obj)
                0x0000000008004524                z_arm_pendsv
 .text.z_arm_svc
                0x0000000008004588       0x24 zephyr/arch/arch/arm/core/cortex_m/libarch__arm__core__cortex_m.a(swap_helper.S.obj)
                0x0000000008004588                z_arm_svc
 .text.arm_irq_enable
                0x00000000080045ac       0x1c zephyr/arch/arch/arm/core/cortex_m/libarch__arm__core__cortex_m.a(irq_manage.c.obj)
                0x00000000080045ac                arm_irq_enable
 .text.arm_irq_disable
                0x00000000080045c8       0x28 zephyr/arch/arch/arm/core/cortex_m/libarch__arm__core__cortex_m.a(irq_manage.c.obj)
                0x00000000080045c8                arm_irq_disable
 .text.arm_irq_is_enabled
                0x00000000080045f0       0x1c zephyr/arch/arch/arm/core/cortex_m/libarch__arm__core__cortex_m.a(irq_manage.c.obj)
                0x00000000080045f0                arm_irq_is_enabled
 .text.arm_irq_priority_set
                0x000000000800460c       0x68 zephyr/arch/arch/arm/core/cortex_m/libarch__arm__core__cortex_m.a(irq_manage.c.obj)
                0x000000000800460c                arm_irq_priority_set
 .text.relocate_vector_table
                0x0000000008004674       0x1c zephyr/arch/arch/arm/core/cortex_m/libarch__arm__core__cortex_m.a(prep_c.c.obj)
                0x0000000008004674                relocate_vector_table
 .text.arch_new_thread
                0x0000000008004690       0x38 zephyr/arch/arch/arm/core/cortex_m/libarch__arm__core__cortex_m.a(thread.c.obj)
                0x0000000008004690                arch_new_thread
 .text.z_check_thread_stack_fail
                0x00000000080046c8       0x30 zephyr/arch/arch/arm/core/cortex_m/libarch__arm__core__cortex_m.a(thread.c.obj)
                0x00000000080046c8                z_check_thread_stack_fail
 .text.arch_switch_to_main_thread
                0x00000000080046f8       0x40 zephyr/arch/arch/arm/core/cortex_m/libarch__arm__core__cortex_m.a(thread.c.obj)
                0x00000000080046f8                arch_switch_to_main_thread
 .text.z_arm_cpu_idle_init
                0x0000000008004738        0xc zephyr/arch/arch/arm/core/cortex_m/libarch__arm__core__cortex_m.a(cpu_idle.c.obj)
                0x0000000008004738                z_arm_cpu_idle_init
 .text.z_arm_interrupt_init
                0x0000000008004744       0x18 zephyr/arch/arch/arm/core/cortex_m/libarch__arm__core__cortex_m.a(irq_init.c.obj)
                0x0000000008004744                z_arm_interrupt_init
 .text._isr_wrapper
                0x000000000800475c       0x24 zephyr/arch/arch/arm/core/cortex_m/libarch__arm__core__cortex_m.a(isr_wrapper.c.obj)
                0x000000000800475c                _isr_wrapper
 .text.z_arm_configure_static_mpu_regions
                0x0000000008004780       0x18 zephyr/arch/arch/arm/core/mpu/libarch__arm__core__mpu.a(arm_core_mpu.c.obj)
                0x0000000008004780                z_arm_configure_static_mpu_regions
 .text.z_arm_configure_dynamic_mpu_regions
                0x0000000008004798       0x24 zephyr/arch/arch/arm/core/mpu/libarch__arm__core__mpu.a(arm_core_mpu.c.obj)
                0x0000000008004798                z_arm_configure_dynamic_mpu_regions
 .text.region_allocate_and_init
                0x00000000080047bc       0x54 zephyr/arch/arch/arm/core/mpu/libarch__arm__core__mpu.a(arm_mpu.c.obj)
 .text.mpu_configure_regions
                0x0000000008004810       0x68 zephyr/arch/arch/arm/core/mpu/libarch__arm__core__mpu.a(arm_mpu.c.obj)
 .text.arm_core_mpu_enable
                0x0000000008004878       0x18 zephyr/arch/arch/arm/core/mpu/libarch__arm__core__mpu.a(arm_mpu.c.obj)
                0x0000000008004878                arm_core_mpu_enable
 .text.arm_core_mpu_disable
                0x0000000008004890       0x14 zephyr/arch/arch/arm/core/mpu/libarch__arm__core__mpu.a(arm_mpu.c.obj)
                0x0000000008004890                arm_core_mpu_disable
 .text.arm_core_mpu_configure_static_mpu_regions
                0x00000000080048a4       0x4c zephyr/arch/arch/arm/core/mpu/libarch__arm__core__mpu.a(arm_mpu.c.obj)
                0x00000000080048a4                arm_core_mpu_configure_static_mpu_regions
 .text.arm_core_mpu_configure_dynamic_mpu_regions
                0x00000000080048f0       0x6c zephyr/arch/arch/arm/core/mpu/libarch__arm__core__mpu.a(arm_mpu.c.obj)
                0x00000000080048f0                arm_core_mpu_configure_dynamic_mpu_regions
 .text.z_arm_mpu_init
                0x000000000800495c      0x230 zephyr/arch/arch/arm/core/mpu/libarch__arm__core__mpu.a(arm_mpu.c.obj)
                0x000000000800495c                z_arm_mpu_init
 .text.cbvprintf
                0x0000000008004b8c       0x38 zephyr/lib/libc/picolibc/liblib__libc__picolibc.a(cbprintf.c.obj)
                0x0000000008004b8c                cbvprintf
 .text.z_impl_zephyr_fputc
                0x0000000008004bc4       0x10 zephyr/lib/libc/picolibc/liblib__libc__picolibc.a(stdio.c.obj)
                0x0000000008004bc4                z_impl_zephyr_fputc
 .text.__stdout_hook_install
                0x0000000008004bd4       0x18 zephyr/lib/libc/picolibc/liblib__libc__picolibc.a(stdio.c.obj)
                0x0000000008004bd4                __stdout_hook_install
 .text.malloc_prepare
                0x0000000008004bec       0x24 zephyr/lib/libc/common/liblib__libc__common.a(malloc.c.obj)
 .text.get_battery_level
                0x0000000008004c10       0x10 zephyr/subsys/lorawan/libloramac-node.a(lorawan.c.obj)
 .text.lorawan_init
                0x0000000008004c20       0x54 zephyr/subsys/lorawan/libloramac-node.a(lorawan.c.obj)
 .text.datarate_observe
                0x0000000008004c74       0x4c zephyr/subsys/lorawan/libloramac-node.a(lorawan.c.obj)
 .text.atomic_get.constprop.0
                0x0000000008004cc0       0x14 zephyr/subsys/lorawan/libloramac-node.a(lorawan.c.obj)
 .text.mcps_indication_handler
                0x0000000008004cd4       0xd4 zephyr/subsys/lorawan/libloramac-node.a(lorawan.c.obj)
 .text.mcps_confirm_handler
                0x0000000008004da8       0x64 zephyr/subsys/lorawan/libloramac-node.a(lorawan.c.obj)
 .text.mlme_confirm_handler
                0x0000000008004e0c       0xac zephyr/subsys/lorawan/libloramac-node.a(lorawan.c.obj)
 .text.lorawan_set_region
                0x0000000008004eb8       0x38 zephyr/subsys/lorawan/libloramac-node.a(lorawan.c.obj)
                0x0000000008004eb8                lorawan_set_region
 .text.lorawan_join
                0x0000000008004ef0      0x1c8 zephyr/subsys/lorawan/libloramac-node.a(lorawan.c.obj)
                0x0000000008004ef0                lorawan_join
 .text.lorawan_enable_adr
                0x00000000080050b8       0x64 zephyr/subsys/lorawan/libloramac-node.a(lorawan.c.obj)
                0x00000000080050b8                lorawan_enable_adr
 .text.lorawan_send
                0x000000000800511c      0x114 zephyr/subsys/lorawan/libloramac-node.a(lorawan.c.obj)
                0x000000000800511c                lorawan_send
 .text.lorawan_register_downlink_callback
                0x0000000008005230       0x20 zephyr/subsys/lorawan/libloramac-node.a(lorawan.c.obj)
                0x0000000008005230                lorawan_register_downlink_callback
 .text.lorawan_register_dr_changed_callback
                0x0000000008005250        0xc zephyr/subsys/lorawan/libloramac-node.a(lorawan.c.obj)
                0x0000000008005250                lorawan_register_dr_changed_callback
 .text.lorawan_start
                0x000000000800525c       0xb4 zephyr/subsys/lorawan/libloramac-node.a(lorawan.c.obj)
                0x000000000800525c                lorawan_start
 .text.lorawan_status2str
                0x0000000008005310       0x18 zephyr/subsys/lorawan/libloramac-node.a(lw_priv.c.obj)
                0x0000000008005310                lorawan_status2str
 .text.lorawan_eventinfo2str
                0x0000000008005328       0x18 zephyr/subsys/lorawan/libloramac-node.a(lw_priv.c.obj)
                0x0000000008005328                lorawan_eventinfo2str
 .text.lorawan_status2errno
                0x0000000008005340       0x24 zephyr/subsys/lorawan/libloramac-node.a(lw_priv.c.obj)
                0x0000000008005340                lorawan_status2errno
 .text.lorawan_eventinfo2errno
                0x0000000008005364       0x24 zephyr/subsys/lorawan/libloramac-node.a(lw_priv.c.obj)
                0x0000000008005364                lorawan_eventinfo2errno
 .text.on_setting_loaded
                0x0000000008005388      0x128 zephyr/subsys/lorawan/libloramac-node.a(lorawan_nvm_settings.c.obj)
 .text.lorawan_nvm_data_mgmt_event
                0x00000000080054b0       0x90 zephyr/subsys/lorawan/libloramac-node.a(lorawan_nvm_settings.c.obj)
                0x00000000080054b0                lorawan_nvm_data_mgmt_event
 .text.lorawan_nvm_data_restore
                0x0000000008005540       0x78 zephyr/subsys/lorawan/libloramac-node.a(lorawan_nvm_settings.c.obj)
                0x0000000008005540                lorawan_nvm_data_restore
 .text.gpio_pin_set.isra.0
                0x00000000080055b8       0x5c zephyr/subsys/lorawan/libloramac-node.a(sx126x.c.obj)
 .text.sx126x_set_rx_enable
                0x0000000008005614       0x10 zephyr/subsys/lorawan/libloramac-node.a(sx126x.c.obj)
 .text.sx126x_set_tx_enable
                0x0000000008005624       0x10 zephyr/subsys/lorawan/libloramac-node.a(sx126x.c.obj)
 .text.sx126x_dio1_irq_work_handler.part.0
                0x0000000008005634       0x14 zephyr/subsys/lorawan/libloramac-node.a(sx126x.c.obj)
 .text.sx126x_dio1_irq_work_handler
                0x0000000008005648       0x38 zephyr/subsys/lorawan/libloramac-node.a(sx126x.c.obj)
 .text.sx126x_lora_init
                0x0000000008005680       0xa4 zephyr/subsys/lorawan/libloramac-node.a(sx126x.c.obj)
 .text.SX126xGetOperatingMode
                0x0000000008005724        0xc zephyr/subsys/lorawan/libloramac-node.a(sx126x.c.obj)
                0x0000000008005724                SX126xGetOperatingMode
 .text.SX126xSetOperatingMode
                0x0000000008005730       0x4c zephyr/subsys/lorawan/libloramac-node.a(sx126x.c.obj)
                0x0000000008005730                SX126xSetOperatingMode
 .text.SX126xIoIrqInit
                0x000000000800577c        0xc zephyr/subsys/lorawan/libloramac-node.a(sx126x.c.obj)
                0x000000000800577c                SX126xIoIrqInit
 .text.SX126xReset
                0x0000000008005788       0x18 zephyr/subsys/lorawan/libloramac-node.a(sx126x.c.obj)
                0x0000000008005788                SX126xReset
 .text.SX126xWaitOnBusy
                0x00000000080057a0       0x1c zephyr/subsys/lorawan/libloramac-node.a(sx126x.c.obj)
                0x00000000080057a0                SX126xWaitOnBusy
 .text.sx126x_spi_transceive.isra.0
                0x00000000080057bc       0x7c zephyr/subsys/lorawan/libloramac-node.a(sx126x.c.obj)
 .text.SX126xWakeup
                0x0000000008005838       0x60 zephyr/subsys/lorawan/libloramac-node.a(sx126x.c.obj)
                0x0000000008005838                SX126xWakeup
 .text.SX126xGetDio1PinState
                0x0000000008005898        0xc zephyr/subsys/lorawan/libloramac-node.a(sx126x.c.obj)
                0x0000000008005898                SX126xGetDio1PinState
 .text.timer_callback
                0x00000000080058a4        0xc zephyr/subsys/lorawan/libloramac-node.a(hal_common.c.obj)
 .text.RtcBkupWrite
                0x00000000080058b0        0xc zephyr/subsys/lorawan/libloramac-node.a(hal_common.c.obj)
                0x00000000080058b0                RtcBkupWrite
 .text.RtcBkupRead
                0x00000000080058bc       0x10 zephyr/subsys/lorawan/libloramac-node.a(hal_common.c.obj)
                0x00000000080058bc                RtcBkupRead
 .text.RtcGetTimerElapsedTime
                0x00000000080058cc       0x14 zephyr/subsys/lorawan/libloramac-node.a(hal_common.c.obj)
                0x00000000080058cc                RtcGetTimerElapsedTime
 .text.RtcStopAlarm
                0x00000000080058e0        0xc zephyr/subsys/lorawan/libloramac-node.a(hal_common.c.obj)
                0x00000000080058e0                RtcStopAlarm
 .text.RtcSetAlarm
                0x00000000080058ec       0x20 zephyr/subsys/lorawan/libloramac-node.a(hal_common.c.obj)
                0x00000000080058ec                RtcSetAlarm
 .text.RtcSetTimerContext
                0x000000000800590c       0x10 zephyr/subsys/lorawan/libloramac-node.a(hal_common.c.obj)
                0x000000000800590c                RtcSetTimerContext
 .text.RtcGetTimerContext
                0x000000000800591c        0xc zephyr/subsys/lorawan/libloramac-node.a(hal_common.c.obj)
                0x000000000800591c                RtcGetTimerContext
 .text.modem_release.constprop.0
                0x0000000008005928       0x54 zephyr/subsys/lorawan/libloramac-node.a(sx12xx_common.c.obj)
 .text.sx12xx_ev_tx_done
                0x000000000800597c       0x20 zephyr/subsys/lorawan/libloramac-node.a(sx12xx_common.c.obj)
 .text.sx12xx_ev_rx_error
                0x000000000800599c       0x40 zephyr/subsys/lorawan/libloramac-node.a(sx12xx_common.c.obj)
 .text.sx12xx_ev_rx_done
                0x00000000080059dc       0xb0 zephyr/subsys/lorawan/libloramac-node.a(sx12xx_common.c.obj)
 .text.__sx12xx_configure_pin
                0x0000000008005a8c      0x1fc zephyr/subsys/lorawan/libloramac-node.a(sx12xx_common.c.obj)
                0x0000000008005a8c                __sx12xx_configure_pin
 .text.sx12xx_lora_send_async
                0x0000000008005c88       0x4c zephyr/subsys/lorawan/libloramac-node.a(sx12xx_common.c.obj)
                0x0000000008005c88                sx12xx_lora_send_async
 .text.sx12xx_lora_send
                0x0000000008005cd4       0xb8 zephyr/subsys/lorawan/libloramac-node.a(sx12xx_common.c.obj)
                0x0000000008005cd4                sx12xx_lora_send
 .text.sx12xx_lora_recv
                0x0000000008005d8c       0xd4 zephyr/subsys/lorawan/libloramac-node.a(sx12xx_common.c.obj)
                0x0000000008005d8c                sx12xx_lora_recv
 .text.sx12xx_lora_recv_async
                0x0000000008005e60       0x54 zephyr/subsys/lorawan/libloramac-node.a(sx12xx_common.c.obj)
                0x0000000008005e60                sx12xx_lora_recv_async
 .text.sx12xx_lora_config
                0x0000000008005eb4       0xbc zephyr/subsys/lorawan/libloramac-node.a(sx12xx_common.c.obj)
                0x0000000008005eb4                sx12xx_lora_config
 .text.sx12xx_lora_test_cw
                0x0000000008005f70       0x40 zephyr/subsys/lorawan/libloramac-node.a(sx12xx_common.c.obj)
                0x0000000008005f70                sx12xx_lora_test_cw
 .text.sx12xx_init
                0x0000000008005fb0       0x60 zephyr/subsys/lorawan/libloramac-node.a(sx12xx_common.c.obj)
                0x0000000008005fb0                sx12xx_init
 .text.sx126x_is_busy
                0x0000000008006010       0x10 zephyr/subsys/lorawan/libloramac-node.a(sx126x_stm32wl.c.obj)
                0x0000000008006010                sx126x_is_busy
 .text.sx126x_dio1_irq_enable
                0x0000000008006020       0x14 zephyr/subsys/lorawan/libloramac-node.a(sx126x_stm32wl.c.obj)
                0x0000000008006020                sx126x_dio1_irq_enable
 .text.sx126x_variant_init
                0x0000000008006034       0x28 zephyr/subsys/lorawan/libloramac-node.a(sx126x_stm32wl.c.obj)
                0x0000000008006034                sx126x_variant_init
 .text.rand1    0x000000000800605c       0x28 zephyr/subsys/lorawan/libloramac-node.a(utilities.c.obj)
                0x000000000800605c                rand1
 .text.srand1   0x0000000008006084        0xc zephyr/subsys/lorawan/libloramac-node.a(utilities.c.obj)
                0x0000000008006084                srand1
 .text.Crc32    0x0000000008006090       0x34 zephyr/subsys/lorawan/libloramac-node.a(utilities.c.obj)
                0x0000000008006090                Crc32
 .text.TimerInsertNewHeadTimer
                0x00000000080060c4       0x18 zephyr/subsys/lorawan/libloramac-node.a(timer.c.obj)
 .text.TimerStart
                0x00000000080060dc       0x70 zephyr/subsys/lorawan/libloramac-node.a(timer.c.obj)
                0x00000000080060dc                TimerStart
 .text.TimerIrqHandler
                0x000000000800614c       0x7c zephyr/subsys/lorawan/libloramac-node.a(timer.c.obj)
                0x000000000800614c                TimerIrqHandler
 .text.TimerStop
                0x00000000080061c8       0x54 zephyr/subsys/lorawan/libloramac-node.a(timer.c.obj)
                0x00000000080061c8                TimerStop
 .text.SX126xSetCrcSeed
                0x000000000800621c       0x24 zephyr/subsys/lorawan/libloramac-node.a(sx126x.c.obj)
                0x000000000800621c                SX126xSetCrcSeed
 .text.SX126xSetCrcPolynomial
                0x0000000008006240       0x24 zephyr/subsys/lorawan/libloramac-node.a(sx126x.c.obj)
                0x0000000008006240                SX126xSetCrcPolynomial
 .text.SX126xSetWhiteningSeed
                0x0000000008006264       0x38 zephyr/subsys/lorawan/libloramac-node.a(sx126x.c.obj)
                0x0000000008006264                SX126xSetWhiteningSeed
 .text.SX126xSetSleep
                0x000000000800629c       0x3c zephyr/subsys/lorawan/libloramac-node.a(sx126x.c.obj)
                0x000000000800629c                SX126xSetSleep
 .text.SX126xInit
                0x00000000080062d8       0x34 zephyr/subsys/lorawan/libloramac-node.a(sx126x.c.obj)
                0x00000000080062d8                SX126xInit
 .text.SX126xCalibrateImage
                0x000000000800630c       0x64 zephyr/subsys/lorawan/libloramac-node.a(sx126x.c.obj)
                0x000000000800630c                SX126xCalibrateImage
 .text.SX126xSetRfFrequency
                0x0000000008006370       0x48 zephyr/subsys/lorawan/libloramac-node.a(sx126x.c.obj)
                0x0000000008006370                SX126xSetRfFrequency
 .text.SX126xSetPacketType
                0x00000000080063b8       0x20 zephyr/subsys/lorawan/libloramac-node.a(sx126x.c.obj)
                0x00000000080063b8                SX126xSetPacketType
 .text.SX126xGetPacketType
                0x00000000080063d8        0xc zephyr/subsys/lorawan/libloramac-node.a(sx126x.c.obj)
                0x00000000080063d8                SX126xGetPacketType
 .text.SX126xSetModulationParams
                0x00000000080063e4       0x98 zephyr/subsys/lorawan/libloramac-node.a(sx126x.c.obj)
                0x00000000080063e4                SX126xSetModulationParams
 .text.SX126xSetPacketParams
                0x000000000800647c       0xbc zephyr/subsys/lorawan/libloramac-node.a(sx126x.c.obj)
                0x000000000800647c                SX126xSetPacketParams
 .text.SX126xGetRxBufferStatus
                0x0000000008006538       0x44 zephyr/subsys/lorawan/libloramac-node.a(sx126x.c.obj)
                0x0000000008006538                SX126xGetRxBufferStatus
 .text.SX126xGetPacketStatus
                0x000000000800657c       0x78 zephyr/subsys/lorawan/libloramac-node.a(sx126x.c.obj)
                0x000000000800657c                SX126xGetPacketStatus
 .text.RadioOnTxTimeoutIrq
                0x00000000080065f4       0x14 zephyr/subsys/lorawan/libloramac-node.a(radio.c.obj)
                0x00000000080065f4                RadioOnTxTimeoutIrq
 .text.RadioOnRxTimeoutIrq
                0x0000000008006608       0x14 zephyr/subsys/lorawan/libloramac-node.a(radio.c.obj)
                0x0000000008006608                RadioOnRxTimeoutIrq
 .text.RadioOnDioIrq
                0x000000000800661c        0xc zephyr/subsys/lorawan/libloramac-node.a(radio.c.obj)
                0x000000000800661c                RadioOnDioIrq
 .text.RadioGetStatus
                0x0000000008006628       0x1c zephyr/subsys/lorawan/libloramac-node.a(radio.c.obj)
                0x0000000008006628                RadioGetStatus
 .text.RadioSend
                0x0000000008006644       0x5c zephyr/subsys/lorawan/libloramac-node.a(radio.c.obj)
                0x0000000008006644                RadioSend
 .text.RadioSetTxContinuousWave
                0x00000000080066a0       0x30 zephyr/subsys/lorawan/libloramac-node.a(radio.c.obj)
                0x00000000080066a0                RadioSetTxContinuousWave
 .text.RadioIrqProcess
                0x00000000080066d0      0x17c zephyr/subsys/lorawan/libloramac-node.a(radio.c.obj)
                0x00000000080066d0                RadioIrqProcess
 .text.RadioGetFskBandwidthRegValue
                0x000000000800684c       0x34 zephyr/subsys/lorawan/libloramac-node.a(radio.c.obj)
 .text.RadioSetMaxPayloadLength
                0x0000000008006880       0x30 zephyr/subsys/lorawan/libloramac-node.a(radio.c.obj)
                0x0000000008006880                RadioSetMaxPayloadLength
 .text.RadioRx  0x00000000080068b0       0x48 zephyr/subsys/lorawan/libloramac-node.a(radio.c.obj)
                0x00000000080068b0                RadioRx
 .text.RadioRxBoosted
                0x00000000080068f8       0x48 zephyr/subsys/lorawan/libloramac-node.a(radio.c.obj)
                0x00000000080068f8                RadioRxBoosted
 .text.RadioTimeOnAir
                0x0000000008006940       0xe4 zephyr/subsys/lorawan/libloramac-node.a(radio.c.obj)
                0x0000000008006940                RadioTimeOnAir
 .text.RadioSetPublicNetwork
                0x0000000008006a24       0x3c zephyr/subsys/lorawan/libloramac-node.a(radio.c.obj)
                0x0000000008006a24                RadioSetPublicNetwork
 .text.RadioSetModem.part.0
                0x0000000008006a60       0x24 zephyr/subsys/lorawan/libloramac-node.a(radio.c.obj)
 .text.RadioSetModem
                0x0000000008006a84       0x20 zephyr/subsys/lorawan/libloramac-node.a(radio.c.obj)
                0x0000000008006a84                RadioSetModem
 .text.RadioSetRxConfig
                0x0000000008006aa4      0x1e0 zephyr/subsys/lorawan/libloramac-node.a(radio.c.obj)
                0x0000000008006aa4                RadioSetRxConfig
 .text.RadioSetTxConfig
                0x0000000008006c84      0x194 zephyr/subsys/lorawan/libloramac-node.a(radio.c.obj)
                0x0000000008006c84                RadioSetTxConfig
 .text.RadioInit
                0x0000000008006e18       0x7c zephyr/subsys/lorawan/libloramac-node.a(radio.c.obj)
                0x0000000008006e18                RadioInit
 .text.aes_set_key
                0x0000000008006e94      0x104 zephyr/subsys/lorawan/libloramac-node.a(aes.c.obj)
                0x0000000008006e94                aes_set_key
 .text.aes_encrypt
                0x0000000008006f98      0x2cc zephyr/subsys/lorawan/libloramac-node.a(aes.c.obj)
                0x0000000008006f98                aes_encrypt
 .text.ComputeCmac
                0x0000000008007264       0x80 zephyr/subsys/lorawan/libloramac-node.a(soft-se.c.obj)
 .text.SecureElementInit
                0x00000000080072e4       0xc0 zephyr/subsys/lorawan/libloramac-node.a(soft-se.c.obj)
                0x00000000080072e4                SecureElementInit
 .text.SecureElementAesEncrypt
                0x00000000080073a4       0x7c zephyr/subsys/lorawan/libloramac-node.a(soft-se.c.obj)
                0x00000000080073a4                SecureElementAesEncrypt
 .text.SecureElementSetKey.part.0
                0x0000000008007420       0x7c zephyr/subsys/lorawan/libloramac-node.a(soft-se.c.obj)
 .text.SecureElementSetDevEui
                0x000000000800749c       0x1c zephyr/subsys/lorawan/libloramac-node.a(soft-se.c.obj)
                0x000000000800749c                SecureElementSetDevEui
 .text.SecureElementGetDevEui
                0x00000000080074b8        0xc zephyr/subsys/lorawan/libloramac-node.a(soft-se.c.obj)
                0x00000000080074b8                SecureElementGetDevEui
 .text.SecureElementSetJoinEui
                0x00000000080074c4       0x20 zephyr/subsys/lorawan/libloramac-node.a(soft-se.c.obj)
                0x00000000080074c4                SecureElementSetJoinEui
 .text.SecureElementGetJoinEui
                0x00000000080074e4        0xc zephyr/subsys/lorawan/libloramac-node.a(soft-se.c.obj)
                0x00000000080074e4                SecureElementGetJoinEui
 .text.SecureElementSetPin
                0x00000000080074f0       0x20 zephyr/subsys/lorawan/libloramac-node.a(soft-se.c.obj)
                0x00000000080074f0                SecureElementSetPin
 .text.SecureElementGetPin
                0x0000000008007510        0xc zephyr/subsys/lorawan/libloramac-node.a(soft-se.c.obj)
                0x0000000008007510                SecureElementGetPin
 .text.UpdateRxSlotIdleState
                0x000000000800751c       0x1c zephyr/subsys/lorawan/libloramac-node.a(LoRaMac.c.obj)
 .text.OnMacProcessNotify
                0x0000000008007538       0x14 zephyr/subsys/lorawan/libloramac-node.a(LoRaMac.c.obj)
 .text.OnRadioRxTimeout
                0x000000000800754c       0x14 zephyr/subsys/lorawan/libloramac-node.a(LoRaMac.c.obj)
 .text.OnRadioTxTimeout
                0x0000000008007560       0x14 zephyr/subsys/lorawan/libloramac-node.a(LoRaMac.c.obj)
 .text.OnRadioRxError
                0x0000000008007574       0x14 zephyr/subsys/lorawan/libloramac-node.a(LoRaMac.c.obj)
 .text.OnAbpJoinPendingTimerEvent
                0x0000000008007588       0x24 zephyr/subsys/lorawan/libloramac-node.a(LoRaMac.c.obj)
 .text.OnRadioRxDone
                0x00000000080075ac       0x3c zephyr/subsys/lorawan/libloramac-node.a(LoRaMac.c.obj)
 .text.GetMaxAppPayloadWithoutFOptsLength
                0x00000000080075e8       0x2c zephyr/subsys/lorawan/libloramac-node.a(LoRaMac.c.obj)
 .text.OnForceRejoinReqCycleTimerEvent
                0x0000000008007614       0x64 zephyr/subsys/lorawan/libloramac-node.a(LoRaMac.c.obj)
 .text.OnRetransmitTimeoutTimerEvent
                0x0000000008007678       0x28 zephyr/subsys/lorawan/libloramac-node.a(LoRaMac.c.obj)
 .text.PrepareRxDoneAbort
                0x00000000080076a0       0x38 zephyr/subsys/lorawan/libloramac-node.a(LoRaMac.c.obj)
 .text.ResetMacParameters
                0x00000000080076d8      0x15c zephyr/subsys/lorawan/libloramac-node.a(LoRaMac.c.obj)
 .text.OnRadioTxDone
                0x0000000008007834       0x3c zephyr/subsys/lorawan/libloramac-node.a(LoRaMac.c.obj)
 .text.HandleRadioRxErrorTimeout
                0x0000000008007870       0xcc zephyr/subsys/lorawan/libloramac-node.a(LoRaMac.c.obj)
 .text.OpenContinuousRxCWindow
                0x000000000800793c       0x58 zephyr/subsys/lorawan/libloramac-node.a(LoRaMac.c.obj)
 .text.SwitchClass
                0x0000000008007994      0x100 zephyr/subsys/lorawan/libloramac-node.a(LoRaMac.c.obj)
 .text.RxWindowSetup.constprop.0
                0x0000000008007a94       0x40 zephyr/subsys/lorawan/libloramac-node.a(LoRaMac.c.obj)
 .text.OnRxWindow1TimerEvent
                0x0000000008007ad4       0x44 zephyr/subsys/lorawan/libloramac-node.a(LoRaMac.c.obj)
 .text.OnRxWindow2TimerEvent
                0x0000000008007b18       0x4c zephyr/subsys/lorawan/libloramac-node.a(LoRaMac.c.obj)
 .text.ProcessMacCommands.constprop.0
                0x0000000008007b64      0x6ec zephyr/subsys/lorawan/libloramac-node.a(LoRaMac.c.obj)
 .text.StopRetransmission.isra.0
                0x0000000008008250       0x90 zephyr/subsys/lorawan/libloramac-node.a(LoRaMac.c.obj)
 .text.OnRejoin1CycleTimerEvent
                0x00000000080082e0       0x50 zephyr/subsys/lorawan/libloramac-node.a(LoRaMac.c.obj)
 .text.OnRejoin0CycleTimerEvent
                0x0000000008008330       0x50 zephyr/subsys/lorawan/libloramac-node.a(LoRaMac.c.obj)
 .text.LoRaMacIsBusy
                0x0000000008008380       0x30 zephyr/subsys/lorawan/libloramac-node.a(LoRaMac.c.obj)
                0x0000000008008380                LoRaMacIsBusy
 .text.PrepareFrame
                0x00000000080083b0      0x14c zephyr/subsys/lorawan/libloramac-node.a(LoRaMac.c.obj)
                0x00000000080083b0                PrepareFrame
 .text.SendFrameOnChannel
                0x00000000080084fc      0x144 zephyr/subsys/lorawan/libloramac-node.a(LoRaMac.c.obj)
                0x00000000080084fc                SendFrameOnChannel
 .text.ScheduleTx
                0x0000000008008640      0x1f8 zephyr/subsys/lorawan/libloramac-node.a(LoRaMac.c.obj)
 .text.OnTxDelayedTimerEvent
                0x0000000008008838       0x70 zephyr/subsys/lorawan/libloramac-node.a(LoRaMac.c.obj)
 .text.Send     0x00000000080088a8       0xfc zephyr/subsys/lorawan/libloramac-node.a(LoRaMac.c.obj)
                0x00000000080088a8                Send
 .text.SendReJoinReq
                0x00000000080089a4      0x108 zephyr/subsys/lorawan/libloramac-node.a(LoRaMac.c.obj)
                0x00000000080089a4                SendReJoinReq
 .text.SetTxContinuousWave
                0x0000000008008aac       0x2c zephyr/subsys/lorawan/libloramac-node.a(LoRaMac.c.obj)
                0x0000000008008aac                SetTxContinuousWave
 .text.LoRaMacInitialization
                0x0000000008008ad8      0x380 zephyr/subsys/lorawan/libloramac-node.a(LoRaMac.c.obj)
                0x0000000008008ad8                LoRaMacInitialization
 .text.LoRaMacStart
                0x0000000008008e58       0x14 zephyr/subsys/lorawan/libloramac-node.a(LoRaMac.c.obj)
                0x0000000008008e58                LoRaMacStart
 .text.LoRaMacQueryTxPossible
                0x0000000008008e6c       0xc4 zephyr/subsys/lorawan/libloramac-node.a(LoRaMac.c.obj)
                0x0000000008008e6c                LoRaMacQueryTxPossible
 .text.LoRaMacMibGetRequestConfirm
                0x0000000008008f30      0x230 zephyr/subsys/lorawan/libloramac-node.a(LoRaMac.c.obj)
                0x0000000008008f30                LoRaMacMibGetRequestConfirm
 .text.LoRaMacMibSetRequestConfirm
                0x0000000008009160      0x648 zephyr/subsys/lorawan/libloramac-node.a(LoRaMac.c.obj)
                0x0000000008009160                LoRaMacMibSetRequestConfirm
 .text.LoRaMacMlmeRequest
                0x00000000080097a8      0x228 zephyr/subsys/lorawan/libloramac-node.a(LoRaMac.c.obj)
                0x00000000080097a8                LoRaMacMlmeRequest
 .text.LoRaMacProcess
                0x00000000080099d0      0xb9c zephyr/subsys/lorawan/libloramac-node.a(LoRaMac.c.obj)
                0x00000000080099d0                LoRaMacProcess
 .text.LoRaMacMcpsRequest
                0x000000000800a56c      0x1a4 zephyr/subsys/lorawan/libloramac-node.a(LoRaMac.c.obj)
                0x000000000800a56c                LoRaMacMcpsRequest
 .text.IsSticky
                0x000000000800a710       0x20 zephyr/subsys/lorawan/libloramac-node.a(LoRaMacCommands.c.obj)
 .text.LoRaMacCommandsInit
                0x000000000800a730       0x1c zephyr/subsys/lorawan/libloramac-node.a(LoRaMacCommands.c.obj)
                0x000000000800a730                LoRaMacCommandsInit
 .text.LoRaMacCommandsAddCmd
                0x000000000800a74c       0x9c zephyr/subsys/lorawan/libloramac-node.a(LoRaMacCommands.c.obj)
                0x000000000800a74c                LoRaMacCommandsAddCmd
 .text.LoRaMacCommandsRemoveCmd
                0x000000000800a7e8       0x5c zephyr/subsys/lorawan/libloramac-node.a(LoRaMacCommands.c.obj)
                0x000000000800a7e8                LoRaMacCommandsRemoveCmd
 .text.LoRaMacCommandsGetCmd
                0x000000000800a844       0x1c zephyr/subsys/lorawan/libloramac-node.a(LoRaMacCommands.c.obj)
                0x000000000800a844                LoRaMacCommandsGetCmd
 .text.LoRaMacCommandsRemoveNoneStickyCmds
                0x000000000800a860       0x1c zephyr/subsys/lorawan/libloramac-node.a(LoRaMacCommands.c.obj)
                0x000000000800a860                LoRaMacCommandsRemoveNoneStickyCmds
 .text.LoRaMacCommandsRemoveStickyAnsCmds
                0x000000000800a87c       0x3c zephyr/subsys/lorawan/libloramac-node.a(LoRaMacCommands.c.obj)
                0x000000000800a87c                LoRaMacCommandsRemoveStickyAnsCmds
 .text.LoRaMacCommandsGetSizeSerializedCmds
                0x000000000800a8b8       0x18 zephyr/subsys/lorawan/libloramac-node.a(LoRaMacCommands.c.obj)
                0x000000000800a8b8                LoRaMacCommandsGetSizeSerializedCmds
 .text.LoRaMacCommandsSerializeCmds
                0x000000000800a8d0       0x68 zephyr/subsys/lorawan/libloramac-node.a(LoRaMacCommands.c.obj)
                0x000000000800a8d0                LoRaMacCommandsSerializeCmds
 .text.LoRaMacCommandsGetCmdSize
                0x000000000800a938       0x14 zephyr/subsys/lorawan/libloramac-node.a(LoRaMacCommands.c.obj)
                0x000000000800a938                LoRaMacCommandsGetCmdSize
 .text.GetElement.constprop.0
                0x000000000800a94c       0x34 zephyr/subsys/lorawan/libloramac-node.a(LoRaMacConfirmQueue.c.obj)
 .text.LoRaMacConfirmQueueInit
                0x000000000800a980       0x28 zephyr/subsys/lorawan/libloramac-node.a(LoRaMacConfirmQueue.c.obj)
                0x000000000800a980                LoRaMacConfirmQueueInit
 .text.LoRaMacConfirmQueueAdd
                0x000000000800a9a8       0x4c zephyr/subsys/lorawan/libloramac-node.a(LoRaMacConfirmQueue.c.obj)
                0x000000000800a9a8                LoRaMacConfirmQueueAdd
 .text.LoRaMacConfirmQueueRemoveFirst
                0x000000000800a9f4       0x2c zephyr/subsys/lorawan/libloramac-node.a(LoRaMacConfirmQueue.c.obj)
                0x000000000800a9f4                LoRaMacConfirmQueueRemoveFirst
 .text.LoRaMacConfirmQueueSetStatus
                0x000000000800aa20       0x24 zephyr/subsys/lorawan/libloramac-node.a(LoRaMacConfirmQueue.c.obj)
                0x000000000800aa20                LoRaMacConfirmQueueSetStatus
 .text.LoRaMacConfirmQueueSetStatusCmn
                0x000000000800aa44       0x34 zephyr/subsys/lorawan/libloramac-node.a(LoRaMacConfirmQueue.c.obj)
                0x000000000800aa44                LoRaMacConfirmQueueSetStatusCmn
 .text.LoRaMacConfirmQueueIsCmdActive
                0x000000000800aa78       0x18 zephyr/subsys/lorawan/libloramac-node.a(LoRaMacConfirmQueue.c.obj)
                0x000000000800aa78                LoRaMacConfirmQueueIsCmdActive
 .text.LoRaMacConfirmQueueHandleCb
                0x000000000800aa90       0x68 zephyr/subsys/lorawan/libloramac-node.a(LoRaMacConfirmQueue.c.obj)
                0x000000000800aa90                LoRaMacConfirmQueueHandleCb
 .text.LoRaMacConfirmQueueGetCnt
                0x000000000800aaf8        0xc zephyr/subsys/lorawan/libloramac-node.a(LoRaMacConfirmQueue.c.obj)
                0x000000000800aaf8                LoRaMacConfirmQueueGetCnt
 .text.LoRaMacConfirmQueueIsFull
                0x000000000800ab04       0x14 zephyr/subsys/lorawan/libloramac-node.a(LoRaMacConfirmQueue.c.obj)
                0x000000000800ab04                LoRaMacConfirmQueueIsFull
 .text.FOptsEncrypt
                0x000000000800ab18       0xbc zephyr/subsys/lorawan/libloramac-node.a(LoRaMacCrypto.c.obj)
 .text.GetLastFcntDown.constprop.0
                0x000000000800abd4       0x58 zephyr/subsys/lorawan/libloramac-node.a(LoRaMacCrypto.c.obj)
 .text.VerifyCmacB0.constprop.0
                0x000000000800ac2c       0xbc zephyr/subsys/lorawan/libloramac-node.a(LoRaMacCrypto.c.obj)
 .text.LoRaMacCryptoInit
                0x000000000800ace8       0x3c zephyr/subsys/lorawan/libloramac-node.a(LoRaMacCrypto.c.obj)
                0x000000000800ace8                LoRaMacCryptoInit
 .text.LoRaMacCryptoSetLrWanVersion
                0x000000000800ad24       0x10 zephyr/subsys/lorawan/libloramac-node.a(LoRaMacCrypto.c.obj)
                0x000000000800ad24                LoRaMacCryptoSetLrWanVersion
 .text.LoRaMacCryptoGetFCntUp
                0x000000000800ad34       0x18 zephyr/subsys/lorawan/libloramac-node.a(LoRaMacCrypto.c.obj)
                0x000000000800ad34                LoRaMacCryptoGetFCntUp
 .text.LoRaMacCryptoGetRJcount
                0x000000000800ad4c       0x30 zephyr/subsys/lorawan/libloramac-node.a(LoRaMacCrypto.c.obj)
                0x000000000800ad4c                LoRaMacCryptoGetRJcount
 .text.LoRaMacCryptoSetMulticastReference
                0x000000000800ad7c       0x2c zephyr/subsys/lorawan/libloramac-node.a(LoRaMacCrypto.c.obj)
                0x000000000800ad7c                LoRaMacCryptoSetMulticastReference
 .text.LoRaMacCryptoPrepareJoinRequest
                0x000000000800ada8       0xac zephyr/subsys/lorawan/libloramac-node.a(LoRaMacCrypto.c.obj)
                0x000000000800ada8                LoRaMacCryptoPrepareJoinRequest
 .text.LoRaMacCryptoPrepareReJoinType1
                0x000000000800ae54       0x58 zephyr/subsys/lorawan/libloramac-node.a(LoRaMacCrypto.c.obj)
                0x000000000800ae54                LoRaMacCryptoPrepareReJoinType1
 .text.LoRaMacCryptoPrepareReJoinType0or2
                0x000000000800aeac       0x54 zephyr/subsys/lorawan/libloramac-node.a(LoRaMacCrypto.c.obj)
                0x000000000800aeac                LoRaMacCryptoPrepareReJoinType0or2
 .text.LoRaMacCryptoSecureMessage
                0x000000000800af00      0x18c zephyr/subsys/lorawan/libloramac-node.a(LoRaMacCrypto.c.obj)
                0x000000000800af00                LoRaMacCryptoSecureMessage
 .text.LoRaMacCryptoUnsecureMessage
                0x000000000800b08c      0x150 zephyr/subsys/lorawan/libloramac-node.a(LoRaMacCrypto.c.obj)
                0x000000000800b08c                LoRaMacCryptoUnsecureMessage
 .text.LoRaMacCryptoSetKey
                0x000000000800b1dc       0x34 zephyr/subsys/lorawan/libloramac-node.a(LoRaMacCrypto.c.obj)
                0x000000000800b1dc                LoRaMacCryptoSetKey
 .text.LoRaMacCryptoHandleJoinAccept
                0x000000000800b210      0x180 zephyr/subsys/lorawan/libloramac-node.a(LoRaMacCrypto.c.obj)
                0x000000000800b210                LoRaMacCryptoHandleJoinAccept
 .text.RegionGetVersion
                0x000000000800b390        0x8 zephyr/subsys/lorawan/libloramac-node.a(Region.c.obj)
                0x000000000800b390                RegionGetVersion
 .text.RegionCommonUpdateBandTimeOff
                0x000000000800b398       0xdc zephyr/subsys/lorawan/libloramac-node.a(RegionCommon.c.obj)
                0x000000000800b398                RegionCommonUpdateBandTimeOff
 .text.RegionCommonComputeSymbolTimeLoRa
                0x000000000800b474       0x10 zephyr/subsys/lorawan/libloramac-node.a(RegionCommon.c.obj)
                0x000000000800b474                RegionCommonComputeSymbolTimeLoRa
 .text.RegionCommonGetBandwidth
                0x000000000800b484       0x24 zephyr/subsys/lorawan/libloramac-node.a(RegionCommon.c.obj)
                0x000000000800b484                RegionCommonGetBandwidth
 .text.GetTimeOnAir
                0x000000000800b4a8       0x54 zephyr/subsys/lorawan/libloramac-node.a(RegionEU868.c.obj)
 .text.VerifyRfFreq
                0x000000000800b4fc       0x9c zephyr/subsys/lorawan/libloramac-node.a(RegionEU868.c.obj)
 .text.RegionEU868GetPhyParam
                0x000000000800b598      0x120 zephyr/subsys/lorawan/libloramac-node.a(RegionEU868.c.obj)
                0x000000000800b598                RegionEU868GetPhyParam
 .text.RegionEU868SetBandTxDone
                0x000000000800b6b8       0x38 zephyr/subsys/lorawan/libloramac-node.a(RegionEU868.c.obj)
                0x000000000800b6b8                RegionEU868SetBandTxDone
 .text.RegionEU868InitDefaults
                0x000000000800b6f0       0xcc zephyr/subsys/lorawan/libloramac-node.a(RegionEU868.c.obj)
                0x000000000800b6f0                RegionEU868InitDefaults
 .text.RegionEU868ChanMaskSet
                0x000000000800b7bc       0x34 zephyr/subsys/lorawan/libloramac-node.a(RegionEU868.c.obj)
                0x000000000800b7bc                RegionEU868ChanMaskSet
 .text.RegionEU868ComputeRxWindowParameters
                0x000000000800b7f0       0x64 zephyr/subsys/lorawan/libloramac-node.a(RegionEU868.c.obj)
                0x000000000800b7f0                RegionEU868ComputeRxWindowParameters
 .text.RegionEU868RxConfig
                0x000000000800b854       0xd8 zephyr/subsys/lorawan/libloramac-node.a(RegionEU868.c.obj)
                0x000000000800b854                RegionEU868RxConfig
 .text.RegionEU868TxConfig
                0x000000000800b92c      0x108 zephyr/subsys/lorawan/libloramac-node.a(RegionEU868.c.obj)
                0x000000000800b92c                RegionEU868TxConfig
 .text.RegionEU868LinkAdrReq
                0x000000000800ba34      0x15c zephyr/subsys/lorawan/libloramac-node.a(RegionEU868.c.obj)
                0x000000000800ba34                RegionEU868LinkAdrReq
 .text.RegionEU868DlChannelReq
                0x000000000800bb90       0x58 zephyr/subsys/lorawan/libloramac-node.a(RegionEU868.c.obj)
                0x000000000800bb90                RegionEU868DlChannelReq
 .text.RegionEU868NextChannel
                0x000000000800bbe8       0xf4 zephyr/subsys/lorawan/libloramac-node.a(RegionEU868.c.obj)
                0x000000000800bbe8                RegionEU868NextChannel
 .text.RegionEU868ChannelAdd
                0x000000000800bcdc       0xc0 zephyr/subsys/lorawan/libloramac-node.a(RegionEU868.c.obj)
                0x000000000800bcdc                RegionEU868ChannelAdd
 .text.RegionEU868ChannelsRemove
                0x000000000800bd9c       0x30 zephyr/subsys/lorawan/libloramac-node.a(RegionEU868.c.obj)
                0x000000000800bd9c                RegionEU868ChannelsRemove
 .text.crc8_ccitt
                0x000000000800bdcc       0x2c zephyr/subsys/crc/libsubsys__crc.a(crc8_sw.c.obj)
                0x000000000800bdcc                crc8_ccitt
 .text._zbus_init
                0x000000000800bdf8       0x74 zephyr/subsys/zbus/libsubsys__zbus.a(zbus.c.obj)
                0x000000000800bdf8                _zbus_init
 .text.stm32_exti_init
                0x000000000800be6c       0x50 zephyr/drivers/interrupt_controller/libdrivers__interrupt_controller.a(intc_exti_stm32.c.obj)
 .text.stm32_exti_is_pending
                0x000000000800bebc       0x40 zephyr/drivers/interrupt_controller/libdrivers__interrupt_controller.a(intc_exti_stm32.c.obj)
                0x000000000800bebc                stm32_exti_is_pending
 .text.stm32_exti_clear_pending
                0x000000000800befc       0x3c zephyr/drivers/interrupt_controller/libdrivers__interrupt_controller.a(intc_exti_stm32.c.obj)
                0x000000000800befc                stm32_exti_clear_pending
 .text.stm32_fill_irq_table
                0x000000000800bf38       0x18 zephyr/drivers/interrupt_controller/libdrivers__interrupt_controller.a(intc_gpio_stm32.c.obj)
 .text.stm32_intc_gpio_isr
                0x000000000800bf50       0x4c zephyr/drivers/interrupt_controller/libdrivers__interrupt_controller.a(intc_gpio_stm32.c.obj)
 .text.stm32_gpio_intc_enable_line
                0x000000000800bf9c       0x54 zephyr/drivers/interrupt_controller/libdrivers__interrupt_controller.a(intc_gpio_stm32.c.obj)
                0x000000000800bf9c                stm32_gpio_intc_enable_line
 .text.stm32_gpio_intc_disable_line
                0x000000000800bff0       0x14 zephyr/drivers/interrupt_controller/libdrivers__interrupt_controller.a(intc_gpio_stm32.c.obj)
                0x000000000800bff0                stm32_gpio_intc_disable_line
 .text.stm32_gpio_intc_select_line_trigger
                0x000000000800c004       0x6c zephyr/drivers/interrupt_controller/libdrivers__interrupt_controller.a(intc_gpio_stm32.c.obj)
                0x000000000800c004                stm32_gpio_intc_select_line_trigger
 .text.stm32_gpio_intc_set_irq_callback
                0x000000000800c070       0x40 zephyr/drivers/interrupt_controller/libdrivers__interrupt_controller.a(intc_gpio_stm32.c.obj)
                0x000000000800c070                stm32_gpio_intc_set_irq_callback
 .text.stm32_gpio_intc_remove_irq_callback
                0x000000000800c0b0       0x24 zephyr/drivers/interrupt_controller/libdrivers__interrupt_controller.a(intc_gpio_stm32.c.obj)
                0x000000000800c0b0                stm32_gpio_intc_remove_irq_callback
 .text.stm32_exti_get_line_src_port
                0x000000000800c0d4       0x34 zephyr/drivers/interrupt_controller/libdrivers__interrupt_controller.a(intc_gpio_stm32.c.obj)
                0x000000000800c0d4                stm32_exti_get_line_src_port
 .text.adc_stm32_channel_setup
                0x000000000800c108      0x124 zephyr/drivers/adc/libdrivers__adc.a(adc_stm32.c.obj)
 .text.adc_stm32_isr_18
                0x000000000800c22c       0xe8 zephyr/drivers/adc/libdrivers__adc.a(adc_stm32.c.obj)
 .text.adc_stm32_calibrate.isra.0
                0x000000000800c314       0x68 zephyr/drivers/adc/libdrivers__adc.a(adc_stm32.c.obj)
 .text.adc_stm32_init
                0x000000000800c37c      0x158 zephyr/drivers/adc/libdrivers__adc.a(adc_stm32.c.obj)
 .text.adc_stm32_read
                0x000000000800c4d4      0x270 zephyr/drivers/adc/libdrivers__adc.a(adc_stm32.c.obj)
 .text.stm32_clock_control_get_subsys_rate
                0x000000000800c744       0xb4 zephyr/drivers/clock_control/libdrivers__clock_control.a(clock_stm32_ll_common.c.obj)
 .text.stm32_clock_control_init
                0x000000000800c7f8      0x190 zephyr/drivers/clock_control/libdrivers__clock_control.a(clock_stm32_ll_common.c.obj)
                0x000000000800c7f8                stm32_clock_control_init
 .text.get_pllsrc_frequency
                0x000000000800c988        0x8 zephyr/drivers/clock_control/libdrivers__clock_control.a(clock_stm32l4_l5_wb_wl.c.obj)
                0x000000000800c988                get_pllsrc_frequency
 .text.config_pll_sysclock
                0x000000000800c990       0x24 zephyr/drivers/clock_control/libdrivers__clock_control.a(clock_stm32l4_l5_wb_wl.c.obj)
                0x000000000800c990                config_pll_sysclock
 .text.uart_console_init
                0x000000000800c9b4       0x28 zephyr/drivers/console/libdrivers__console.a(uart_console.c.obj)
 .text.console_out
                0x000000000800c9dc       0x28 zephyr/drivers/console/libdrivers__console.a(uart_console.c.obj)
 .text.dmamux_stm32_init
                0x000000000800ca04       0x7c zephyr/drivers/dma/libdrivers__dma.a(dmamux_stm32.c.obj)
 .text.get_dma_fops
                0x000000000800ca80       0x44 zephyr/drivers/dma/libdrivers__dma.a(dmamux_stm32.c.obj)
                0x000000000800ca80                get_dma_fops
 .text.dmamux_stm32_configure
                0x000000000800cac4       0x7c zephyr/drivers/dma/libdrivers__dma.a(dmamux_stm32.c.obj)
                0x000000000800cac4                dmamux_stm32_configure
 .text.dmamux_stm32_start
                0x000000000800cb40       0x48 zephyr/drivers/dma/libdrivers__dma.a(dmamux_stm32.c.obj)
                0x000000000800cb40                dmamux_stm32_start
 .text.dmamux_stm32_stop
                0x000000000800cb88       0x48 zephyr/drivers/dma/libdrivers__dma.a(dmamux_stm32.c.obj)
                0x000000000800cb88                dmamux_stm32_stop
 .text.dmamux_stm32_reload
                0x000000000800cbd0       0x5c zephyr/drivers/dma/libdrivers__dma.a(dmamux_stm32.c.obj)
                0x000000000800cbd0                dmamux_stm32_reload
 .text.dmamux_stm32_get_status
                0x000000000800cc2c       0x4c zephyr/drivers/dma/libdrivers__dma.a(dmamux_stm32.c.obj)
                0x000000000800cc2c                dmamux_stm32_get_status
 .text.dma_stm32_get_status
                0x000000000800cc78       0x48 zephyr/drivers/dma/libdrivers__dma.a(dma_stm32.c.obj)
                0x000000000800cc78                dma_stm32_get_status
 .text.dma_stm32_reload
                0x000000000800ccc0       0xf4 zephyr/drivers/dma/libdrivers__dma.a(dma_stm32.c.obj)
                0x000000000800ccc0                dma_stm32_reload
 .text.dma_stm32_init
                0x000000000800cdb4       0x8c zephyr/drivers/dma/libdrivers__dma.a(dma_stm32.c.obj)
 .text.dma_stm32_irq_handler
                0x000000000800ce40      0x10c zephyr/drivers/dma/libdrivers__dma.a(dma_stm32.c.obj)
 .text.dma_stm32_configure
                0x000000000800cf4c      0x2cc zephyr/drivers/dma/libdrivers__dma.a(dma_stm32.c.obj)
                0x000000000800cf4c                dma_stm32_configure
 .text.dma_stm32_id_to_stream
                0x000000000800d218       0x34 zephyr/drivers/dma/libdrivers__dma.a(dma_stm32_v2.c.obj)
                0x000000000800d218                dma_stm32_id_to_stream
 .text.dma_stm32_clear_ht
                0x000000000800d24c       0x38 zephyr/drivers/dma/libdrivers__dma.a(dma_stm32_v2.c.obj)
                0x000000000800d24c                dma_stm32_clear_ht
 .text.dma_stm32_clear_tc
                0x000000000800d284       0x38 zephyr/drivers/dma/libdrivers__dma.a(dma_stm32_v2.c.obj)
                0x000000000800d284                dma_stm32_clear_tc
 .text.dma_stm32_is_ht_active
                0x000000000800d2bc       0x3c zephyr/drivers/dma/libdrivers__dma.a(dma_stm32_v2.c.obj)
                0x000000000800d2bc                dma_stm32_is_ht_active
 .text.dma_stm32_is_tc_active
                0x000000000800d2f8       0x3c zephyr/drivers/dma/libdrivers__dma.a(dma_stm32_v2.c.obj)
                0x000000000800d2f8                dma_stm32_is_tc_active
 .text.dma_stm32_clear_te
                0x000000000800d334       0x38 zephyr/drivers/dma/libdrivers__dma.a(dma_stm32_v2.c.obj)
                0x000000000800d334                dma_stm32_clear_te
 .text.dma_stm32_is_te_active
                0x000000000800d36c       0x3c zephyr/drivers/dma/libdrivers__dma.a(dma_stm32_v2.c.obj)
                0x000000000800d36c                dma_stm32_is_te_active
 .text.dma_stm32_is_gi_active
                0x000000000800d3a8       0x3c zephyr/drivers/dma/libdrivers__dma.a(dma_stm32_v2.c.obj)
                0x000000000800d3a8                dma_stm32_is_gi_active
 .text.stm32_dma_dump_stream_irq
                0x000000000800d3e4       0x5c zephyr/drivers/dma/libdrivers__dma.a(dma_stm32_v2.c.obj)
                0x000000000800d3e4                stm32_dma_dump_stream_irq
 .text.stm32_dma_is_tc_irq_active
                0x000000000800d440       0x2c zephyr/drivers/dma/libdrivers__dma.a(dma_stm32_v2.c.obj)
                0x000000000800d440                stm32_dma_is_tc_irq_active
 .text.stm32_dma_is_ht_irq_active
                0x000000000800d46c       0x2c zephyr/drivers/dma/libdrivers__dma.a(dma_stm32_v2.c.obj)
                0x000000000800d46c                stm32_dma_is_ht_irq_active
 .text.stm32_dma_enable_stream
                0x000000000800d498       0x1c zephyr/drivers/dma/libdrivers__dma.a(dma_stm32_v2.c.obj)
                0x000000000800d498                stm32_dma_enable_stream
 .text.stm32_dma_is_enabled_stream
                0x000000000800d4b4       0x1c zephyr/drivers/dma/libdrivers__dma.a(dma_stm32_v2.c.obj)
                0x000000000800d4b4                stm32_dma_is_enabled_stream
 .text.stm32_dma_disable_stream
                0x000000000800d4d0       0x34 zephyr/drivers/dma/libdrivers__dma.a(dma_stm32_v2.c.obj)
                0x000000000800d4d0                stm32_dma_disable_stream
 .text.entropy_stm32_suspend.isra.0
                0x000000000800d504       0x24 zephyr/drivers/entropy/libdrivers__entropy.a(entropy_stm32.c.obj)
 .text.entropy_stm32_resume.isra.0
                0x000000000800d528       0x30 zephyr/drivers/entropy/libdrivers__entropy.a(entropy_stm32.c.obj)
 .text.start_pool_filling.constprop.0
                0x000000000800d558       0x38 zephyr/drivers/entropy/libdrivers__entropy.a(entropy_stm32.c.obj)
 .text.entropy_stm32_rng_init
                0x000000000800d590      0x14c zephyr/drivers/entropy/libdrivers__entropy.a(entropy_stm32.c.obj)
 .text.rng_pool_get
                0x000000000800d6dc       0x94 zephyr/drivers/entropy/libdrivers__entropy.a(entropy_stm32.c.obj)
 .text.entropy_stm32_rng_get_entropy
                0x000000000800d770       0x84 zephyr/drivers/entropy/libdrivers__entropy.a(entropy_stm32.c.obj)
 .text.random_sample_get
                0x000000000800d7f4       0xb8 zephyr/drivers/entropy/libdrivers__entropy.a(entropy_stm32.c.obj)
 .text.entropy_stm32_rng_get_entropy_isr
                0x000000000800d8ac      0x118 zephyr/drivers/entropy/libdrivers__entropy.a(entropy_stm32.c.obj)
 .text.stm32_rng_isr
                0x000000000800d9c4       0xb8 zephyr/drivers/entropy/libdrivers__entropy.a(entropy_stm32.c.obj)
 .text.flash_stm32_get_parameters
                0x000000000800da7c        0x8 zephyr/drivers/flash/libdrivers__flash.a(flash_stm32.c.obj)
 .text.flash_stm32_get_size
                0x000000000800da84       0x18 zephyr/drivers/flash/libdrivers__flash.a(flash_stm32.c.obj)
 .text.flash_stm32_read.part.0
                0x000000000800da9c       0x24 zephyr/drivers/flash/libdrivers__flash.a(flash_stm32.c.obj)
 .text.flash_stm32_wait_flash_idle
                0x000000000800dac0       0x6c zephyr/drivers/flash/libdrivers__flash.a(flash_stm32.c.obj)
                0x000000000800dac0                flash_stm32_wait_flash_idle
 .text.flash_stm32_cr_lock
                0x000000000800db2c       0x44 zephyr/drivers/flash/libdrivers__flash.a(flash_stm32.c.obj)
                0x000000000800db2c                flash_stm32_cr_lock
 .text.flash_stm32_erase
                0x000000000800db70       0x44 zephyr/drivers/flash/libdrivers__flash.a(flash_stm32.c.obj)
 .text.flash_stm32_write
                0x000000000800dbb4       0x4c zephyr/drivers/flash/libdrivers__flash.a(flash_stm32.c.obj)
 .text.flash_stm32_write_range
                0x000000000800dc00       0x98 zephyr/drivers/flash/libdrivers__flash.a(flash_stm32l4x.c.obj)
                0x000000000800dc00                flash_stm32_write_range
 .text.flash_stm32_page_layout
                0x000000000800dc98       0x28 zephyr/drivers/flash/libdrivers__flash.a(flash_stm32l4x.c.obj)
                0x000000000800dc98                flash_stm32_page_layout
 .text.gpio_stm32_manage_callback
                0x000000000800dcc0       0xa0 zephyr/drivers/gpio/libdrivers__gpio.a(gpio_stm32.c.obj)
 .text.gpio_stm32_pin_interrupt_configure
                0x000000000800dd60       0xb0 zephyr/drivers/gpio/libdrivers__gpio.a(gpio_stm32.c.obj)
 .text.gpio_stm32_isr
                0x000000000800de10       0x58 zephyr/drivers/gpio/libdrivers__gpio.a(gpio_stm32.c.obj)
 .text.gpio_stm32_init
                0x000000000800de68       0x38 zephyr/drivers/gpio/libdrivers__gpio.a(gpio_stm32.c.obj)
 .text.i2c_stm32_get_config.part.0
                0x000000000800dea0       0x1c zephyr/drivers/i2c/libdrivers__i2c.a(i2c_stm32.c.obj)
 .text.i2c_stm32_set_smbus_mode
                0x000000000800debc       0x54 zephyr/drivers/i2c/libdrivers__i2c.a(i2c_stm32.c.obj)
                0x000000000800debc                i2c_stm32_set_smbus_mode
 .text.i2c_stm32_runtime_configure
                0x000000000800df10       0x88 zephyr/drivers/i2c/libdrivers__i2c.a(i2c_stm32.c.obj)
                0x000000000800df10                i2c_stm32_runtime_configure
 .text.i2c_stm32_init
                0x000000000800df98       0xd4 zephyr/drivers/i2c/libdrivers__i2c.a(i2c_stm32.c.obj)
 .text.i2c_stm32_activate
                0x000000000800e06c       0x68 zephyr/drivers/i2c/libdrivers__i2c.a(i2c_stm32_common.c.obj)
                0x000000000800e06c                i2c_stm32_activate
 .text.i2c_stm32_event
                0x000000000800e0d4       0xf8 zephyr/drivers/i2c/libdrivers__i2c.a(i2c_stm32_v2.c.obj)
                0x000000000800e0d4                i2c_stm32_event
 .text.i2c_stm32_configure_timing
                0x000000000800e1cc      0x14c zephyr/drivers/i2c/libdrivers__i2c.a(i2c_stm32_v2.c.obj)
                0x000000000800e1cc                i2c_stm32_configure_timing
 .text.i2c_stm32_transaction
                0x000000000800e318      0x130 zephyr/drivers/i2c/libdrivers__i2c.a(i2c_stm32_v2.c.obj)
                0x000000000800e318                i2c_stm32_transaction
 .text.pinctrl_configure_pins
                0x000000000800e448       0xb0 zephyr/drivers/pinctrl/libdrivers__pinctrl.a(pinctrl_stm32.c.obj)
                0x000000000800e448                pinctrl_configure_pins
 .text.stm32_temp_channel_get
                0x000000000800e4f8       0xf0 zephyr/drivers/sensor/st/stm32_temp/libdrivers__sensor__st__stm32_temp.a(stm32_temp.c.obj)
 .text.stm32_temp_sample_fetch
                0x000000000800e5e8       0x90 zephyr/drivers/sensor/st/stm32_temp/libdrivers__sensor__st__stm32_temp.a(stm32_temp.c.obj)
 .text.stm32_temp_init
                0x000000000800e678       0x80 zephyr/drivers/sensor/st/stm32_temp/libdrivers__sensor__st__stm32_temp.a(stm32_temp.c.obj)
 .text.stm32_vbat_sample_fetch
                0x000000000800e6f8       0x88 zephyr/drivers/sensor/st/stm32_vbat/libdrivers__sensor__st__stm32_vbat.a(stm32_vbat.c.obj)
 .text.stm32_vbat_init
                0x000000000800e780       0x94 zephyr/drivers/sensor/st/stm32_vbat/libdrivers__sensor__st__stm32_vbat.a(stm32_vbat.c.obj)
 .text.stm32_vref_channel_get.part.0
                0x000000000800e814       0x1c zephyr/drivers/sensor/st/stm32_vref/libdrivers__sensor__st__stm32_vref.a(stm32_vref.c.obj)
 .text.stm32_vref_sample_fetch
                0x000000000800e830       0x90 zephyr/drivers/sensor/st/stm32_vref/libdrivers__sensor__st__stm32_vref.a(stm32_vref.c.obj)
 .text.stm32_vref_init
                0x000000000800e8c0       0x80 zephyr/drivers/sensor/st/stm32_vref/libdrivers__sensor__st__stm32_vref.a(stm32_vref.c.obj)
 .text.uart_stm32_cfg2ll_stopbits
                0x000000000800e940       0x38 zephyr/drivers/serial/libdrivers__serial.a(uart_stm32.c.obj)
 .text.uart_stm32_irq_err_disable
                0x000000000800e978       0x48 zephyr/drivers/serial/libdrivers__serial.a(uart_stm32.c.obj)
 .text.uart_stm32_async_rx_enable
                0x000000000800e9c0      0x1a8 zephyr/drivers/serial/libdrivers__serial.a(uart_stm32.c.obj)
 .text.uart_stm32_irq_err_enable
                0x000000000800eb68       0x48 zephyr/drivers/serial/libdrivers__serial.a(uart_stm32.c.obj)
 .text.uart_stm32_async_tx
                0x000000000800ebb0       0xf0 zephyr/drivers/serial/libdrivers__serial.a(uart_stm32.c.obj)
 .text.lpuartdiv_calc
                0x000000000800eca0       0x30 zephyr/drivers/serial/libdrivers__serial.a(uart_stm32.c.obj)
                0x000000000800eca0                lpuartdiv_calc
 .text.uart_stm32_set_baudrate
                0x000000000800ecd0      0x1a0 zephyr/drivers/serial/libdrivers__serial.a(uart_stm32.c.obj)
 .text.uart_stm32_configure
                0x000000000800ee70       0xe8 zephyr/drivers/serial/libdrivers__serial.a(uart_stm32.c.obj)
 .text.uart_stm32_init
                0x000000000800ef58      0x338 zephyr/drivers/serial/libdrivers__serial.a(uart_stm32.c.obj)
 .text.spi_stm32_init.part.0
                0x000000000800f290       0x1c zephyr/drivers/spi/libdrivers__spi.a(spi_stm32.c.obj)
 .text.spi_stm32_init
                0x000000000800f2ac       0x7c zephyr/drivers/spi/libdrivers__spi.a(spi_stm32.c.obj)
 .text.spi_stm32_transceive
                0x000000000800f328      0x57c zephyr/drivers/spi/libdrivers__spi.a(spi_stm32.c.obj)
 .text.elapsed  0x000000000800f8a4       0x4c zephyr/drivers/timer/libdrivers__timer.a(cortex_m_systick.c.obj)
 .text.sys_clock_driver_init
                0x000000000800f8f0       0x38 zephyr/drivers/timer/libdrivers__timer.a(cortex_m_systick.c.obj)
 .text.sys_clock_isr
                0x000000000800f928       0x50 zephyr/drivers/timer/libdrivers__timer.a(cortex_m_systick.c.obj)
                0x000000000800f928                sys_clock_isr
 .text.sys_clock_set_timeout
                0x000000000800f978      0x150 zephyr/drivers/timer/libdrivers__timer.a(cortex_m_systick.c.obj)
                0x000000000800f978                sys_clock_set_timeout
 .text.sys_clock_elapsed
                0x000000000800fac8       0xa4 zephyr/drivers/timer/libdrivers__timer.a(cortex_m_systick.c.obj)
                0x000000000800fac8                sys_clock_elapsed
 .text.sys_clock_cycle_get_32
                0x000000000800fb6c       0x94 zephyr/drivers/timer/libdrivers__timer.a(cortex_m_systick.c.obj)
                0x000000000800fb6c                sys_clock_cycle_get_32
 .text.HAL_RCC_GetSysClockFreq
                0x000000000800fc00       0xdc modules/hal_stm32/stm32cube/lib..__modules__hal__stm32__stm32cube.a(stm32wlxx_hal_rcc.c.obj)
                0x000000000800fc00                HAL_RCC_GetSysClockFreq
 .text.LL_DMA_Init
                0x000000000800fcdc       0x74 modules/hal_stm32/stm32cube/lib..__modules__hal__stm32__stm32cube.a(stm32wlxx_ll_dma.c.obj)
                0x000000000800fcdc                LL_DMA_Init
 .text.LL_SetFlashLatency
                0x000000000800fd50       0xa4 modules/hal_stm32/stm32cube/lib..__modules__hal__stm32__stm32cube.a(stm32wlxx_ll_utils.c.obj)
                0x000000000800fd50                LL_SetFlashLatency
 .text.do_device_init
                0x000000000800fdf4       0x60 zephyr/kernel/libkernel.a(device.c.obj)
                0x000000000800fdf4                do_device_init
 .text.k_sys_fatal_error_handler
                0x000000000800fe54       0x20 zephyr/kernel/libkernel.a(fatal.c.obj)
                0x000000000800fe54                k_sys_fatal_error_handler
 .text.z_fatal_error
                0x000000000800fe74      0x114 zephyr/kernel/libkernel.a(fatal.c.obj)
                0x000000000800fe74                z_fatal_error
 .text.z_sys_init_run_level
                0x000000000800ff88       0x30 zephyr/kernel/libkernel.a(init.c.obj)
 .text.bg_thread_main
                0x000000000800ffb8      0x108 zephyr/kernel/libkernel.a(init.c.obj)
 .text.z_init_cpu
                0x00000000080100c0       0x78 zephyr/kernel/libkernel.a(init.c.obj)
                0x00000000080100c0                z_init_cpu
 .text.z_cstart
                0x0000000008010138      0x110 zephyr/kernel/libkernel.a(init.c.obj)
                0x0000000008010138                z_cstart
 .text.idle     0x0000000008010248       0x48 zephyr/kernel/libkernel.a(idle.c.obj)
                0x0000000008010248                idle
 .text.z_impl_k_mutex_lock
                0x0000000008010290      0x1a0 zephyr/kernel/libkernel.a(mutex.c.obj)
                0x0000000008010290                z_impl_k_mutex_lock
 .text.z_impl_k_mutex_unlock
                0x0000000008010430      0x1a0 zephyr/kernel/libkernel.a(mutex.c.obj)
                0x0000000008010430                z_impl_k_mutex_unlock
 .text.unpend_thread_no_timeout
                0x00000000080105d0       0x40 zephyr/kernel/libkernel.a(sem.c.obj)
 .text.z_impl_k_sem_give
                0x0000000008010610      0x108 zephyr/kernel/libkernel.a(sem.c.obj)
                0x0000000008010610                z_impl_k_sem_give
 .text.z_impl_k_sem_take
                0x0000000008010718       0xf4 zephyr/kernel/libkernel.a(sem.c.obj)
                0x0000000008010718                z_impl_k_sem_take
 .text.work_queue_main
                0x000000000801080c      0x208 zephyr/kernel/libkernel.a(work.c.obj)
 .text.submit_to_queue_locked
                0x0000000008010a14       0xdc zephyr/kernel/libkernel.a(work.c.obj)
 .text.work_timeout
                0x0000000008010af0       0xa8 zephyr/kernel/libkernel.a(work.c.obj)
 .text.k_work_init
                0x0000000008010b98       0x4c zephyr/kernel/libkernel.a(work.c.obj)
                0x0000000008010b98                k_work_init
 .text.z_work_submit_to_queue
                0x0000000008010be4       0xd4 zephyr/kernel/libkernel.a(work.c.obj)
                0x0000000008010be4                z_work_submit_to_queue
 .text.k_work_submit
                0x0000000008010cb8        0xc zephyr/kernel/libkernel.a(work.c.obj)
                0x0000000008010cb8                k_work_submit
 .text.k_work_queue_start
                0x0000000008010cc4       0xe0 zephyr/kernel/libkernel.a(work.c.obj)
                0x0000000008010cc4                k_work_queue_start
 .text.k_work_init_delayable
                0x0000000008010da4       0x58 zephyr/kernel/libkernel.a(work.c.obj)
                0x0000000008010da4                k_work_init_delayable
 .text.k_work_reschedule_for_queue
                0x0000000008010dfc      0x104 zephyr/kernel/libkernel.a(work.c.obj)
                0x0000000008010dfc                k_work_reschedule_for_queue
 .text.k_work_reschedule
                0x0000000008010f00        0xc zephyr/kernel/libkernel.a(work.c.obj)
                0x0000000008010f00                k_work_reschedule
 .text.k_work_cancel_delayable
                0x0000000008010f0c       0xb8 zephyr/kernel/libkernel.a(work.c.obj)
                0x0000000008010f0c                k_work_cancel_delayable
 .text.z_impl_k_thread_name_set
                0x0000000008010fc4       0x20 zephyr/kernel/libkernel.a(thread.c.obj)
                0x0000000008010fc4                z_impl_k_thread_name_set
 .text.z_setup_new_thread
                0x0000000008010fe4      0x104 zephyr/kernel/libkernel.a(thread.c.obj)
                0x0000000008010fe4                z_setup_new_thread
 .text.z_impl_k_thread_create
                0x00000000080110e8       0x8c zephyr/kernel/libkernel.a(thread.c.obj)
                0x00000000080110e8                z_impl_k_thread_create
 .text.z_dummy_thread_init
                0x0000000008011174       0x1c zephyr/kernel/libkernel.a(thread.c.obj)
                0x0000000008011174                z_dummy_thread_init
 .text.ready_thread
                0x0000000008011190       0xec zephyr/kernel/libkernel.a(sched.c.obj)
 .text.unready_thread
                0x000000000801127c       0xbc zephyr/kernel/libkernel.a(sched.c.obj)
 .text.unpend_thread_no_timeout
                0x0000000008011338       0x38 zephyr/kernel/libkernel.a(sched.c.obj)
 .text.z_swap_irqlock
                0x0000000008011370       0x6c zephyr/kernel/libkernel.a(sched.c.obj)
 .text.move_current_to_end_of_prio_q
                0x00000000080113dc       0x70 zephyr/kernel/libkernel.a(sched.c.obj)
                0x00000000080113dc                move_current_to_end_of_prio_q
 .text.z_ready_thread
                0x000000000801144c       0x8c zephyr/kernel/libkernel.a(sched.c.obj)
                0x000000000801144c                z_ready_thread
 .text.z_unpend_thread_no_timeout
                0x00000000080114d8       0x90 zephyr/kernel/libkernel.a(sched.c.obj)
                0x00000000080114d8                z_unpend_thread_no_timeout
 .text.z_sched_wake_thread
                0x0000000008011568       0xa8 zephyr/kernel/libkernel.a(sched.c.obj)
                0x0000000008011568                z_sched_wake_thread
 .text.z_pend_curr
                0x0000000008011610      0x10c zephyr/kernel/libkernel.a(sched.c.obj)
                0x0000000008011610                z_pend_curr
 .text.z_unpend1_no_timeout
                0x000000000801171c       0x9c zephyr/kernel/libkernel.a(sched.c.obj)
                0x000000000801171c                z_unpend1_no_timeout
 .text.z_thread_prio_set
                0x00000000080117b8      0x1d8 zephyr/kernel/libkernel.a(sched.c.obj)
                0x00000000080117b8                z_thread_prio_set
 .text.z_reschedule
                0x0000000008011990       0x8c zephyr/kernel/libkernel.a(sched.c.obj)
                0x0000000008011990                z_reschedule
 .text.z_reschedule_irqlock
                0x0000000008011a1c       0x28 zephyr/kernel/libkernel.a(sched.c.obj)
                0x0000000008011a1c                z_reschedule_irqlock
 .text.k_sched_lock
                0x0000000008011a44       0xe4 zephyr/kernel/libkernel.a(sched.c.obj)
                0x0000000008011a44                k_sched_lock
 .text.k_sched_unlock
                0x0000000008011b28      0x120 zephyr/kernel/libkernel.a(sched.c.obj)
                0x0000000008011b28                k_sched_unlock
 .text.z_sched_init
                0x0000000008011c48       0x10 zephyr/kernel/libkernel.a(sched.c.obj)
                0x0000000008011c48                z_sched_init
 .text.z_impl_k_yield