Archive member included to satisfy reference by file (symbol)

app/libapp.a(main.c.obj)      (--whole-archive)
app/libapp.a(temperature.c.obj)
                              (--whole-archive)
zephyr/libzephyr.a(validate_libc.c.obj)
                              (--whole-archive)
zephyr/libzephyr.a(heap.c.obj)
                              (--whole-archive)
zephyr/libzephyr.a(cbprintf_packaged.c.obj)
                              (--whole-archive)
zephyr/libzephyr.a(clock.c.obj)
                              (--whole-archive)
zephyr/libzephyr.a(printk.c.obj)
                              (--whole-archive)
zephyr/libzephyr.a(sem.c.obj)
                              (--whole-archive)
zephyr/libzephyr.a(thread_entry.c.obj)
                              (--whole-archive)
zephyr/libzephyr.a(cbprintf_complete.c.obj)
                              (--whole-archive)
zephyr/libzephyr.a(assert.c.obj)
                              (--whole-archive)
zephyr/libzephyr.a(mpsc_pbuf.c.obj)
                              (--whole-archive)
zephyr/libzephyr.a(dec.c.obj)
                              (--whole-archive)
zephyr/libzephyr.a(hex.c.obj)
                              (--whole-archive)
zephyr/libzephyr.a(rb.c.obj)  (--whole-archive)
zephyr/libzephyr.a(timeutil.c.obj)
                              (--whole-archive)
zephyr/libzephyr.a(bitarray.c.obj)
                              (--whole-archive)
zephyr/libzephyr.a(bitmask.c.obj)
                              (--whole-archive)
zephyr/libzephyr.a(getopt.c.obj)
                              (--whole-archive)
zephyr/libzephyr.a(getopt_common.c.obj)
                              (--whole-archive)
zephyr/libzephyr.a(ring_buffer.c.obj)
                              (--whole-archive)
zephyr/libzephyr.a(last_section_id.c.obj)
                              (--whole-archive)
zephyr/libzephyr.a(configs.c.obj)
                              (--whole-archive)
zephyr/libzephyr.a(stm32cube_hal.c.obj)
                              (--whole-archive)
zephyr/libzephyr.a(soc_config.c.obj)
                              (--whole-archive)
zephyr/libzephyr.a(stm32_backup_domain.c.obj)
                              (--whole-archive)
zephyr/libzephyr.a(soc.c.obj)
                              (--whole-archive)
zephyr/libzephyr.a(nvs.c.obj)
                              (--whole-archive)
zephyr/libzephyr.a(log_core.c.obj)
                              (--whole-archive)
zephyr/libzephyr.a(log_mgmt.c.obj)
                              (--whole-archive)
zephyr/libzephyr.a(log_cache.c.obj)
                              (--whole-archive)
zephyr/libzephyr.a(log_msg.c.obj)
                              (--whole-archive)
zephyr/libzephyr.a(log_output.c.obj)
                              (--whole-archive)
zephyr/libzephyr.a(log_backend_uart.c.obj)
                              (--whole-archive)
zephyr/libzephyr.a(mem_attr.c.obj)
                              (--whole-archive)
zephyr/libzephyr.a(flash_map.c.obj)
                              (--whole-archive)
zephyr/libzephyr.a(flash_map_default.c.obj)
                              (--whole-archive)
zephyr/libzephyr.a(flash_map_layout.c.obj)
                              (--whole-archive)
zephyr/libzephyr.a(stream_flash.c.obj)
                              (--whole-archive)
zephyr/libzephyr.a(tracing_none.c.obj)
                              (--whole-archive)
zephyr/libzephyr.a(flash_img.c.obj)
                              (--whole-archive)
zephyr/libzephyr.a(settings_store.c.obj)
                              (--whole-archive)
zephyr/libzephyr.a(settings.c.obj)
                              (--whole-archive)
zephyr/libzephyr.a(settings_init.c.obj)
                              (--whole-archive)
zephyr/libzephyr.a(settings_line.c.obj)
                              (--whole-archive)
zephyr/libzephyr.a(settings_nvs.c.obj)
                              (--whole-archive)
zephyr/libzephyr.a(flash_util.c.obj)
                              (--whole-archive)
zephyr/arch/common/libarch__common.a(sw_isr_common.c.obj)
                              (--whole-archive)
zephyr/arch/common/libarch__common.a(init.c.obj)
                              (--whole-archive)
zephyr/arch/common/libarch__common.a(xip.c.obj)
                              (--whole-archive)
zephyr/arch/arch/arm/core/libarch__arm__core.a(fatal.c.obj)
                              (--whole-archive)
zephyr/arch/arch/arm/core/libarch__arm__core.a(nmi.c.obj)
                              (--whole-archive)
zephyr/arch/arch/arm/core/libarch__arm__core.a(nmi_on_reset.S.obj)
                              (--whole-archive)
zephyr/arch/arch/arm/core/libarch__arm__core.a(tls.c.obj)
                              (--whole-archive)
zephyr/arch/arch/arm/core/cortex_m/libarch__arm__core__cortex_m.a(exc_exit.c.obj)
                              (--whole-archive)
zephyr/arch/arch/arm/core/cortex_m/libarch__arm__core__cortex_m.a(fault.c.obj)
                              (--whole-archive)
[...]
Memory Configuration

Name             Origin             Length             Attributes
FLASH            0x0000000008000000 0x0000000000040000 xr
RAM              0x0000000020000000 0x0000000000010000 xw
SRAM0            0x0000000020000000 0x0000000000010000 rw
IDT_LIST         0x00000000ffff7fff 0x0000000000008000 xw
*default*        0x0000000000000000 0xffffffffffffffff

Linker script and memory map

                0x0000000008013498                vfprintf = __d_vfprintf
                0x0000000000000000                vfscanf = __d_vfscanf
LOAD zephyr/CMakeFiles/zephyr_final.dir/misc/empty_file.c.obj
LOAD zephyr/CMakeFiles/zephyr_final.dir/isr_tables.c.obj
LOAD zephyr/CMakeFiles/offsets.dir/./arch/arm/core/offsets/offsets.c.obj
LOAD app/libapp.a
LOAD zephyr/libzephyr.a
LOAD zephyr/arch/common/libarch__common.a
LOAD zephyr/arch/arch/arm/core/libarch__arm__core.a
LOAD zephyr/arch/arch/arm/core/cortex_m/libarch__arm__core__cortex_m.a
LOAD zephyr/arch/arch/arm/core/mpu/libarch__arm__core__mpu.a
LOAD zephyr/lib/libc/picolibc/liblib__libc__picolibc.a
LOAD zephyr/lib/libc/common/liblib__libc__common.a
LOAD zephyr/lib/posix/c_lib_ext/liblib__posix__c_lib_ext.a
LOAD zephyr/subsys/lorawan/libloramac-node.a
LOAD zephyr/subsys/random/libsubsys__random.a
LOAD zephyr/subsys/crc/libsubsys__crc.a
LOAD zephyr/subsys/dfu/boot/libsubsys__dfu__boot.a
LOAD zephyr/subsys/zbus/libsubsys__zbus.a
LOAD zephyr/drivers/interrupt_controller/libdrivers__interrupt_controller.a
LOAD zephyr/drivers/adc/libdrivers__adc.a
LOAD zephyr/drivers/clock_control/libdrivers__clock_control.a
LOAD zephyr/drivers/console/libdrivers__console.a
LOAD zephyr/drivers/dma/libdrivers__dma.a
LOAD zephyr/drivers/entropy/libdrivers__entropy.a
LOAD zephyr/drivers/flash/libdrivers__flash.a
LOAD zephyr/drivers/gpio/libdrivers__gpio.a
LOAD zephyr/drivers/i2c/libdrivers__i2c.a
LOAD zephyr/drivers/pinctrl/libdrivers__pinctrl.a
LOAD zephyr/drivers/reset/libdrivers__reset.a
LOAD zephyr/drivers/sensor/st/stm32_temp/libdrivers__sensor__st__stm32_temp.a
LOAD zephyr/drivers/sensor/st/stm32_vbat/libdrivers__sensor__st__stm32_vbat.a
LOAD zephyr/drivers/sensor/st/stm32_vref/libdrivers__sensor__st__stm32_vref.a
LOAD zephyr/drivers/serial/libdrivers__serial.a
LOAD zephyr/drivers/spi/libdrivers__spi.a
LOAD zephyr/drivers/timer/libdrivers__timer.a
LOAD modules/hal_stm32/stm32cube/lib..__modules__hal__stm32__stm32cube.a
LOAD modules/mcuboot/libmcuboot_util.a
LOAD zephyr/kernel/libkernel.a
LOAD zephyr/arch/common/libisr_tables.a
LOAD /home/cl0us/zephyr-sdk-0.17.4/arm-zephyr-eabi/bin/../lib/gcc/../../picolibc/arm-zephyr-eabi/lib/thumb/v7e-m/nofp/libc.a
LOAD /home/cl0us/zephyr-sdk-0.17.4/arm-zephyr-eabi/bin/../lib/gcc/arm-zephyr-eabi/12.2.0/thumb/v7e-m/nofp/libgcc.a
                0x0000000000000020                _region_min_align = 0x20

.rel.plt        0x0000000008000000        0x0
 *(SORT_BY_ALIGNMENT(.rel.plt))
                [!provide]                        PROVIDE (__rel_iplt_start = .)
 *(SORT_BY_ALIGNMENT(.rel.iplt))
 .rel.iplt      0x0000000008000000        0x0 zephyr/CMakeFiles/zephyr_final.dir/isr_tables.c.obj
                [!provide]                        PROVIDE (__rel_iplt_end = .)

.rela.plt       0x0000000000000000        0x0
 *(SORT_BY_ALIGNMENT(.rela.plt))
                [!provide]                        PROVIDE (__rela_iplt_start = .)
 *(SORT_BY_ALIGNMENT(.rela.iplt))
                [!provide]                        PROVIDE (__rela_iplt_end = .)

.rel.dyn
 *(SORT_BY_ALIGNMENT(.rel.*))

.rela.dyn
 *(SORT_BY_ALIGNMENT(.rela.*))

/DISCARD/
 *(SORT_BY_ALIGNMENT(.plt))

/DISCARD/
 *(SORT_BY_ALIGNMENT(.iplt))
                0x0000000008000000                __rom_region_start = 0x8000000

rom_start       0x0000000008000000      0x138
                0x0000000008000000                __rom_start_address = .
 FILL mask 0x00
                0x0000000008000000                . = (. + (0x0 - (. - __rom_start_address)))
                0x0000000008000000                . = ALIGN (0x4)
                0x0000000008000000                . = ALIGN (0x80)
                0x0000000008000000                . = ALIGN (0x200)
                0x0000000008000000                _vector_start = .
 *(SORT_BY_ALIGNMENT(.exc_vector_table))
 *(SORT_BY_ALIGNMENT(.exc_vector_table.*))
 .exc_vector_table._vector_table_section
                0x0000000008000000       0x40 zephyr/arch/arch/arm/core/cortex_m/libarch__arm__core__cortex_m.a(vector_table.S.obj)
                0x0000000008000000                _vector_table
 *(SORT_BY_ALIGNMENT(.vectors))
                0x0000000008000138                _vector_end = .
                0x0000000008000040                . = ALIGN (0x4)
 *(SORT_BY_ALIGNMENT(.gnu.linkonce.irq_vector_table*))
 .gnu.linkonce.irq_vector_table
                0x0000000008000040       0xf8 zephyr/CMakeFiles/zephyr_final.dir/isr_tables.c.obj
                0x0000000008000040                _irq_vector_table
                0x0000000008000138                _vector_end = .

text            0x0000000008000138    0x18ffc
                0x0000000008000138                __text_region_start = .
 *(SORT_BY_ALIGNMENT(.text))
 .text          0x0000000008000138      0x378 /home/cl0us/zephyr-sdk-0.17.4/arm-zephyr-eabi/bin/../lib/gcc/arm-zephyr-eabi/12.2.0/thumb/v7e-m/nofp/libgcc.a(_arm_addsubdf3.o)
                0x0000000008000138                __aeabi_drsub
                0x0000000008000140                __aeabi_dsub
                0x0000000008000140                __subdf3
                0x0000000008000144                __adddf3
                0x0000000008000144                __aeabi_dadd
                0x00000000080003bc                __aeabi_ui2d
                0x00000000080003bc                __floatunsidf
                0x00000000080003dc                __floatsidf
                0x00000000080003dc                __aeabi_i2d
                0x0000000008000400                __extendsfdf2
                0x0000000008000400                __aeabi_f2d
                0x0000000008000444                __aeabi_ul2d
                0x0000000008000444                __floatundidf
                0x0000000008000454                __floatdidf
                0x0000000008000454                __aeabi_l2d
 .text          0x00000000080004b0      0x21c /home/cl0us/zephyr-sdk-0.17.4/arm-zephyr-eabi/bin/../lib/gcc/arm-zephyr-eabi/12.2.0/thumb/v7e-m/nofp/libgcc.a(_arm_addsubsf3.o)
                0x00000000080004b0                __aeabi_frsub
                0x00000000080004b8                __subsf3
                0x00000000080004b8                __aeabi_fsub
                0x00000000080004bc                __aeabi_fadd
                0x00000000080004bc                __addsf3
                0x000000000800061c                __aeabi_ui2f
                0x000000000800061c                __floatunsisf
                0x0000000008000624                __aeabi_i2f
                0x0000000008000624                __floatsisf
                0x0000000008000640                __floatundisf
                0x0000000008000640                __aeabi_ul2f
                0x0000000008000650                __floatdisf
                0x0000000008000650                __aeabi_l2f
 .text          0x00000000080006cc      0x2a0 /home/cl0us/zephyr-sdk-0.17.4/arm-zephyr-eabi/bin/../lib/gcc/arm-zephyr-eabi/12.2.0/thumb/v7e-m/nofp/libgcc.a(_arm_muldivsf3.o)
                0x00000000080006cc                __mulsf3
                0x00000000080006cc                __aeabi_fmul
                0x0000000008000834                __divsf3
                0x0000000008000834                __aeabi_fdiv
 .text          0x000000000800096c       0xec /home/cl0us/zephyr-sdk-0.17.4/arm-zephyr-eabi/bin/../lib/gcc/arm-zephyr-eabi/12.2.0/thumb/v7e-m/nofp/libgcc.a(_arm_cmpsf2.o)
                0x000000000800096c                __gtsf2
                0x000000000800096c                __gesf2
                0x0000000008000974                __lesf2
                0x0000000008000974                __ltsf2
                0x000000000800097c                __nesf2
                0x000000000800097c                __eqsf2
                0x000000000800097c                __cmpsf2
                0x00000000080009dc                __aeabi_cfrcmple
                0x00000000080009e4                __aeabi_cfcmple
                0x00000000080009e4                __aeabi_cfcmpeq
                0x00000000080009f4                __aeabi_fcmpeq
                0x0000000008000a08                __aeabi_fcmplt
                0x0000000008000a1c                __aeabi_fcmple
                0x0000000008000a30                __aeabi_fcmpge
                0x0000000008000a44                __aeabi_fcmpgt
 .text          0x0000000008000a58       0x4c /home/cl0us/zephyr-sdk-0.17.4/arm-zephyr-eabi/bin/../lib/gcc/arm-zephyr-eabi/12.2.0/thumb/v7e-m/nofp/libgcc.a(_arm_fixsfsi.o)
                0x0000000008000a58                __fixsfsi
                0x0000000008000a58                __aeabi_f2iz
 .text          0x0000000008000aa4       0xa0 /home/cl0us/zephyr-sdk-0.17.4/arm-zephyr-eabi/bin/../lib/gcc/arm-zephyr-eabi/12.2.0/thumb/v7e-m/nofp/libgcc.a(_aeabi_ldivmod.o)
                0x0000000008000aa4                __aeabi_ldivmod
 .text          0x0000000008000b44       0x30 /home/cl0us/zephyr-sdk-0.17.4/arm-zephyr-eabi/bin/../lib/gcc/arm-zephyr-eabi/12.2.0/thumb/v7e-m/nofp/libgcc.a(_aeabi_uldivmod.o)
                0x0000000008000b44                __aeabi_uldivmod
 .text          0x0000000008000b74        0x4 /home/cl0us/zephyr-sdk-0.17.4/arm-zephyr-eabi/bin/../lib/gcc/arm-zephyr-eabi/12.2.0/thumb/v7e-m/nofp/libgcc.a(_dvmd_tls.o)
                0x0000000008000b74                __aeabi_ldiv0
                0x0000000008000b74                __aeabi_idiv0
 .text          0x0000000008000b78       0x14 /home/cl0us/zephyr-sdk-0.17.4/arm-zephyr-eabi/bin/../lib/gcc/../../picolibc/arm-zephyr-eabi/lib/thumb/v7e-m/nofp/libc.a(strcmp.S.o)
                0x0000000008000b78                strcmp
 .text          0x0000000008000b8c       0x10 /home/cl0us/zephyr-sdk-0.17.4/arm-zephyr-eabi/bin/../lib/gcc/../../picolibc/arm-zephyr-eabi/lib/thumb/v7e-m/nofp/libc.a(strlen.S.o)
                0x0000000008000b8c                strlen
 .text          0x0000000008000b9c       0x26 /home/cl0us/zephyr-sdk-0.17.4/arm-zephyr-eabi/bin/../lib/gcc/arm-zephyr-eabi/12.2.0/thumb/v7e-m/nofp/libgcc.a(_popcountsi2.o)
                0x0000000008000b9c                __popcountsi2
 .text          0x0000000008000bc2      0x2a0 /home/cl0us/zephyr-sdk-0.17.4/arm-zephyr-eabi/bin/../lib/gcc/arm-zephyr-eabi/12.2.0/thumb/v7e-m/nofp/libgcc.a(_udivmoddi4.o)
                0x0000000008000bc2                __udivmoddi4
 *(SORT_BY_ALIGNMENT(.text.*))
 *fill*         0x0000000008000e62        0x2 
 .text.lorwan_datarate_changed
                0x0000000008000e64       0x30 app/libapp.a(main.c.obj)
 .text.dl_callback
                0x0000000008000e94       0x80 app/libapp.a(main.c.obj)
 .text.main     0x0000000008000f14      0x2cc app/libapp.a(main.c.obj)
                0x0000000008000f14                main
 .text.i2c_write_read.constprop.0.isra.0
                0x00000000080011e0       0x3c app/libapp.a(temperature.c.obj)
 .text.temperatureMeasure
                0x000000000800121c       0xd0 app/libapp.a(temperature.c.obj)
                0x000000000800121c                temperatureMeasure
 .text.sys_heap_init
                0x00000000080012ec      0x11c zephyr/libzephyr.a(heap.c.obj)
                0x00000000080012ec                sys_heap_init
 .text.cbvprintf_package
                0x0000000008001408      0x438 zephyr/libzephyr.a(cbprintf_packaged.c.obj)
                0x0000000008001408                cbvprintf_package
 .text.cbprintf_package_convert
                0x0000000008001840      0x474 zephyr/libzephyr.a(cbprintf_packaged.c.obj)
                0x0000000008001840                cbprintf_package_convert
 .text.__printk_hook_install
                0x0000000008001cb4        0xc zephyr/libzephyr.a(printk.c.obj)
                0x0000000008001cb4                __printk_hook_install
 .text.z_thread_entry
                0x0000000008001cc0       0x6c zephyr/libzephyr.a(thread_entry.c.obj)
                0x0000000008001cc0                z_thread_entry
 .text.mpsc_pbuf_init
                0x0000000008001d2c       0x64 zephyr/libzephyr.a(mpsc_pbuf.c.obj)
                0x0000000008001d2c                mpsc_pbuf_init
 .text.mpsc_pbuf_alloc
                0x0000000008001d90      0x188 zephyr/libzephyr.a(mpsc_pbuf.c.obj)
                0x0000000008001d90                mpsc_pbuf_alloc
 .text.mpsc_pbuf_commit
                0x0000000008001f18       0xb0 zephyr/libzephyr.a(mpsc_pbuf.c.obj)
                0x0000000008001f18                mpsc_pbuf_commit
 .text.mpsc_pbuf_claim
                0x0000000008001fc8      0x128 zephyr/libzephyr.a(mpsc_pbuf.c.obj)
                0x0000000008001fc8                mpsc_pbuf_claim
 .text.mpsc_pbuf_free
                0x00000000080020f0       0xe4 zephyr/libzephyr.a(mpsc_pbuf.c.obj)
                0x00000000080020f0                mpsc_pbuf_free
 .text.mpsc_pbuf_is_pending
                0x00000000080021d4       0xa4 zephyr/libzephyr.a(mpsc_pbuf.c.obj)
                0x00000000080021d4                mpsc_pbuf_is_pending
 .text.st_stm32_common_config
                0x0000000008002278       0x14 zephyr/libzephyr.a(soc_config.c.obj)
 .text.stm32_backup_domain_enable_access
                0x000000000800228c       0xa8 zephyr/libzephyr.a(stm32_backup_domain.c.obj)
                0x000000000800228c                stm32_backup_domain_enable_access
 .text.stm32_backup_domain_disable_access
                0x0000000008002334       0xdc zephyr/libzephyr.a(stm32_backup_domain.c.obj)
                0x0000000008002334                stm32_backup_domain_disable_access
 .text.soc_early_init_hook
                0x0000000008002410       0x30 zephyr/libzephyr.a(soc.c.obj)
                0x0000000008002410                soc_early_init_hook
 .text.nvs_recover_last_ate
                0x0000000008002440       0x64 zephyr/libzephyr.a(nvs.c.obj)
 .text.nvs_sector_close
                0x00000000080024a4       0x58 zephyr/libzephyr.a(nvs.c.obj)
 .text.nvs_mount
                0x00000000080024fc      0x36c zephyr/libzephyr.a(nvs.c.obj)
                0x00000000080024fc                nvs_mount
 .text.nvs_write
                0x0000000008002868      0x1ac zephyr/libzephyr.a(nvs.c.obj)
                0x0000000008002868                nvs_write
 .text.nvs_read_hist
                0x0000000008002a14       0xd0 zephyr/libzephyr.a(nvs.c.obj)
                0x0000000008002a14                nvs_read_hist
 .text.enable_logger
                0x0000000008002ae4       0x5c zephyr/libzephyr.a(log_core.c.obj)
 .text.activate_foreach_backend
                0x0000000008002b40       0x64 zephyr/libzephyr.a(log_core.c.obj)
 .text.z_log_init
                0x0000000008002ba4       0xe4 zephyr/libzephyr.a(log_core.c.obj)
 .text.log_process_thread_timer_expiry_fn
                0x0000000008002c88        0xc zephyr/libzephyr.a(log_core.c.obj)
 .text.log_format_func_t_get
                0x0000000008002c94        0xc zephyr/libzephyr.a(log_core.c.obj)
                0x0000000008002c94                log_format_func_t_get
 .text.log_set_timestamp_func
                0x0000000008002ca0       0x20 zephyr/libzephyr.a(log_core.c.obj)
                0x0000000008002ca0                log_set_timestamp_func
 .text.z_log_notify_backend_enabled
                0x0000000008002cc0       0x1c zephyr/libzephyr.a(log_core.c.obj)
                0x0000000008002cc0                z_log_notify_backend_enabled
 .text.z_log_dropped
                0x0000000008002cdc       0x44 zephyr/libzephyr.a(log_core.c.obj)
                0x0000000008002cdc                z_log_dropped
 .text.z_log_dropped_read_and_clear
                0x0000000008002d20       0x20 zephyr/libzephyr.a(log_core.c.obj)
                0x0000000008002d20                z_log_dropped_read_and_clear
 .text.dropped_notify
                0x0000000008002d40       0x60 zephyr/libzephyr.a(log_core.c.obj)
                0x0000000008002d40                dropped_notify
 .text.z_log_msg_init
                0x0000000008002da0       0x20 zephyr/libzephyr.a(log_core.c.obj)
                0x0000000008002da0                z_log_msg_init
 .text.log_core_init
                0x0000000008002dc0       0x80 zephyr/libzephyr.a(log_core.c.obj)
                0x0000000008002dc0                log_core_init
 .text.z_log_msg_alloc
                0x0000000008002e40       0x10 zephyr/libzephyr.a(log_core.c.obj)
                0x0000000008002e40                z_log_msg_alloc
 .text.z_log_msg_local_claim
                0x0000000008002e50        0xc zephyr/libzephyr.a(log_core.c.obj)
                0x0000000008002e50                z_log_msg_local_claim
 .text.z_log_msg_free
                0x0000000008002e5c       0x10 zephyr/libzephyr.a(log_core.c.obj)
                0x0000000008002e5c                z_log_msg_free
 .text.z_log_msg_pending
                0x0000000008002e6c        0xc zephyr/libzephyr.a(log_core.c.obj)
                0x0000000008002e6c                z_log_msg_pending
 .text.z_impl_log_process
                0x0000000008002e78       0xe4 zephyr/libzephyr.a(log_core.c.obj)
                0x0000000008002e78                z_impl_log_process
 .text.z_impl_log_panic
                0x0000000008002f5c       0x74 zephyr/libzephyr.a(log_core.c.obj)
                0x0000000008002f5c                z_impl_log_panic
 .text.log_process_thread_func
                0x0000000008002fd0      0x124 zephyr/libzephyr.a(log_core.c.obj)
 .text.z_log_msg_post_finalize
                0x00000000080030f4       0xe4 zephyr/libzephyr.a(log_core.c.obj)
 .text.z_log_msg_commit
                0x00000000080031d8       0x24 zephyr/libzephyr.a(log_core.c.obj)
                0x00000000080031d8                z_log_msg_commit
 .text.log_source_name_get
                0x00000000080031fc       0x1c zephyr/libzephyr.a(log_mgmt.c.obj)
                0x00000000080031fc                log_source_name_get
 .text.z_impl_z_log_msg_static_create
                0x0000000008003218      0x12c zephyr/libzephyr.a(log_msg.c.obj)
                0x0000000008003218                z_impl_z_log_msg_static_create
 .text.z_log_msg_runtime_vcreate
                0x0000000008003344       0xe0 zephyr/libzephyr.a(log_msg.c.obj)
                0x0000000008003344                z_log_msg_runtime_vcreate
 .text.log_msg_get_source_id
                0x0000000008003424       0x18 zephyr/libzephyr.a(log_msg.c.obj)
                0x0000000008003424                log_msg_get_source_id
 .text.print_formatted
                0x000000000800343c       0x24 zephyr/libzephyr.a(log_output.c.obj)
 .text.newline_print
                0x0000000008003460       0x1c zephyr/libzephyr.a(log_output.c.obj)
 .text.out_func
                0x000000000800347c       0x60 zephyr/libzephyr.a(log_output.c.obj)
 .text.log_output_process
                0x00000000080034dc      0x31c zephyr/libzephyr.a(log_output.c.obj)
                0x00000000080034dc                log_output_process
 .text.log_output_dropped_process
                0x00000000080037f8       0x58 zephyr/libzephyr.a(log_output.c.obj)
                0x00000000080037f8                log_output_dropped_process
 .text.log_output_timestamp_freq_set
                0x0000000008003850       0x2c zephyr/libzephyr.a(log_output.c.obj)
                0x0000000008003850                log_output_timestamp_freq_set
 .text.char_out
                0x000000000800387c       0x24 zephyr/libzephyr.a(log_backend_uart.c.obj)
 .text.log_backend_uart_init
                0x00000000080038a0       0x3c zephyr/libzephyr.a(log_backend_uart.c.obj)
 .text.mem_attr_get_regions
                0x00000000080038dc        0xc zephyr/libzephyr.a(mem_attr.c.obj)
                0x00000000080038dc                mem_attr_get_regions
 .text.flash_area_open
                0x00000000080038e8       0x4c zephyr/libzephyr.a(flash_map.c.obj)
                0x00000000080038e8                flash_area_open
 .text.flash_area_sectors
                0x0000000008003934       0x34 zephyr/libzephyr.a(flash_map_layout.c.obj)
                0x0000000008003934                flash_area_sectors
 .text.settings_save_one
                0x0000000008003968       0x3c zephyr/libzephyr.a(settings_store.c.obj)
                0x0000000008003968                settings_save_one
 .text.settings_src_register
                0x00000000080039a4       0x1c zephyr/libzephyr.a(settings_store.c.obj)
                0x00000000080039a4                settings_src_register
 .text.settings_dst_register
                0x00000000080039c0        0xc zephyr/libzephyr.a(settings_store.c.obj)
                0x00000000080039c0                settings_dst_register
 .text.settings_load_subtree_direct
                0x00000000080039cc       0x30 zephyr/libzephyr.a(settings_store.c.obj)
                0x00000000080039cc                settings_load_subtree_direct
 .text.settings_store_init
                0x00000000080039fc       0x10 zephyr/libzephyr.a(settings_store.c.obj)
                0x00000000080039fc                settings_store_init
 .text.settings_init
                0x0000000008003a0c       0x10 zephyr/libzephyr.a(settings.c.obj)
                0x0000000008003a0c                settings_init
 .text.settings_parse_and_lookup
                0x0000000008003a1c       0xc4 zephyr/libzephyr.a(settings.c.obj)
                0x0000000008003a1c                settings_parse_and_lookup
 .text.settings_call_set_handler
                0x0000000008003ae0       0xa4 zephyr/libzephyr.a(settings.c.obj)
                0x0000000008003ae0                settings_call_set_handler
 .text.settings_lock_take
                0x0000000008003b84       0x14 zephyr/libzephyr.a(settings.c.obj)
                0x0000000008003b84                settings_lock_take
 .text.settings_lock_release
                0x0000000008003b98        0xc zephyr/libzephyr.a(settings.c.obj)
                0x0000000008003b98                settings_lock_release
 .text.settings_subsys_init
                0x0000000008003ba4       0x2c zephyr/libzephyr.a(settings_init.c.obj)
                0x0000000008003ba4                settings_subsys_init
 .text.settings_nvs_load
                0x0000000008003bd0       0xbc zephyr/libzephyr.a(settings_nvs.c.obj)
 .text.settings_backend_init
                0x0000000008003c8c       0x84 zephyr/libzephyr.a(settings_nvs.c.obj)
                0x0000000008003c8c                settings_backend_init
 .text.arch_bss_zero
                0x0000000008003d10       0x18 zephyr/arch/common/libarch__common.a(init.c.obj)
                0x0000000008003d10                arch_bss_zero
 .text.arch_data_copy
                0x0000000008003d28       0x38 zephyr/arch/common/libarch__common.a(xip.c.obj)
                0x0000000008003d28                arch_data_copy
 .text.z_arm_fatal_error
                0x0000000008003d60       0xb8 zephyr/arch/arch/arm/core/libarch__arm__core.a(fatal.c.obj)
                0x0000000008003d60                z_arm_fatal_error
 .text.z_SysNmiOnReset
                0x0000000008003e18        0x8 zephyr/arch/arch/arm/core/libarch__arm__core.a(nmi_on_reset.S.obj)
                0x0000000008003e18                z_SysNmiOnReset
 .text.arch_tls_stack_setup
                0x0000000008003e20       0x40 zephyr/arch/arch/arm/core/libarch__arm__core.a(tls.c.obj)
                0x0000000008003e20                arch_tls_stack_setup
 .text._HandlerModeExit
                0x0000000008003e60       0x20 zephyr/arch/arch/arm/core/cortex_m/libarch__arm__core__cortex_m.a(exc_exit.c.obj)
                0x0000000008003e60                z_arm_exc_exit
                0x0000000008003e60                z_arm_int_exit
 .text.bus_fault.constprop.0
                0x0000000008003e80       0xb8 zephyr/arch/arch/arm/core/cortex_m/libarch__arm__core__cortex_m.a(fault.c.obj)
 .text.usage_fault.constprop.0
                0x0000000008003f38       0xa8 zephyr/arch/arch/arm/core/cortex_m/libarch__arm__core__cortex_m.a(fault.c.obj)
 .text.mem_manage_fault
                0x0000000008003fe0      0x118 zephyr/arch/arch/arm/core/cortex_m/libarch__arm__core__cortex_m.a(fault.c.obj)
 .text.z_arm_fault
                0x00000000080040f8      0x238 zephyr/arch/arch/arm/core/cortex_m/libarch__arm__core__cortex_m.a(fault.c.obj)
                0x00000000080040f8                z_arm_fault
 .text.z_arm_fault_init
                0x0000000008004330       0x18 zephyr/arch/arch/arm/core/cortex_m/libarch__arm__core__cortex_m.a(fault.c.obj)
                0x0000000008004330                z_arm_fault_init
 .text.__fault  0x0000000008004348       0x14 zephyr/arch/arch/arm/core/cortex_m/libarch__arm__core__cortex_m.a(fault_s.S.obj)
                0x0000000008004348                z_arm_bus_fault
                0x0000000008004348                z_arm_usage_fault
                0x0000000008004348                z_arm_mpu_fault
                0x0000000008004348                z_arm_exc_spurious
                0x0000000008004348                z_arm_debug_monitor
                0x0000000008004348                z_arm_hard_fault
 .text._reset_section
                0x000000000800435c       0x34 zephyr/arch/arch/arm/core/cortex_m/libarch__arm__core__cortex_m.a(reset.S.obj)
                0x000000000800435c                z_arm_reset
                0x000000000800435c                __start
 .text.z_impl_k_thread_abort
                0x0000000008004390       0x2c zephyr/arch/arch/arm/core/cortex_m/libarch__arm__core__cortex_m.a(thread_abort.c.obj)
                0x0000000008004390                z_impl_k_thread_abort
 .text.z_arm_pendsv
                0x00000000080043bc       0x64 zephyr/arch/arch/arm/core/cortex_m/libarch__arm__core__cortex_m.a(swap_helper.S.obj)
                0x00000000080043bc                z_arm_pendsv
 .text.z_arm_svc
                0x0000000008004420       0x24 zephyr/arch/arch/arm/core/cortex_m/libarch__arm__core__cortex_m.a(swap_helper.S.obj)
                0x0000000008004420                z_arm_svc
 .text.arm_irq_enable
                0x0000000008004444       0x1c zephyr/arch/arch/arm/core/cortex_m/libarch__arm__core__cortex_m.a(irq_manage.c.obj)
                0x0000000008004444                arm_irq_enable
 .text.arm_irq_disable
                0x0000000008004460       0x28 zephyr/arch/arch/arm/core/cortex_m/libarch__arm__core__cortex_m.a(irq_manage.c.obj)
                0x0000000008004460                arm_irq_disable
 .text.arm_irq_is_enabled
                0x0000000008004488       0x1c zephyr/arch/arch/arm/core/cortex_m/libarch__arm__core__cortex_m.a(irq_manage.c.obj)
                0x0000000008004488                arm_irq_is_enabled
 .text.arm_irq_priority_set
                0x00000000080044a4       0x68 zephyr/arch/arch/arm/core/cortex_m/libarch__arm__core__cortex_m.a(irq_manage.c.obj)
                0x00000000080044a4                arm_irq_priority_set
 .text.relocate_vector_table
                0x000000000800450c       0x1c zephyr/arch/arch/arm/core/cortex_m/libarch__arm__core__cortex_m.a(prep_c.c.obj)
                0x000000000800450c                relocate_vector_table
 .text.arch_new_thread
                0x0000000008004528       0x38 zephyr/arch/arch/arm/core/cortex_m/libarch__arm__core__cortex_m.a(thread.c.obj)
                0x0000000008004528                arch_new_thread
 .text.z_check_thread_stack_fail
                0x0000000008004560       0x30 zephyr/arch/arch/arm/core/cortex_m/libarch__arm__core__cortex_m.a(thread.c.obj)
                0x0000000008004560                z_check_thread_stack_fail
 .text.arch_switch_to_main_thread
                0x0000000008004590       0x40 zephyr/arch/arch/arm/core/cortex_m/libarch__arm__core__cortex_m.a(thread.c.obj)
                0x0000000008004590                arch_switch_to_main_thread
 .text.z_arm_cpu_idle_init
                0x00000000080045d0        0xc zephyr/arch/arch/arm/core/cortex_m/libarch__arm__core__cortex_m.a(cpu_idle.c.obj)
                0x00000000080045d0                z_arm_cpu_idle_init
 .text.z_arm_interrupt_init
                0x00000000080045dc       0x18 zephyr/arch/arch/arm/core/cortex_m/libarch__arm__core__cortex_m.a(irq_init.c.obj)
                0x00000000080045dc                z_arm_interrupt_init
 .text._isr_wrapper
                0x00000000080045f4       0x24 zephyr/arch/arch/arm/core/cortex_m/libarch__arm__core__cortex_m.a(isr_wrapper.c.obj)
                0x00000000080045f4                _isr_wrapper
 .text.z_arm_configure_static_mpu_regions
                0x0000000008004618       0x18 zephyr/arch/arch/arm/core/mpu/libarch__arm__core__mpu.a(arm_core_mpu.c.obj)
                0x0000000008004618                z_arm_configure_static_mpu_regions
 .text.z_arm_configure_dynamic_mpu_regions
                0x0000000008004630       0x24 zephyr/arch/arch/arm/core/mpu/libarch__arm__core__mpu.a(arm_core_mpu.c.obj)
                0x0000000008004630                z_arm_configure_dynamic_mpu_regions
 .text.region_allocate_and_init
                0x0000000008004654       0x54 zephyr/arch/arch/arm/core/mpu/libarch__arm__core__mpu.a(arm_mpu.c.obj)
 .text.mpu_configure_regions
                0x00000000080046a8       0x68 zephyr/arch/arch/arm/core/mpu/libarch__arm__core__mpu.a(arm_mpu.c.obj)
 .text.arm_core_mpu_enable
                0x0000000008004710       0x18 zephyr/arch/arch/arm/core/mpu/libarch__arm__core__mpu.a(arm_mpu.c.obj)
                0x0000000008004710                arm_core_mpu_enable
 .text.arm_core_mpu_disable
                0x0000000008004728       0x14 zephyr/arch/arch/arm/core/mpu/libarch__arm__core__mpu.a(arm_mpu.c.obj)
                0x0000000008004728                arm_core_mpu_disable
 .text.arm_core_mpu_configure_static_mpu_regions
                0x000000000800473c       0x4c zephyr/arch/arch/arm/core/mpu/libarch__arm__core__mpu.a(arm_mpu.c.obj)
                0x000000000800473c                arm_core_mpu_configure_static_mpu_regions
 .text.arm_core_mpu_configure_dynamic_mpu_regions
                0x0000000008004788       0x6c zephyr/arch/arch/arm/core/mpu/libarch__arm__core__mpu.a(arm_mpu.c.obj)
                0x0000000008004788                arm_core_mpu_configure_dynamic_mpu_regions
 .text.z_arm_mpu_init
                0x00000000080047f4      0x230 zephyr/arch/arch/arm/core/mpu/libarch__arm__core__mpu.a(arm_mpu.c.obj)
                0x00000000080047f4                z_arm_mpu_init
 .text.cbvprintf
                0x0000000008004a24       0x38 zephyr/lib/libc/picolibc/liblib__libc__picolibc.a(cbprintf.c.obj)
                0x0000000008004a24                cbvprintf
 .text.z_impl_zephyr_fputc
                0x0000000008004a5c       0x10 zephyr/lib/libc/picolibc/liblib__libc__picolibc.a(stdio.c.obj)
                0x0000000008004a5c                z_impl_zephyr_fputc
 .text.__stdout_hook_install
                0x0000000008004a6c       0x18 zephyr/lib/libc/picolibc/liblib__libc__picolibc.a(stdio.c.obj)
                0x0000000008004a6c                __stdout_hook_install
 .text.malloc_prepare
                0x0000000008004a84       0x24 zephyr/lib/libc/common/liblib__libc__common.a(malloc.c.obj)
 .text.get_battery_level
                0x0000000008004aa8       0x10 zephyr/subsys/lorawan/libloramac-node.a(lorawan.c.obj)
 .text.lorawan_init
                0x0000000008004ab8       0x54 zephyr/subsys/lorawan/libloramac-node.a(lorawan.c.obj)
 .text.datarate_observe
                0x0000000008004b0c       0x4c zephyr/subsys/lorawan/libloramac-node.a(lorawan.c.obj)
 .text.atomic_get.constprop.0
                0x0000000008004b58       0x14 zephyr/subsys/lorawan/libloramac-node.a(lorawan.c.obj)
 .text.mcps_indication_handler
                0x0000000008004b6c       0xd4 zephyr/subsys/lorawan/libloramac-node.a(lorawan.c.obj)
 .text.mcps_confirm_handler
                0x0000000008004c40       0x64 zephyr/subsys/lorawan/libloramac-node.a(lorawan.c.obj)
 .text.mlme_confirm_handler
                0x0000000008004ca4       0xac zephyr/subsys/lorawan/libloramac-node.a(lorawan.c.obj)
 .text.lorawan_set_region
                0x0000000008004d50       0x38 zephyr/subsys/lorawan/libloramac-node.a(lorawan.c.obj)
                0x0000000008004d50                lorawan_set_region
 .text.lorawan_join
                0x0000000008004d88      0x1c8 zephyr/subsys/lorawan/libloramac-node.a(lorawan.c.obj)
                0x0000000008004d88                lorawan_join
 .text.lorawan_enable_adr
                0x0000000008004f50       0x64 zephyr/subsys/lorawan/libloramac-node.a(lorawan.c.obj)
                0x0000000008004f50                lorawan_enable_adr
 .text.lorawan_send
                0x0000000008004fb4      0x114 zephyr/subsys/lorawan/libloramac-node.a(lorawan.c.obj)
                0x0000000008004fb4                lorawan_send
 .text.lorawan_register_downlink_callback
                0x00000000080050c8       0x20 zephyr/subsys/lorawan/libloramac-node.a(lorawan.c.obj)
                0x00000000080050c8                lorawan_register_downlink_callback
 .text.lorawan_register_dr_changed_callback
                0x00000000080050e8        0xc zephyr/subsys/lorawan/libloramac-node.a(lorawan.c.obj)
                0x00000000080050e8                lorawan_register_dr_changed_callback
 .text.lorawan_start
                0x00000000080050f4       0xb4 zephyr/subsys/lorawan/libloramac-node.a(lorawan.c.obj)
                0x00000000080050f4                lorawan_start
 .text.lorawan_status2str
                0x00000000080051a8       0x18 zephyr/subsys/lorawan/libloramac-node.a(lw_priv.c.obj)
                0x00000000080051a8                lorawan_status2str
 .text.lorawan_eventinfo2str
                0x00000000080051c0       0x18 zephyr/subsys/lorawan/libloramac-node.a(lw_priv.c.obj)
                0x00000000080051c0                lorawan_eventinfo2str
 .text.lorawan_status2errno
                0x00000000080051d8       0x24 zephyr/subsys/lorawan/libloramac-node.a(lw_priv.c.obj)
                0x00000000080051d8                lorawan_status2errno
 .text.lorawan_eventinfo2errno
                0x00000000080051fc       0x24 zephyr/subsys/lorawan/libloramac-node.a(lw_priv.c.obj)
                0x00000000080051fc                lorawan_eventinfo2errno
 .text.on_setting_loaded
                0x0000000008005220      0x128 zephyr/subsys/lorawan/libloramac-node.a(lorawan_nvm_settings.c.obj)
 .text.lorawan_nvm_data_mgmt_event
                0x0000000008005348       0x90 zephyr/subsys/lorawan/libloramac-node.a(lorawan_nvm_settings.c.obj)
                0x0000000008005348                lorawan_nvm_data_mgmt_event
 .text.lorawan_nvm_data_restore
                0x00000000080053d8       0x78 zephyr/subsys/lorawan/libloramac-node.a(lorawan_nvm_settings.c.obj)
                0x00000000080053d8                lorawan_nvm_data_restore
 .text.gpio_pin_set.isra.0
                0x0000000008005450       0x5c zephyr/subsys/lorawan/libloramac-node.a(sx126x.c.obj)
 .text.sx126x_set_rx_enable
                0x00000000080054ac       0x10 zephyr/subsys/lorawan/libloramac-node.a(sx126x.c.obj)
 .text.sx126x_set_tx_enable
                0x00000000080054bc       0x10 zephyr/subsys/lorawan/libloramac-node.a(sx126x.c.obj)
 .text.sx126x_dio1_irq_work_handler.part.0
                0x00000000080054cc       0x14 zephyr/subsys/lorawan/libloramac-node.a(sx126x.c.obj)
 .text.sx126x_dio1_irq_work_handler
                0x00000000080054e0       0x38 zephyr/subsys/lorawan/libloramac-node.a(sx126x.c.obj)
 .text.sx126x_lora_init
                0x0000000008005518       0xa4 zephyr/subsys/lorawan/libloramac-node.a(sx126x.c.obj)
 .text.SX126xGetOperatingMode
                0x00000000080055bc        0xc zephyr/subsys/lorawan/libloramac-node.a(sx126x.c.obj)
                0x00000000080055bc                SX126xGetOperatingMode
 .text.SX126xSetOperatingMode
                0x00000000080055c8       0x4c zephyr/subsys/lorawan/libloramac-node.a(sx126x.c.obj)
                0x00000000080055c8                SX126xSetOperatingMode
 .text.SX126xIoIrqInit
                0x0000000008005614        0xc zephyr/subsys/lorawan/libloramac-node.a(sx126x.c.obj)
                0x0000000008005614                SX126xIoIrqInit
 .text.SX126xReset
                0x0000000008005620       0x18 zephyr/subsys/lorawan/libloramac-node.a(sx126x.c.obj)
                0x0000000008005620                SX126xReset
 .text.SX126xWaitOnBusy
                0x0000000008005638       0x1c zephyr/subsys/lorawan/libloramac-node.a(sx126x.c.obj)
                0x0000000008005638                SX126xWaitOnBusy
 .text.sx126x_spi_transceive.isra.0
                0x0000000008005654       0x7c zephyr/subsys/lorawan/libloramac-node.a(sx126x.c.obj)
 .text.SX126xWakeup
                0x00000000080056d0       0x60 zephyr/subsys/lorawan/libloramac-node.a(sx126x.c.obj)
                0x00000000080056d0                SX126xWakeup
 .text.SX126xGetDio1PinState
                0x0000000008005730        0xc zephyr/subsys/lorawan/libloramac-node.a(sx126x.c.obj)
                0x0000000008005730                SX126xGetDio1PinState
 .text.timer_callback
                0x000000000800573c        0xc zephyr/subsys/lorawan/libloramac-node.a(hal_common.c.obj)
 .text.RtcBkupWrite
                0x0000000008005748        0xc zephyr/subsys/lorawan/libloramac-node.a(hal_common.c.obj)
                0x0000000008005748                RtcBkupWrite
 .text.RtcBkupRead
                0x0000000008005754       0x10 zephyr/subsys/lorawan/libloramac-node.a(hal_common.c.obj)
                0x0000000008005754                RtcBkupRead
 .text.RtcGetTimerElapsedTime
                0x0000000008005764       0x14 zephyr/subsys/lorawan/libloramac-node.a(hal_common.c.obj)
                0x0000000008005764                RtcGetTimerElapsedTime
 .text.RtcStopAlarm
                0x0000000008005778        0xc zephyr/subsys/lorawan/libloramac-node.a(hal_common.c.obj)
                0x0000000008005778                RtcStopAlarm
 .text.RtcSetAlarm
                0x0000000008005784       0x20 zephyr/subsys/lorawan/libloramac-node.a(hal_common.c.obj)
                0x0000000008005784                RtcSetAlarm
 .text.RtcSetTimerContext
                0x00000000080057a4       0x10 zephyr/subsys/lorawan/libloramac-node.a(hal_common.c.obj)
                0x00000000080057a4                RtcSetTimerContext
 .text.RtcGetTimerContext
                0x00000000080057b4        0xc zephyr/subsys/lorawan/libloramac-node.a(hal_common.c.obj)
                0x00000000080057b4                RtcGetTimerContext
 .text.modem_release.constprop.0
                0x00000000080057c0       0x54 zephyr/subsys/lorawan/libloramac-node.a(sx12xx_common.c.obj)
 .text.sx12xx_ev_tx_done
                0x0000000008005814       0x20 zephyr/subsys/lorawan/libloramac-node.a(sx12xx_common.c.obj)
 .text.sx12xx_ev_rx_error
                0x0000000008005834       0x40 zephyr/subsys/lorawan/libloramac-node.a(sx12xx_common.c.obj)
 .text.sx12xx_ev_rx_done
                0x0000000008005874       0xb0 zephyr/subsys/lorawan/libloramac-node.a(sx12xx_common.c.obj)
 .text.__sx12xx_configure_pin
                0x0000000008005924      0x1fc zephyr/subsys/lorawan/libloramac-node.a(sx12xx_common.c.obj)
                0x0000000008005924                __sx12xx_configure_pin
 .text.sx12xx_lora_send_async
                0x0000000008005b20       0x4c zephyr/subsys/lorawan/libloramac-node.a(sx12xx_common.c.obj)
                0x0000000008005b20                sx12xx_lora_send_async
 .text.sx12xx_lora_send
                0x0000000008005b6c       0xb8 zephyr/subsys/lorawan/libloramac-node.a(sx12xx_common.c.obj)
                0x0000000008005b6c                sx12xx_lora_send
 .text.sx12xx_lora_recv
                0x0000000008005c24       0xd4 zephyr/subsys/lorawan/libloramac-node.a(sx12xx_common.c.obj)
                0x0000000008005c24                sx12xx_lora_recv
 .text.sx12xx_lora_recv_async
                0x0000000008005cf8       0x54 zephyr/subsys/lorawan/libloramac-node.a(sx12xx_common.c.obj)
                0x0000000008005cf8                sx12xx_lora_recv_async
 .text.sx12xx_lora_config
                0x0000000008005d4c       0xbc zephyr/subsys/lorawan/libloramac-node.a(sx12xx_common.c.obj)
                0x0000000008005d4c                sx12xx_lora_config
 .text.sx12xx_lora_test_cw
                0x0000000008005e08       0x40 zephyr/subsys/lorawan/libloramac-node.a(sx12xx_common.c.obj)
                0x0000000008005e08                sx12xx_lora_test_cw
 .text.sx12xx_init
                0x0000000008005e48       0x60 zephyr/subsys/lorawan/libloramac-node.a(sx12xx_common.c.obj)
                0x0000000008005e48                sx12xx_init
 .text.sx126x_is_busy
                0x0000000008005ea8       0x10 zephyr/subsys/lorawan/libloramac-node.a(sx126x_stm32wl.c.obj)
                0x0000000008005ea8                sx126x_is_busy
 .text.sx126x_dio1_irq_enable
                0x0000000008005eb8       0x14 zephyr/subsys/lorawan/libloramac-node.a(sx126x_stm32wl.c.obj)
                0x0000000008005eb8                sx126x_dio1_irq_enable
 .text.sx126x_variant_init
                0x0000000008005ecc       0x28 zephyr/subsys/lorawan/libloramac-node.a(sx126x_stm32wl.c.obj)
                0x0000000008005ecc                sx126x_variant_init
 .text.rand1    0x0000000008005ef4       0x28 zephyr/subsys/lorawan/libloramac-node.a(utilities.c.obj)
                0x0000000008005ef4                rand1
 .text.srand1   0x0000000008005f1c        0xc zephyr/subsys/lorawan/libloramac-node.a(utilities.c.obj)
                0x0000000008005f1c                srand1
 .text.Crc32    0x0000000008005f28       0x34 zephyr/subsys/lorawan/libloramac-node.a(utilities.c.obj)
                0x0000000008005f28                Crc32
 .text.TimerInsertNewHeadTimer
                0x0000000008005f5c       0x18 zephyr/subsys/lorawan/libloramac-node.a(timer.c.obj)
 .text.TimerStart
                0x0000000008005f74       0x70 zephyr/subsys/lorawan/libloramac-node.a(timer.c.obj)
                0x0000000008005f74                TimerStart
 .text.TimerIrqHandler
                0x0000000008005fe4       0x7c zephyr/subsys/lorawan/libloramac-node.a(timer.c.obj)
                0x0000000008005fe4                TimerIrqHandler
 .text.TimerStop
                0x0000000008006060       0x54 zephyr/subsys/lorawan/libloramac-node.a(timer.c.obj)
                0x0000000008006060                TimerStop
 .text.SX126xSetCrcSeed
                0x00000000080060b4       0x24 zephyr/subsys/lorawan/libloramac-node.a(sx126x.c.obj)
                0x00000000080060b4                SX126xSetCrcSeed
 .text.SX126xSetCrcPolynomial
                0x00000000080060d8       0x24 zephyr/subsys/lorawan/libloramac-node.a(sx126x.c.obj)
                0x00000000080060d8                SX126xSetCrcPolynomial
 .text.SX126xSetWhiteningSeed
                0x00000000080060fc       0x38 zephyr/subsys/lorawan/libloramac-node.a(sx126x.c.obj)
                0x00000000080060fc                SX126xSetWhiteningSeed
 .text.SX126xSetSleep
                0x0000000008006134       0x3c zephyr/subsys/lorawan/libloramac-node.a(sx126x.c.obj)
                0x0000000008006134                SX126xSetSleep
 .text.SX126xInit
                0x0000000008006170       0x34 zephyr/subsys/lorawan/libloramac-node.a(sx126x.c.obj)
                0x0000000008006170                SX126xInit
 .text.SX126xCalibrateImage
                0x00000000080061a4       0x64 zephyr/subsys/lorawan/libloramac-node.a(sx126x.c.obj)
                0x00000000080061a4                SX126xCalibrateImage
 .text.SX126xSetRfFrequency
                0x0000000008006208       0x48 zephyr/subsys/lorawan/libloramac-node.a(sx126x.c.obj)
                0x0000000008006208                SX126xSetRfFrequency
 .text.SX126xSetPacketType
                0x0000000008006250       0x20 zephyr/subsys/lorawan/libloramac-node.a(sx126x.c.obj)
                0x0000000008006250                SX126xSetPacketType
 .text.SX126xGetPacketType
                0x0000000008006270        0xc zephyr/subsys/lorawan/libloramac-node.a(sx126x.c.obj)
                0x0000000008006270                SX126xGetPacketType
 .text.SX126xSetModulationParams
                0x000000000800627c       0x98 zephyr/subsys/lorawan/libloramac-node.a(sx126x.c.obj)
                0x000000000800627c                SX126xSetModulationParams
 .text.SX126xSetPacketParams
                0x0000000008006314       0xbc zephyr/subsys/lorawan/libloramac-node.a(sx126x.c.obj)
                0x0000000008006314                SX126xSetPacketParams
 .text.SX126xGetRxBufferStatus
                0x00000000080063d0       0x44 zephyr/subsys/lorawan/libloramac-node.a(sx126x.c.obj)
                0x00000000080063d0                SX126xGetRxBufferStatus
 .text.SX126xGetPacketStatus
                0x0000000008006414       0x78 zephyr/subsys/lorawan/libloramac-node.a(sx126x.c.obj)
                0x0000000008006414                SX126xGetPacketStatus
 .text.RadioOnTxTimeoutIrq
                0x000000000800648c       0x14 zephyr/subsys/lorawan/libloramac-node.a(radio.c.obj)
                0x000000000800648c                RadioOnTxTimeoutIrq
 .text.RadioOnRxTimeoutIrq
                0x00000000080064a0       0x14 zephyr/subsys/lorawan/libloramac-node.a(radio.c.obj)
                0x00000000080064a0                RadioOnRxTimeoutIrq
 .text.RadioOnDioIrq
                0x00000000080064b4        0xc zephyr/subsys/lorawan/libloramac-node.a(radio.c.obj)
                0x00000000080064b4                RadioOnDioIrq
 .text.RadioGetStatus
                0x00000000080064c0       0x1c zephyr/subsys/lorawan/libloramac-node.a(radio.c.obj)
                0x00000000080064c0                RadioGetStatus
 .text.RadioSend
                0x00000000080064dc       0x5c zephyr/subsys/lorawan/libloramac-node.a(radio.c.obj)
                0x00000000080064dc                RadioSend
 .text.RadioSetTxContinuousWave
                0x0000000008006538       0x30 zephyr/subsys/lorawan/libloramac-node.a(radio.c.obj)
                0x0000000008006538                RadioSetTxContinuousWave
 .text.RadioIrqProcess
                0x0000000008006568      0x17c zephyr/subsys/lorawan/libloramac-node.a(radio.c.obj)
                0x0000000008006568                RadioIrqProcess
 .text.RadioGetFskBandwidthRegValue
                0x00000000080066e4       0x34 zephyr/subsys/lorawan/libloramac-node.a(radio.c.obj)
 .text.RadioSetMaxPayloadLength
                0x0000000008006718       0x30 zephyr/subsys/lorawan/libloramac-node.a(radio.c.obj)
                0x0000000008006718                RadioSetMaxPayloadLength
 .text.RadioRx  0x0000000008006748       0x48 zephyr/subsys/lorawan/libloramac-node.a(radio.c.obj)
                0x0000000008006748                RadioRx
 .text.RadioRxBoosted
                0x0000000008006790       0x48 zephyr/subsys/lorawan/libloramac-node.a(radio.c.obj)
                0x0000000008006790                RadioRxBoosted
 .text.RadioTimeOnAir
                0x00000000080067d8       0xe4 zephyr/subsys/lorawan/libloramac-node.a(radio.c.obj)
                0x00000000080067d8                RadioTimeOnAir
 .text.RadioSetPublicNetwork
                0x00000000080068bc       0x3c zephyr/subsys/lorawan/libloramac-node.a(radio.c.obj)
                0x00000000080068bc                RadioSetPublicNetwork
 .text.RadioSetModem.part.0
                0x00000000080068f8       0x24 zephyr/subsys/lorawan/libloramac-node.a(radio.c.obj)
 .text.RadioSetModem
                0x000000000800691c       0x20 zephyr/subsys/lorawan/libloramac-node.a(radio.c.obj)
                0x000000000800691c                RadioSetModem
 .text.RadioSetRxConfig
                0x000000000800693c      0x1e0 zephyr/subsys/lorawan/libloramac-node.a(radio.c.obj)
                0x000000000800693c                RadioSetRxConfig
 .text.RadioSetTxConfig
                0x0000000008006b1c      0x194 zephyr/subsys/lorawan/libloramac-node.a(radio.c.obj)
                0x0000000008006b1c                RadioSetTxConfig
 .text.RadioInit
                0x0000000008006cb0       0x7c zephyr/subsys/lorawan/libloramac-node.a(radio.c.obj)
                0x0000000008006cb0                RadioInit
 .text.aes_set_key
                0x0000000008006d2c      0x104 zephyr/subsys/lorawan/libloramac-node.a(aes.c.obj)
                0x0000000008006d2c                aes_set_key
 .text.aes_encrypt
                0x0000000008006e30      0x2cc zephyr/subsys/lorawan/libloramac-node.a(aes.c.obj)
                0x0000000008006e30                aes_encrypt
 .text.ComputeCmac
                0x00000000080070fc       0x80 zephyr/subsys/lorawan/libloramac-node.a(soft-se.c.obj)
 .text.SecureElementInit
                0x000000000800717c       0xc0 zephyr/subsys/lorawan/libloramac-node.a(soft-se.c.obj)
                0x000000000800717c                SecureElementInit
 .text.SecureElementAesEncrypt
                0x000000000800723c       0x7c zephyr/subsys/lorawan/libloramac-node.a(soft-se.c.obj)
                0x000000000800723c                SecureElementAesEncrypt
 .text.SecureElementSetKey.part.0
                0x00000000080072b8       0x7c zephyr/subsys/lorawan/libloramac-node.a(soft-se.c.obj)
 .text.SecureElementSetDevEui
                0x0000000008007334       0x1c zephyr/subsys/lorawan/libloramac-node.a(soft-se.c.obj)
                0x0000000008007334                SecureElementSetDevEui
 .text.SecureElementGetDevEui
                0x0000000008007350        0xc zephyr/subsys/lorawan/libloramac-node.a(soft-se.c.obj)
                0x0000000008007350                SecureElementGetDevEui
 .text.SecureElementSetJoinEui
                0x000000000800735c       0x20 zephyr/subsys/lorawan/libloramac-node.a(soft-se.c.obj)
                0x000000000800735c                SecureElementSetJoinEui
 .text.SecureElementGetJoinEui
                0x000000000800737c        0xc zephyr/subsys/lorawan/libloramac-node.a(soft-se.c.obj)
                0x000000000800737c                SecureElementGetJoinEui
 .text.SecureElementSetPin
                0x0000000008007388       0x20 zephyr/subsys/lorawan/libloramac-node.a(soft-se.c.obj)
                0x0000000008007388                SecureElementSetPin
 .text.SecureElementGetPin
                0x00000000080073a8        0xc zephyr/subsys/lorawan/libloramac-node.a(soft-se.c.obj)
                0x00000000080073a8                SecureElementGetPin
 .text.UpdateRxSlotIdleState
                0x00000000080073b4       0x1c zephyr/subsys/lorawan/libloramac-node.a(LoRaMac.c.obj)
 .text.OnMacProcessNotify
                0x00000000080073d0       0x14 zephyr/subsys/lorawan/libloramac-node.a(LoRaMac.c.obj)
 .text.OnRadioRxTimeout
                0x00000000080073e4       0x14 zephyr/subsys/lorawan/libloramac-node.a(LoRaMac.c.obj)
 .text.OnRadioTxTimeout
                0x00000000080073f8       0x14 zephyr/subsys/lorawan/libloramac-node.a(LoRaMac.c.obj)
 .text.OnRadioRxError
                0x000000000800740c       0x14 zephyr/subsys/lorawan/libloramac-node.a(LoRaMac.c.obj)
 .text.OnAbpJoinPendingTimerEvent
                0x0000000008007420       0x24 zephyr/subsys/lorawan/libloramac-node.a(LoRaMac.c.obj)
 .text.OnRadioRxDone
                0x0000000008007444       0x3c zephyr/subsys/lorawan/libloramac-node.a(LoRaMac.c.obj)
 .text.GetMaxAppPayloadWithoutFOptsLength
                0x0000000008007480       0x2c zephyr/subsys/lorawan/libloramac-node.a(LoRaMac.c.obj)
 .text.OnForceRejoinReqCycleTimerEvent
                0x00000000080074ac       0x64 zephyr/subsys/lorawan/libloramac-node.a(LoRaMac.c.obj)
 .text.OnRetransmitTimeoutTimerEvent
                0x0000000008007510       0x28 zephyr/subsys/lorawan/libloramac-node.a(LoRaMac.c.obj)
 .text.PrepareRxDoneAbort
                0x0000000008007538       0x38 zephyr/subsys/lorawan/libloramac-node.a(LoRaMac.c.obj)
 .text.ResetMacParameters
                0x0000000008007570      0x15c zephyr/subsys/lorawan/libloramac-node.a(LoRaMac.c.obj)
 .text.OnRadioTxDone
                0x00000000080076cc       0x3c zephyr/subsys/lorawan/libloramac-node.a(LoRaMac.c.obj)
 .text.HandleRadioRxErrorTimeout
                0x0000000008007708       0xcc zephyr/subsys/lorawan/libloramac-node.a(LoRaMac.c.obj)
 .text.OpenContinuousRxCWindow
                0x00000000080077d4       0x58 zephyr/subsys/lorawan/libloramac-node.a(LoRaMac.c.obj)
 .text.SwitchClass
                0x000000000800782c      0x100 zephyr/subsys/lorawan/libloramac-node.a(LoRaMac.c.obj)
 .text.RxWindowSetup.constprop.0
                0x000000000800792c       0x40 zephyr/subsys/lorawan/libloramac-node.a(LoRaMac.c.obj)
 .text.OnRxWindow1TimerEvent
                0x000000000800796c       0x44 zephyr/subsys/lorawan/libloramac-node.a(LoRaMac.c.obj)
 .text.OnRxWindow2TimerEvent
                0x00000000080079b0       0x4c zephyr/subsys/lorawan/libloramac-node.a(LoRaMac.c.obj)
 .text.ProcessMacCommands.constprop.0
                0x00000000080079fc      0x6ec zephyr/subsys/lorawan/libloramac-node.a(LoRaMac.c.obj)
 .text.StopRetransmission.isra.0
                0x00000000080080e8       0x90 zephyr/subsys/lorawan/libloramac-node.a(LoRaMac.c.obj)
 .text.OnRejoin1CycleTimerEvent
                0x0000000008008178       0x50 zephyr/subsys/lorawan/libloramac-node.a(LoRaMac.c.obj)
 .text.OnRejoin0CycleTimerEvent
                0x00000000080081c8       0x50 zephyr/subsys/lorawan/libloramac-node.a(LoRaMac.c.obj)
 .text.LoRaMacIsBusy
                0x0000000008008218       0x30 zephyr/subsys/lorawan/libloramac-node.a(LoRaMac.c.obj)
                0x0000000008008218                LoRaMacIsBusy
 .text.PrepareFrame
                0x0000000008008248      0x14c zephyr/subsys/lorawan/libloramac-node.a(LoRaMac.c.obj)
                0x0000000008008248                PrepareFrame
 .text.SendFrameOnChannel
                0x0000000008008394      0x144 zephyr/subsys/lorawan/libloramac-node.a(LoRaMac.c.obj)
                0x0000000008008394                SendFrameOnChannel
 .text.ScheduleTx
                0x00000000080084d8      0x1f8 zephyr/subsys/lorawan/libloramac-node.a(LoRaMac.c.obj)
 .text.OnTxDelayedTimerEvent
                0x00000000080086d0       0x70 zephyr/subsys/lorawan/libloramac-node.a(LoRaMac.c.obj)
 .text.Send     0x0000000008008740       0xfc zephyr/subsys/lorawan/libloramac-node.a(LoRaMac.c.obj)
                0x0000000008008740                Send
 .text.SendReJoinReq
                0x000000000800883c      0x108 zephyr/subsys/lorawan/libloramac-node.a(LoRaMac.c.obj)
                0x000000000800883c                SendReJoinReq
 .text.SetTxContinuousWave
                0x0000000008008944       0x2c zephyr/subsys/lorawan/libloramac-node.a(LoRaMac.c.obj)
                0x0000000008008944                SetTxContinuousWave
 .text.LoRaMacInitialization
                0x0000000008008970      0x380 zephyr/subsys/lorawan/libloramac-node.a(LoRaMac.c.obj)
                0x0000000008008970                LoRaMacInitialization
 .text.LoRaMacStart
                0x0000000008008cf0       0x14 zephyr/subsys/lorawan/libloramac-node.a(LoRaMac.c.obj)
                0x0000000008008cf0                LoRaMacStart
 .text.LoRaMacQueryTxPossible
                0x0000000008008d04       0xc4 zephyr/subsys/lorawan/libloramac-node.a(LoRaMac.c.obj)
                0x0000000008008d04                LoRaMacQueryTxPossible
 .text.LoRaMacMibGetRequestConfirm
                0x0000000008008dc8      0x230 zephyr/subsys/lorawan/libloramac-node.a(LoRaMac.c.obj)
                0x0000000008008dc8                LoRaMacMibGetRequestConfirm
 .text.LoRaMacMibSetRequestConfirm
                0x0000000008008ff8      0x648 zephyr/subsys/lorawan/libloramac-node.a(LoRaMac.c.obj)
                0x0000000008008ff8                LoRaMacMibSetRequestConfirm
 .text.LoRaMacMlmeRequest
                0x0000000008009640      0x228 zephyr/subsys/lorawan/libloramac-node.a(LoRaMac.c.obj)
                0x0000000008009640                LoRaMacMlmeRequest
 .text.LoRaMacProcess
                0x0000000008009868      0xb9c zephyr/subsys/lorawan/libloramac-node.a(LoRaMac.c.obj)
                0x0000000008009868                LoRaMacProcess
 .text.LoRaMacMcpsRequest
                0x000000000800a404      0x1a4 zephyr/subsys/lorawan/libloramac-node.a(LoRaMac.c.obj)
                0x000000000800a404                LoRaMacMcpsRequest
 .text.IsSticky
                0x000000000800a5a8       0x20 zephyr/subsys/lorawan/libloramac-node.a(LoRaMacCommands.c.obj)
 .text.LoRaMacCommandsInit
                0x000000000800a5c8       0x1c zephyr/subsys/lorawan/libloramac-node.a(LoRaMacCommands.c.obj)
                0x000000000800a5c8                LoRaMacCommandsInit
 .text.LoRaMacCommandsAddCmd
                0x000000000800a5e4       0x9c zephyr/subsys/lorawan/libloramac-node.a(LoRaMacCommands.c.obj)
                0x000000000800a5e4                LoRaMacCommandsAddCmd
 .text.LoRaMacCommandsRemoveCmd
                0x000000000800a680       0x5c zephyr/subsys/lorawan/libloramac-node.a(LoRaMacCommands.c.obj)
                0x000000000800a680                LoRaMacCommandsRemoveCmd
 .text.LoRaMacCommandsGetCmd
                0x000000000800a6dc       0x1c zephyr/subsys/lorawan/libloramac-node.a(LoRaMacCommands.c.obj)
                0x000000000800a6dc                LoRaMacCommandsGetCmd
 .text.LoRaMacCommandsRemoveNoneStickyCmds
                0x000000000800a6f8       0x1c zephyr/subsys/lorawan/libloramac-node.a(LoRaMacCommands.c.obj)
                0x000000000800a6f8                LoRaMacCommandsRemoveNoneStickyCmds
 .text.LoRaMacCommandsRemoveStickyAnsCmds
                0x000000000800a714       0x3c zephyr/subsys/lorawan/libloramac-node.a(LoRaMacCommands.c.obj)
                0x000000000800a714                LoRaMacCommandsRemoveStickyAnsCmds
 .text.LoRaMacCommandsGetSizeSerializedCmds
                0x000000000800a750       0x18 zephyr/subsys/lorawan/libloramac-node.a(LoRaMacCommands.c.obj)
                0x000000000800a750                LoRaMacCommandsGetSizeSerializedCmds
 .text.LoRaMacCommandsSerializeCmds
                0x000000000800a768       0x68 zephyr/subsys/lorawan/libloramac-node.a(LoRaMacCommands.c.obj)
                0x000000000800a768                LoRaMacCommandsSerializeCmds
 .text.LoRaMacCommandsGetCmdSize
                0x000000000800a7d0       0x14 zephyr/subsys/lorawan/libloramac-node.a(LoRaMacCommands.c.obj)
                0x000000000800a7d0                LoRaMacCommandsGetCmdSize
 .text.GetElement.constprop.0
                0x000000000800a7e4       0x34 zephyr/subsys/lorawan/libloramac-node.a(LoRaMacConfirmQueue.c.obj)
 .text.LoRaMacConfirmQueueInit
                0x000000000800a818       0x28 zephyr/subsys/lorawan/libloramac-node.a(LoRaMacConfirmQueue.c.obj)
                0x000000000800a818                LoRaMacConfirmQueueInit
 .text.LoRaMacConfirmQueueAdd
                0x000000000800a840       0x4c zephyr/subsys/lorawan/libloramac-node.a(LoRaMacConfirmQueue.c.obj)
                0x000000000800a840                LoRaMacConfirmQueueAdd
 .text.LoRaMacConfirmQueueRemoveFirst
                0x000000000800a88c       0x2c zephyr/subsys/lorawan/libloramac-node.a(LoRaMacConfirmQueue.c.obj)
                0x000000000800a88c                LoRaMacConfirmQueueRemoveFirst
 .text.LoRaMacConfirmQueueSetStatus
                0x000000000800a8b8       0x24 zephyr/subsys/lorawan/libloramac-node.a(LoRaMacConfirmQueue.c.obj)
                0x000000000800a8b8                LoRaMacConfirmQueueSetStatus
 .text.LoRaMacConfirmQueueSetStatusCmn
                0x000000000800a8dc       0x34 zephyr/subsys/lorawan/libloramac-node.a(LoRaMacConfirmQueue.c.obj)
                0x000000000800a8dc                LoRaMacConfirmQueueSetStatusCmn
 .text.LoRaMacConfirmQueueIsCmdActive
                0x000000000800a910       0x18 zephyr/subsys/lorawan/libloramac-node.a(LoRaMacConfirmQueue.c.obj)
                0x000000000800a910                LoRaMacConfirmQueueIsCmdActive
 .text.LoRaMacConfirmQueueHandleCb
                0x000000000800a928       0x68 zephyr/subsys/lorawan/libloramac-node.a(LoRaMacConfirmQueue.c.obj)
                0x000000000800a928                LoRaMacConfirmQueueHandleCb
 .text.LoRaMacConfirmQueueGetCnt
                0x000000000800a990        0xc zephyr/subsys/lorawan/libloramac-node.a(LoRaMacConfirmQueue.c.obj)
                0x000000000800a990                LoRaMacConfirmQueueGetCnt
 .text.LoRaMacConfirmQueueIsFull
                0x000000000800a99c       0x14 zephyr/subsys/lorawan/libloramac-node.a(LoRaMacConfirmQueue.c.obj)
                0x000000000800a99c                LoRaMacConfirmQueueIsFull
 .text.FOptsEncrypt
                0x000000000800a9b0       0xbc zephyr/subsys/lorawan/libloramac-node.a(LoRaMacCrypto.c.obj)
 .text.GetLastFcntDown.constprop.0
                0x000000000800aa6c       0x58 zephyr/subsys/lorawan/libloramac-node.a(LoRaMacCrypto.c.obj)
 .text.VerifyCmacB0.constprop.0
                0x000000000800aac4       0xbc zephyr/subsys/lorawan/libloramac-node.a(LoRaMacCrypto.c.obj)
 .text.LoRaMacCryptoInit
                0x000000000800ab80       0x3c zephyr/subsys/lorawan/libloramac-node.a(LoRaMacCrypto.c.obj)
                0x000000000800ab80                LoRaMacCryptoInit
 .text.LoRaMacCryptoSetLrWanVersion
                0x000000000800abbc       0x10 zephyr/subsys/lorawan/libloramac-node.a(LoRaMacCrypto.c.obj)
                0x000000000800abbc                LoRaMacCryptoSetLrWanVersion
 .text.LoRaMacCryptoGetFCntUp
                0x000000000800abcc       0x18 zephyr/subsys/lorawan/libloramac-node.a(LoRaMacCrypto.c.obj)
                0x000000000800abcc                LoRaMacCryptoGetFCntUp
 .text.LoRaMacCryptoGetRJcount
                0x000000000800abe4       0x30 zephyr/subsys/lorawan/libloramac-node.a(LoRaMacCrypto.c.obj)
                0x000000000800abe4                LoRaMacCryptoGetRJcount
 .text.LoRaMacCryptoSetMulticastReference
                0x000000000800ac14       0x2c zephyr/subsys/lorawan/libloramac-node.a(LoRaMacCrypto.c.obj)
                0x000000000800ac14                LoRaMacCryptoSetMulticastReference
 .text.LoRaMacCryptoPrepareJoinRequest
                0x000000000800ac40       0xac zephyr/subsys/lorawan/libloramac-node.a(LoRaMacCrypto.c.obj)
                0x000000000800ac40                LoRaMacCryptoPrepareJoinRequest
 .text.LoRaMacCryptoPrepareReJoinType1
                0x000000000800acec       0x58 zephyr/subsys/lorawan/libloramac-node.a(LoRaMacCrypto.c.obj)
                0x000000000800acec                LoRaMacCryptoPrepareReJoinType1
 .text.LoRaMacCryptoPrepareReJoinType0or2
                0x000000000800ad44       0x54 zephyr/subsys/lorawan/libloramac-node.a(LoRaMacCrypto.c.obj)
                0x000000000800ad44                LoRaMacCryptoPrepareReJoinType0or2
 .text.LoRaMacCryptoSecureMessage
                0x000000000800ad98      0x18c zephyr/subsys/lorawan/libloramac-node.a(LoRaMacCrypto.c.obj)
                0x000000000800ad98                LoRaMacCryptoSecureMessage
 .text.LoRaMacCryptoUnsecureMessage
                0x000000000800af24      0x150 zephyr/subsys/lorawan/libloramac-node.a(LoRaMacCrypto.c.obj)
                0x000000000800af24                LoRaMacCryptoUnsecureMessage
 .text.LoRaMacCryptoSetKey
                0x000000000800b074       0x34 zephyr/subsys/lorawan/libloramac-node.a(LoRaMacCrypto.c.obj)
                0x000000000800b074                LoRaMacCryptoSetKey
 .text.LoRaMacCryptoHandleJoinAccept
                0x000000000800b0a8      0x180 zephyr/subsys/lorawan/libloramac-node.a(LoRaMacCrypto.c.obj)
                0x000000000800b0a8                LoRaMacCryptoHandleJoinAccept
 .text.RegionGetVersion
                0x000000000800b228        0x8 zephyr/subsys/lorawan/libloramac-node.a(Region.c.obj)
                0x000000000800b228                RegionGetVersion
 .text.RegionCommonUpdateBandTimeOff
                0x000000000800b230       0xdc zephyr/subsys/lorawan/libloramac-node.a(RegionCommon.c.obj)
                0x000000000800b230                RegionCommonUpdateBandTimeOff
 .text.RegionCommonComputeSymbolTimeLoRa
                0x000000000800b30c       0x10 zephyr/subsys/lorawan/libloramac-node.a(RegionCommon.c.obj)
                0x000000000800b30c                RegionCommonComputeSymbolTimeLoRa
 .text.RegionCommonGetBandwidth
                0x000000000800b31c       0x24 zephyr/subsys/lorawan/libloramac-node.a(RegionCommon.c.obj)
                0x000000000800b31c                RegionCommonGetBandwidth
 .text.GetTimeOnAir
                0x000000000800b340       0x54 zephyr/subsys/lorawan/libloramac-node.a(RegionEU868.c.obj)
 .text.VerifyRfFreq
                0x000000000800b394       0x9c zephyr/subsys/lorawan/libloramac-node.a(RegionEU868.c.obj)
 .text.RegionEU868GetPhyParam
                0x000000000800b430      0x120 zephyr/subsys/lorawan/libloramac-node.a(RegionEU868.c.obj)
                0x000000000800b430                RegionEU868GetPhyParam
 .text.RegionEU868SetBandTxDone
                0x000000000800b550       0x38 zephyr/subsys/lorawan/libloramac-node.a(RegionEU868.c.obj)
                0x000000000800b550                RegionEU868SetBandTxDone
 .text.RegionEU868InitDefaults
                0x000000000800b588       0xcc zephyr/subsys/lorawan/libloramac-node.a(RegionEU868.c.obj)
                0x000000000800b588                RegionEU868InitDefaults
 .text.RegionEU868ChanMaskSet
                0x000000000800b654       0x34 zephyr/subsys/lorawan/libloramac-node.a(RegionEU868.c.obj)
                0x000000000800b654                RegionEU868ChanMaskSet
 .text.RegionEU868ComputeRxWindowParameters
                0x000000000800b688       0x64 zephyr/subsys/lorawan/libloramac-node.a(RegionEU868.c.obj)
                0x000000000800b688                RegionEU868ComputeRxWindowParameters
 .text.RegionEU868RxConfig
                0x000000000800b6ec       0xd8 zephyr/subsys/lorawan/libloramac-node.a(RegionEU868.c.obj)
                0x000000000800b6ec                RegionEU868RxConfig
 .text.RegionEU868TxConfig
                0x000000000800b7c4      0x108 zephyr/subsys/lorawan/libloramac-node.a(RegionEU868.c.obj)
                0x000000000800b7c4                RegionEU868TxConfig
 .text.RegionEU868LinkAdrReq
                0x000000000800b8cc      0x15c zephyr/subsys/lorawan/libloramac-node.a(RegionEU868.c.obj)
                0x000000000800b8cc                RegionEU868LinkAdrReq
 .text.RegionEU868DlChannelReq
                0x000000000800ba28       0x58 zephyr/subsys/lorawan/libloramac-node.a(RegionEU868.c.obj)
                0x000000000800ba28                RegionEU868DlChannelReq
 .text.RegionEU868NextChannel
                0x000000000800ba80       0xf4 zephyr/subsys/lorawan/libloramac-node.a(RegionEU868.c.obj)
                0x000000000800ba80                RegionEU868NextChannel
 .text.RegionEU868ChannelAdd
                0x000000000800bb74       0xc0 zephyr/subsys/lorawan/libloramac-node.a(RegionEU868.c.obj)
                0x000000000800bb74                RegionEU868ChannelAdd
 .text.RegionEU868ChannelsRemove
                0x000000000800bc34       0x30 zephyr/subsys/lorawan/libloramac-node.a(RegionEU868.c.obj)
                0x000000000800bc34                RegionEU868ChannelsRemove
 .text.crc8_ccitt
                0x000000000800bc64       0x2c zephyr/subsys/crc/libsubsys__crc.a(crc8_sw.c.obj)
                0x000000000800bc64                crc8_ccitt
 .text._zbus_init
                0x000000000800bc90       0x74 zephyr/subsys/zbus/libsubsys__zbus.a(zbus.c.obj)
                0x000000000800bc90                _zbus_init
 .text.stm32_exti_init
                0x000000000800bd04       0x50 zephyr/drivers/interrupt_controller/libdrivers__interrupt_controller.a(intc_exti_stm32.c.obj)
 .text.stm32_exti_is_pending
                0x000000000800bd54       0x40 zephyr/drivers/interrupt_controller/libdrivers__interrupt_controller.a(intc_exti_stm32.c.obj)
                0x000000000800bd54                stm32_exti_is_pending
 .text.stm32_exti_clear_pending
                0x000000000800bd94       0x3c zephyr/drivers/interrupt_controller/libdrivers__interrupt_controller.a(intc_exti_stm32.c.obj)
                0x000000000800bd94                stm32_exti_clear_pending
 .text.stm32_fill_irq_table
                0x000000000800bdd0       0x18 zephyr/drivers/interrupt_controller/libdrivers__interrupt_controller.a(intc_gpio_stm32.c.obj)
 .text.stm32_intc_gpio_isr
                0x000000000800bde8       0x4c zephyr/drivers/interrupt_controller/libdrivers__interrupt_controller.a(intc_gpio_stm32.c.obj)
 .text.stm32_gpio_intc_enable_line
                0x000000000800be34       0x54 zephyr/drivers/interrupt_controller/libdrivers__interrupt_controller.a(intc_gpio_stm32.c.obj)
                0x000000000800be34                stm32_gpio_intc_enable_line
 .text.stm32_gpio_intc_disable_line
                0x000000000800be88       0x14 zephyr/drivers/interrupt_controller/libdrivers__interrupt_controller.a(intc_gpio_stm32.c.obj)
                0x000000000800be88                stm32_gpio_intc_disable_line
 .text.stm32_gpio_intc_select_line_trigger
                0x000000000800be9c       0x6c zephyr/drivers/interrupt_controller/libdrivers__interrupt_controller.a(intc_gpio_stm32.c.obj)
                0x000000000800be9c                stm32_gpio_intc_select_line_trigger
 .text.stm32_gpio_intc_set_irq_callback
                0x000000000800bf08       0x40 zephyr/drivers/interrupt_controller/libdrivers__interrupt_controller.a(intc_gpio_stm32.c.obj)
                0x000000000800bf08                stm32_gpio_intc_set_irq_callback
 .text.stm32_gpio_intc_remove_irq_callback
                0x000000000800bf48       0x24 zephyr/drivers/interrupt_controller/libdrivers__interrupt_controller.a(intc_gpio_stm32.c.obj)
                0x000000000800bf48                stm32_gpio_intc_remove_irq_callback
 .text.stm32_exti_get_line_src_port
                0x000000000800bf6c       0x34 zephyr/drivers/interrupt_controller/libdrivers__interrupt_controller.a(intc_gpio_stm32.c.obj)
                0x000000000800bf6c                stm32_exti_get_line_src_port
 .text.adc_stm32_channel_setup
                0x000000000800bfa0      0x124 zephyr/drivers/adc/libdrivers__adc.a(adc_stm32.c.obj)
 .text.adc_stm32_isr_18
                0x000000000800c0c4       0xe8 zephyr/drivers/adc/libdrivers__adc.a(adc_stm32.c.obj)
 .text.adc_stm32_calibrate.isra.0
                0x000000000800c1ac       0x68 zephyr/drivers/adc/libdrivers__adc.a(adc_stm32.c.obj)
 .text.adc_stm32_init
                0x000000000800c214      0x158 zephyr/drivers/adc/libdrivers__adc.a(adc_stm32.c.obj)
 .text.adc_stm32_read
                0x000000000800c36c      0x270 zephyr/drivers/adc/libdrivers__adc.a(adc_stm32.c.obj)
 .text.stm32_clock_control_get_subsys_rate
                0x000000000800c5dc       0xb4 zephyr/drivers/clock_control/libdrivers__clock_control.a(clock_stm32_ll_common.c.obj)
 .text.stm32_clock_control_init
                0x000000000800c690      0x190 zephyr/drivers/clock_control/libdrivers__clock_control.a(clock_stm32_ll_common.c.obj)
                0x000000000800c690                stm32_clock_control_init
 .text.get_pllsrc_frequency
                0x000000000800c820        0x8 zephyr/drivers/clock_control/libdrivers__clock_control.a(clock_stm32l4_l5_wb_wl.c.obj)
                0x000000000800c820                get_pllsrc_frequency
 .text.config_pll_sysclock
                0x000000000800c828       0x24 zephyr/drivers/clock_control/libdrivers__clock_control.a(clock_stm32l4_l5_wb_wl.c.obj)
                0x000000000800c828                config_pll_sysclock
 .text.uart_console_init
                0x000000000800c84c       0x28 zephyr/drivers/console/libdrivers__console.a(uart_console.c.obj)
 .text.console_out
                0x000000000800c874       0x28 zephyr/drivers/console/libdrivers__console.a(uart_console.c.obj)
 .text.dmamux_stm32_init
                0x000000000800c89c       0x7c zephyr/drivers/dma/libdrivers__dma.a(dmamux_stm32.c.obj)
 .text.get_dma_fops
                0x000000000800c918       0x44 zephyr/drivers/dma/libdrivers__dma.a(dmamux_stm32.c.obj)
                0x000000000800c918                get_dma_fops
 .text.dmamux_stm32_configure
                0x000000000800c95c       0x7c zephyr/drivers/dma/libdrivers__dma.a(dmamux_stm32.c.obj)
                0x000000000800c95c                dmamux_stm32_configure
 .text.dmamux_stm32_start
                0x000000000800c9d8       0x48 zephyr/drivers/dma/libdrivers__dma.a(dmamux_stm32.c.obj)
                0x000000000800c9d8                dmamux_stm32_start
 .text.dmamux_stm32_stop
                0x000000000800ca20       0x48 zephyr/drivers/dma/libdrivers__dma.a(dmamux_stm32.c.obj)
                0x000000000800ca20                dmamux_stm32_stop
 .text.dmamux_stm32_reload
                0x000000000800ca68       0x5c zephyr/drivers/dma/libdrivers__dma.a(dmamux_stm32.c.obj)
                0x000000000800ca68                dmamux_stm32_reload
 .text.dmamux_stm32_get_status
                0x000000000800cac4       0x4c zephyr/drivers/dma/libdrivers__dma.a(dmamux_stm32.c.obj)
                0x000000000800cac4                dmamux_stm32_get_status
 .text.dma_stm32_get_status
                0x000000000800cb10       0x48 zephyr/drivers/dma/libdrivers__dma.a(dma_stm32.c.obj)
                0x000000000800cb10                dma_stm32_get_status
 .text.dma_stm32_reload
                0x000000000800cb58       0xf4 zephyr/drivers/dma/libdrivers__dma.a(dma_stm32.c.obj)
                0x000000000800cb58                dma_stm32_reload
 .text.dma_stm32_init
                0x000000000800cc4c       0x8c zephyr/drivers/dma/libdrivers__dma.a(dma_stm32.c.obj)
 .text.dma_stm32_irq_handler
                0x000000000800ccd8      0x10c zephyr/drivers/dma/libdrivers__dma.a(dma_stm32.c.obj)
 .text.dma_stm32_configure
                0x000000000800cde4      0x2cc zephyr/drivers/dma/libdrivers__dma.a(dma_stm32.c.obj)
                0x000000000800cde4                dma_stm32_configure
 .text.dma_stm32_id_to_stream
                0x000000000800d0b0       0x34 zephyr/drivers/dma/libdrivers__dma.a(dma_stm32_v2.c.obj)
                0x000000000800d0b0                dma_stm32_id_to_stream
 .text.dma_stm32_clear_ht
                0x000000000800d0e4       0x38 zephyr/drivers/dma/libdrivers__dma.a(dma_stm32_v2.c.obj)
                0x000000000800d0e4                dma_stm32_clear_ht
 .text.dma_stm32_clear_tc
                0x000000000800d11c       0x38 zephyr/drivers/dma/libdrivers__dma.a(dma_stm32_v2.c.obj)
                0x000000000800d11c                dma_stm32_clear_tc
 .text.dma_stm32_is_ht_active
                0x000000000800d154       0x3c zephyr/drivers/dma/libdrivers__dma.a(dma_stm32_v2.c.obj)
                0x000000000800d154                dma_stm32_is_ht_active
 .text.dma_stm32_is_tc_active
                0x000000000800d190       0x3c zephyr/drivers/dma/libdrivers__dma.a(dma_stm32_v2.c.obj)
                0x000000000800d190                dma_stm32_is_tc_active
 .text.dma_stm32_clear_te
                0x000000000800d1cc       0x38 zephyr/drivers/dma/libdrivers__dma.a(dma_stm32_v2.c.obj)
                0x000000000800d1cc                dma_stm32_clear_te
 .text.dma_stm32_is_te_active
                0x000000000800d204       0x3c zephyr/drivers/dma/libdrivers__dma.a(dma_stm32_v2.c.obj)
                0x000000000800d204                dma_stm32_is_te_active
 .text.dma_stm32_is_gi_active
                0x000000000800d240       0x3c zephyr/drivers/dma/libdrivers__dma.a(dma_stm32_v2.c.obj)
                0x000000000800d240                dma_stm32_is_gi_active
 .text.stm32_dma_dump_stream_irq
                0x000000000800d27c       0x5c zephyr/drivers/dma/libdrivers__dma.a(dma_stm32_v2.c.obj)
                0x000000000800d27c                stm32_dma_dump_stream_irq
 .text.stm32_dma_is_tc_irq_active
                0x000000000800d2d8       0x2c zephyr/drivers/dma/libdrivers__dma.a(dma_stm32_v2.c.obj)
                0x000000000800d2d8                stm32_dma_is_tc_irq_active
 .text.stm32_dma_is_ht_irq_active
                0x000000000800d304       0x2c zephyr/drivers/dma/libdrivers__dma.a(dma_stm32_v2.c.obj)
                0x000000000800d304                stm32_dma_is_ht_irq_active
 .text.stm32_dma_enable_stream
                0x000000000800d330       0x1c zephyr/drivers/dma/libdrivers__dma.a(dma_stm32_v2.c.obj)
                0x000000000800d330                stm32_dma_enable_stream
 .text.stm32_dma_is_enabled_stream
                0x000000000800d34c       0x1c zephyr/drivers/dma/libdrivers__dma.a(dma_stm32_v2.c.obj)
                0x000000000800d34c                stm32_dma_is_enabled_stream
 .text.stm32_dma_disable_stream
                0x000000000800d368       0x34 zephyr/drivers/dma/libdrivers__dma.a(dma_stm32_v2.c.obj)
                0x000000000800d368                stm32_dma_disable_stream
 .text.entropy_stm32_suspend.isra.0
                0x000000000800d39c       0x24 zephyr/drivers/entropy/libdrivers__entropy.a(entropy_stm32.c.obj)
 .text.entropy_stm32_resume.isra.0
                0x000000000800d3c0       0x30 zephyr/drivers/entropy/libdrivers__entropy.a(entropy_stm32.c.obj)
 .text.start_pool_filling.constprop.0
                0x000000000800d3f0       0x38 zephyr/drivers/entropy/libdrivers__entropy.a(entropy_stm32.c.obj)
 .text.entropy_stm32_rng_init
                0x000000000800d428      0x14c zephyr/drivers/entropy/libdrivers__entropy.a(entropy_stm32.c.obj)
 .text.rng_pool_get
                0x000000000800d574       0x94 zephyr/drivers/entropy/libdrivers__entropy.a(entropy_stm32.c.obj)
 .text.entropy_stm32_rng_get_entropy
                0x000000000800d608       0x84 zephyr/drivers/entropy/libdrivers__entropy.a(entropy_stm32.c.obj)
 .text.random_sample_get
                0x000000000800d68c       0xb8 zephyr/drivers/entropy/libdrivers__entropy.a(entropy_stm32.c.obj)
 .text.entropy_stm32_rng_get_entropy_isr
                0x000000000800d744      0x118 zephyr/drivers/entropy/libdrivers__entropy.a(entropy_stm32.c.obj)
 .text.stm32_rng_isr
                0x000000000800d85c       0xb8 zephyr/drivers/entropy/libdrivers__entropy.a(entropy_stm32.c.obj)
 .text.flash_stm32_get_parameters
                0x000000000800d914        0x8 zephyr/drivers/flash/libdrivers__flash.a(flash_stm32.c.obj)
 .text.flash_stm32_get_size
                0x000000000800d91c       0x18 zephyr/drivers/flash/libdrivers__flash.a(flash_stm32.c.obj)
 .text.flash_stm32_read.part.0
                0x000000000800d934       0x24 zephyr/drivers/flash/libdrivers__flash.a(flash_stm32.c.obj)
 .text.flash_stm32_wait_flash_idle
                0x000000000800d958       0x6c zephyr/drivers/flash/libdrivers__flash.a(flash_stm32.c.obj)
                0x000000000800d958                flash_stm32_wait_flash_idle
 .text.flash_stm32_cr_lock
                0x000000000800d9c4       0x44 zephyr/drivers/flash/libdrivers__flash.a(flash_stm32.c.obj)
                0x000000000800d9c4                flash_stm32_cr_lock
 .text.flash_stm32_erase
                0x000000000800da08       0x44 zephyr/drivers/flash/libdrivers__flash.a(flash_stm32.c.obj)
 .text.flash_stm32_write
                0x000000000800da4c       0x4c zephyr/drivers/flash/libdrivers__flash.a(flash_stm32.c.obj)
 .text.flash_stm32_write_range
                0x000000000800da98       0x98 zephyr/drivers/flash/libdrivers__flash.a(flash_stm32l4x.c.obj)
                0x000000000800da98                flash_stm32_write_range
 .text.flash_stm32_page_layout
                0x000000000800db30       0x28 zephyr/drivers/flash/libdrivers__flash.a(flash_stm32l4x.c.obj)
                0x000000000800db30                flash_stm32_page_layout
 .text.gpio_stm32_manage_callback
                0x000000000800db58       0xa0 zephyr/drivers/gpio/libdrivers__gpio.a(gpio_stm32.c.obj)
 .text.gpio_stm32_pin_interrupt_configure
                0x000000000800dbf8       0xb0 zephyr/drivers/gpio/libdrivers__gpio.a(gpio_stm32.c.obj)
 .text.gpio_stm32_isr
                0x000000000800dca8       0x58 zephyr/drivers/gpio/libdrivers__gpio.a(gpio_stm32.c.obj)
 .text.gpio_stm32_init
                0x000000000800dd00       0x38 zephyr/drivers/gpio/libdrivers__gpio.a(gpio_stm32.c.obj)
 .text.i2c_stm32_get_config.part.0
                0x000000000800dd38       0x1c zephyr/drivers/i2c/libdrivers__i2c.a(i2c_stm32.c.obj)
 .text.i2c_stm32_set_smbus_mode
                0x000000000800dd54       0x54 zephyr/drivers/i2c/libdrivers__i2c.a(i2c_stm32.c.obj)
                0x000000000800dd54                i2c_stm32_set_smbus_mode
 .text.i2c_stm32_runtime_configure
                0x000000000800dda8       0x88 zephyr/drivers/i2c/libdrivers__i2c.a(i2c_stm32.c.obj)
                0x000000000800dda8                i2c_stm32_runtime_configure
 .text.i2c_stm32_init
                0x000000000800de30       0xd4 zephyr/drivers/i2c/libdrivers__i2c.a(i2c_stm32.c.obj)
 .text.i2c_stm32_activate
                0x000000000800df04       0x68 zephyr/drivers/i2c/libdrivers__i2c.a(i2c_stm32_common.c.obj)
                0x000000000800df04                i2c_stm32_activate
 .text.i2c_stm32_event
                0x000000000800df6c       0xf8 zephyr/drivers/i2c/libdrivers__i2c.a(i2c_stm32_v2.c.obj)
                0x000000000800df6c                i2c_stm32_event
 .text.i2c_stm32_configure_timing
                0x000000000800e064      0x14c zephyr/drivers/i2c/libdrivers__i2c.a(i2c_stm32_v2.c.obj)
                0x000000000800e064                i2c_stm32_configure_timing
 .text.i2c_stm32_transaction
                0x000000000800e1b0      0x130 zephyr/drivers/i2c/libdrivers__i2c.a(i2c_stm32_v2.c.obj)
                0x000000000800e1b0                i2c_stm32_transaction
 .text.pinctrl_configure_pins
                0x000000000800e2e0       0xb0 zephyr/drivers/pinctrl/libdrivers__pinctrl.a(pinctrl_stm32.c.obj)
                0x000000000800e2e0                pinctrl_configure_pins
 .text.stm32_temp_channel_get
                0x000000000800e390       0xf0 zephyr/drivers/sensor/st/stm32_temp/libdrivers__sensor__st__stm32_temp.a(stm32_temp.c.obj)
 .text.stm32_temp_sample_fetch
                0x000000000800e480       0x90 zephyr/drivers/sensor/st/stm32_temp/libdrivers__sensor__st__stm32_temp.a(stm32_temp.c.obj)
 .text.stm32_temp_init
                0x000000000800e510       0x80 zephyr/drivers/sensor/st/stm32_temp/libdrivers__sensor__st__stm32_temp.a(stm32_temp.c.obj)
 .text.stm32_vbat_sample_fetch
                0x000000000800e590       0x88 zephyr/drivers/sensor/st/stm32_vbat/libdrivers__sensor__st__stm32_vbat.a(stm32_vbat.c.obj)
 .text.stm32_vbat_init
                0x000000000800e618       0x94 zephyr/drivers/sensor/st/stm32_vbat/libdrivers__sensor__st__stm32_vbat.a(stm32_vbat.c.obj)
 .text.stm32_vref_channel_get.part.0
                0x000000000800e6ac       0x1c zephyr/drivers/sensor/st/stm32_vref/libdrivers__sensor__st__stm32_vref.a(stm32_vref.c.obj)
 .text.stm32_vref_sample_fetch
                0x000000000800e6c8       0x90 zephyr/drivers/sensor/st/stm32_vref/libdrivers__sensor__st__stm32_vref.a(stm32_vref.c.obj)
 .text.stm32_vref_init
                0x000000000800e758       0x80 zephyr/drivers/sensor/st/stm32_vref/libdrivers__sensor__st__stm32_vref.a(stm32_vref.c.obj)
 .text.uart_stm32_cfg2ll_stopbits
                0x000000000800e7d8       0x38 zephyr/drivers/serial/libdrivers__serial.a(uart_stm32.c.obj)
 .text.uart_stm32_irq_err_disable
                0x000000000800e810       0x48 zephyr/drivers/serial/libdrivers__serial.a(uart_stm32.c.obj)
 .text.uart_stm32_async_rx_enable
                0x000000000800e858      0x1a8 zephyr/drivers/serial/libdrivers__serial.a(uart_stm32.c.obj)
 .text.uart_stm32_irq_err_enable
                0x000000000800ea00       0x48 zephyr/drivers/serial/libdrivers__serial.a(uart_stm32.c.obj)
 .text.uart_stm32_async_tx
                0x000000000800ea48       0xf0 zephyr/drivers/serial/libdrivers__serial.a(uart_stm32.c.obj)
 .text.lpuartdiv_calc
                0x000000000800eb38       0x30 zephyr/drivers/serial/libdrivers__serial.a(uart_stm32.c.obj)
                0x000000000800eb38                lpuartdiv_calc
 .text.uart_stm32_set_baudrate
                0x000000000800eb68      0x1a0 zephyr/drivers/serial/libdrivers__serial.a(uart_stm32.c.obj)
 .text.uart_stm32_configure
                0x000000000800ed08       0xe8 zephyr/drivers/serial/libdrivers__serial.a(uart_stm32.c.obj)
 .text.uart_stm32_init
                0x000000000800edf0      0x338 zephyr/drivers/serial/libdrivers__serial.a(uart_stm32.c.obj)
 .text.spi_stm32_init.part.0
                0x000000000800f128       0x1c zephyr/drivers/spi/libdrivers__spi.a(spi_stm32.c.obj)
 .text.spi_stm32_init
                0x000000000800f144       0x7c zephyr/drivers/spi/libdrivers__spi.a(spi_stm32.c.obj)
 .text.spi_stm32_transceive
                0x000000000800f1c0      0x57c zephyr/drivers/spi/libdrivers__spi.a(spi_stm32.c.obj)
 .text.elapsed  0x000000000800f73c       0x4c zephyr/drivers/timer/libdrivers__timer.a(cortex_m_systick.c.obj)
 .text.sys_clock_driver_init
                0x000000000800f788       0x38 zephyr/drivers/timer/libdrivers__timer.a(cortex_m_systick.c.obj)
 .text.sys_clock_isr
                0x000000000800f7c0       0x50 zephyr/drivers/timer/libdrivers__timer.a(cortex_m_systick.c.obj)
                0x000000000800f7c0                sys_clock_isr
 .text.sys_clock_set_timeout
                0x000000000800f810      0x150 zephyr/drivers/timer/libdrivers__timer.a(cortex_m_systick.c.obj)
                0x000000000800f810                sys_clock_set_timeout
 .text.sys_clock_elapsed
                0x000000000800f960       0xa4 zephyr/drivers/timer/libdrivers__timer.a(cortex_m_systick.c.obj)
                0x000000000800f960                sys_clock_elapsed
 .text.sys_clock_cycle_get_32
                0x000000000800fa04       0x94 zephyr/drivers/timer/libdrivers__timer.a(cortex_m_systick.c.obj)
                0x000000000800fa04                sys_clock_cycle_get_32
 .text.HAL_RCC_GetSysClockFreq
                0x000000000800fa98       0xdc modules/hal_stm32/stm32cube/lib..__modules__hal__stm32__stm32cube.a(stm32wlxx_hal_rcc.c.obj)
                0x000000000800fa98                HAL_RCC_GetSysClockFreq
 .text.LL_DMA_Init
                0x000000000800fb74       0x74 modules/hal_stm32/stm32cube/lib..__modules__hal__stm32__stm32cube.a(stm32wlxx_ll_dma.c.obj)
                0x000000000800fb74                LL_DMA_Init
 .text.LL_SetFlashLatency
                0x000000000800fbe8       0xa4 modules/hal_stm32/stm32cube/lib..__modules__hal__stm32__stm32cube.a(stm32wlxx_ll_utils.c.obj)
                0x000000000800fbe8                LL_SetFlashLatency
 .text.do_device_init
                0x000000000800fc8c       0x60 zephyr/kernel/libkernel.a(device.c.obj)
                0x000000000800fc8c                do_device_init
 .text.k_sys_fatal_error_handler
                0x000000000800fcec       0x20 zephyr/kernel/libkernel.a(fatal.c.obj)
                0x000000000800fcec                k_sys_fatal_error_handler
 .text.z_fatal_error
                0x000000000800fd0c      0x114 zephyr/kernel/libkernel.a(fatal.c.obj)
                0x000000000800fd0c                z_fatal_error
 .text.z_sys_init_run_level
                0x000000000800fe20       0x30 zephyr/kernel/libkernel.a(init.c.obj)
 .text.bg_thread_main
                0x000000000800fe50      0x108 zephyr/kernel/libkernel.a(init.c.obj)
 .text.z_init_cpu
                0x000000000800ff58       0x78 zephyr/kernel/libkernel.a(init.c.obj)
                0x000000000800ff58                z_init_cpu
 .text.z_cstart
                0x000000000800ffd0      0x110 zephyr/kernel/libkernel.a(init.c.obj)
                0x000000000800ffd0                z_cstart
 .text.idle     0x00000000080100e0       0x48 zephyr/kernel/libkernel.a(idle.c.obj)
                0x00000000080100e0                idle
 .text.z_impl_k_mutex_lock
                0x0000000008010128      0x1a0 zephyr/kernel/libkernel.a(mutex.c.obj)
                0x0000000008010128                z_impl_k_mutex_lock
 .text.z_impl_k_mutex_unlock
                0x00000000080102c8      0x1a0 zephyr/kernel/libkernel.a(mutex.c.obj)
                0x00000000080102c8                z_impl_k_mutex_unlock
 .text.unpend_thread_no_timeout
                0x0000000008010468       0x40 zephyr/kernel/libkernel.a(sem.c.obj)
 .text.z_impl_k_sem_give
                0x00000000080104a8      0x108 zephyr/kernel/libkernel.a(sem.c.obj)
                0x00000000080104a8                z_impl_k_sem_give
 .text.z_impl_k_sem_take
                0x00000000080105b0       0xf4 zephyr/kernel/libkernel.a(sem.c.obj)
                0x00000000080105b0                z_impl_k_sem_take
 .text.work_queue_main
                0x00000000080106a4      0x208 zephyr/kernel/libkernel.a(work.c.obj)
 .text.submit_to_queue_locked
                0x00000000080108ac       0xdc zephyr/kernel/libkernel.a(work.c.obj)
 .text.work_timeout
                0x0000000008010988       0xa8 zephyr/kernel/libkernel.a(work.c.obj)
 .text.k_work_init
                0x0000000008010a30       0x4c zephyr/kernel/libkernel.a(work.c.obj)
                0x0000000008010a30                k_work_init
 .text.z_work_submit_to_queue
                0x0000000008010a7c       0xd4 zephyr/kernel/libkernel.a(work.c.obj)
                0x0000000008010a7c                z_work_submit_to_queue
 .text.k_work_submit
                0x0000000008010b50        0xc zephyr/kernel/libkernel.a(work.c.obj)
                0x0000000008010b50                k_work_submit
 .text.k_work_queue_start
                0x0000000008010b5c       0xe0 zephyr/kernel/libkernel.a(work.c.obj)
                0x0000000008010b5c                k_work_queue_start
 .text.k_work_init_delayable
                0x0000000008010c3c       0x58 zephyr/kernel/libkernel.a(work.c.obj)
                0x0000000008010c3c                k_work_init_delayable
 .text.k_work_reschedule_for_queue
                0x0000000008010c94      0x104 zephyr/kernel/libkernel.a(work.c.obj)
                0x0000000008010c94                k_work_reschedule_for_queue
 .text.k_work_reschedule
                0x0000000008010d98        0xc zephyr/kernel/libkernel.a(work.c.obj)
                0x0000000008010d98                k_work_reschedule
 .text.k_work_cancel_delayable
                0x0000000008010da4       0xb8 zephyr/kernel/libkernel.a(work.c.obj)
                0x0000000008010da4                k_work_cancel_delayable
 .text.z_impl_k_thread_name_set
                0x0000000008010e5c       0x20 zephyr/kernel/libkernel.a(thread.c.obj)
                0x0000000008010e5c                z_impl_k_thread_name_set
 .text.z_setup_new_thread
                0x0000000008010e7c      0x104 zephyr/kernel/libkernel.a(thread.c.obj)
                0x0000000008010e7c                z_setup_new_thread
 .text.z_impl_k_thread_create
                0x0000000008010f80       0x8c zephyr/kernel/libkernel.a(thread.c.obj)
                0x0000000008010f80                z_impl_k_thread_create
 .text.z_dummy_thread_init
                0x000000000801100c       0x1c zephyr/kernel/libkernel.a(thread.c.obj)
                0x000000000801100c                z_dummy_thread_init
 .text.ready_thread
                0x0000000008011028       0xec zephyr/kernel/libkernel.a(sched.c.obj)
 .text.unready_thread
                0x0000000008011114       0xbc zephyr/kernel/libkernel.a(sched.c.obj)
 .text.unpend_thread_no_timeout
                0x00000000080111d0       0x38 zephyr/kernel/libkernel.a(sched.c.obj)
 .text.z_swap_irqlock
                0x0000000008011208       0x6c zephyr/kernel/libkernel.a(sched.c.obj)
 .text.move_current_to_end_of_prio_q
                0x0000000008011274       0x70 zephyr/kernel/libkernel.a(sched.c.obj)
                0x0000000008011274                move_current_to_end_of_prio_q
 .text.z_ready_thread
                0x00000000080112e4       0x8c zephyr/kernel/libkernel.a(sched.c.obj)
                0x00000000080112e4                z_ready_thread
 .text.z_unpend_thread_no_timeout
                0x0000000008011370       0x90 zephyr/kernel/libkernel.a(sched.c.obj)
                0x0000000008011370                z_unpend_thread_no_timeout
 .text.z_sched_wake_thread
                0x0000000008011400       0xa8 zephyr/kernel/libkernel.a(sched.c.obj)
                0x0000000008011400                z_sched_wake_thread
 .text.z_pend_curr
                0x00000000080114a8      0x10c zephyr/kernel/libkernel.a(sched.c.obj)
                0x00000000080114a8                z_pend_curr
 .text.z_unpend1_no_timeout
                0x00000000080115b4       0x9c zephyr/kernel/libkernel.a(sched.c.obj)
                0x00000000080115b4                z_unpend1_no_timeout
 .text.z_thread_prio_set
                0x0000000008011650      0x1d8 zephyr/kernel/libkernel.a(sched.c.obj)
                0x0000000008011650                z_thread_prio_set
 .text.z_reschedule
                0x0000000008011828       0x8c zephyr/kernel/libkernel.a(sched.c.obj)
                0x0000000008011828                z_reschedule
 .text.z_reschedule_irqlock
                0x00000000080118b4       0x28 zephyr/kernel/libkernel.a(sched.c.obj)
                0x00000000080118b4                z_reschedule_irqlock
 .text.k_sched_lock
                0x00000000080118dc       0xe4 zephyr/kernel/libkernel.a(sched.c.obj)
                0x00000000080118dc                k_sched_lock
 .text.k_sched_unlock
                0x00000000080119c0      0x120 zephyr/kernel/libkernel.a(sched.c.obj)
                0x00000000080119c0                k_sched_unlock
 .text.z_sched_init
                0x0000000008011ae0       0x10 zephyr/kernel/libkernel.a(sched.c.obj)
                0x0000000008011ae0                z_sched_init
 .text.z_impl_k_yield
                0x0000000008011af0      0x120 zephyr/kernel/libkernel.a(sched.c.obj)
                0x0000000008011af0                z_impl_k_yield
 .text.z_tick_sleep
                0x0000000008011c10      0x114 zephyr/kernel/libkernel.a(sched.c.obj)
 .text.z_impl_k_sleep
                0x0000000008011d24       0x74 zephyr/kernel/libkernel.a(sched.c.obj)